[INFO] [launch]: All log files can be found below /home/student24/.ros/log/2026-08-16-18-45-56-719189-barn-vm-125204
[INFO] [launch]: Default logging verbosity is set to INFO
[INFO] [launch.user]: >>>>>>>>> LiDAR fault injector enabled: start=5s duration=20s persistent=false mode=dropout width=90deg dropout_period=1.0s dropout_duty=0.5
[INFO] [launch.user]: >>>>>>>>> Recovery enabled: mode=closed_loop_selector linear_scale=0.35 angular_scale=0.50 rotation_deg=60 active_timeout=1.0s
[INFO] [laser_scan_fault_injector.py-4]: process started with pid [125211]
[INFO] [scan_fault_policy_selector.py-5]: process started with pid [125212]
[INFO] [dropout_scan_recovery_filter.py-6]: process started with pid [125213]
[INFO] [masking_nav2_recovery_supervisor.py-7]: process started with pid [125214]
[INFO] [gazebo-1]: process started with pid [125207]
[INFO] [parameter_bridge-2]: process started with pid [125208]
[INFO] [generate_description-3]: process started with pid [125210]
[generate_description-3] Generated /home/student24/dissertation/barn_ros2/src/The-Barn-Challenge-Ros2/experiment_setups/tuned_clean/robot.urdf.xacro
[INFO] [generate_description-3]: process has finished cleanly [pid 125210]
[INFO] [generate_semantic_description-8]: process started with pid [125241]
[scan_fault_policy_selector.py-5] [0m[INFO] [scan_fault_policy_selector]: Stage2B scan fault policy selector ready: scan_topic=/front/scan_faulted, fault_active_topic=/fault/scan_active, observation_window_s=2.00, absolute_range_max_ratio_threshold=0.55, absolute_span_ratio_threshold=0.55, output_type_topic=/fault/type_estimated, dropout_enable_topic=/recovery/dropout_filter_enable, masking_enable_topic=/recovery/masking_monitor_enable[0m
[laser_scan_fault_injector.py-4] [0m[INFO] [laser_scan_fault_injector]: Laser scan fault injector ready: /front/scan -> /front/scan_faulted, start=5.0s, duration=20.0s, mode=dropout, center=0.0deg, width=90.0deg, replacement=range_max, dropout_period_s=1.00, dropout_duty_cycle=0.50, fault_active_topic=/fault/scan_active[0m
[dropout_scan_recovery_filter.py-6] [0m[INFO] [dropout_scan_recovery_filter]: Dropout scan recovery filter ready: /front/scan_faulted -> /front/scan_recovered, fault_active_topic=/fault/scan_active, enable_topic=/recovery/dropout_filter_enable, require_enable=True, center=0.0deg, width=90.0deg, range_max_ratio_threshold=0.55, near_range_max_fraction=0.98[0m
[generate_semantic_description-8] [INFO] [moveit_collision_updater.urdf]: Loaded j100-0000 robot model.
[masking_nav2_recovery_supervisor.py-7] [0m[INFO] [masking_nav2_recovery_supervisor]: Masking Nav2 recovery supervisor ready: fault_active_topic=/fault/scan_active, enable_topic=/recovery/masking_monitor_enable, require_enable=True, odom_topic=/platform/odom/filtered, navigate_action=/navigate_to_pose, spin_action=/spin, trigger_policy=progress_stall, spin_angle_deg=60.0, goal=(10.00, 0.00) in odom[0m
[generate_semantic_description-8] [INFO] [moveit_806072163.moveit.core.robot_model]: Loading robot model 'j100-0000'...
[generate_semantic_description-8] [INFO] [moveit_806072163.moveit.core.robot_model]: No root/virtual joint specified in SRDF. Assuming fixed joint
[generate_semantic_description-8] [WARN] [moveit_806072163.moveit.core.robot_model]: Link lidar2d_0_link has visual geometry but no collision geometry. Collision geometry will be left empty. Fix your URDF file by explicitly specifying collision geometry.
[generate_semantic_description-8] [WARN] [moveit_806072163.moveit.core.robot_model]: Link lidar3d_0_laser has visual geometry but no collision geometry. Collision geometry will be left empty. Fix your URDF file by explicitly specifying collision geometry.
[generate_semantic_description-8] [WARN] [moveit_806072163.moveit.core.robot_model]: Link lidar2d_1_link has visual geometry but no collision geometry. Collision geometry will be left empty. Fix your URDF file by explicitly specifying collision geometry.
[generate_semantic_description-8] [WARN] [moveit_806072163.moveit.core.robot_model]: Link gps_0_link has visual geometry but no collision geometry. Collision geometry will be left empty. Fix your URDF file by explicitly specifying collision geometry.
[generate_semantic_description-8] [WARN] [moveit_806072163.moveit.core.robot_model]: Link front_fender_link has visual geometry but no collision geometry. Collision geometry will be left empty. Fix your URDF file by explicitly specifying collision geometry.
[generate_semantic_description-8] [WARN] [moveit_806072163.moveit.core.robot_model]: Link rear_fender_link has visual geometry but no collision geometry. Collision geometry will be left empty. Fix your URDF file by explicitly specifying collision geometry.
[generate_semantic_description-8] [INFO] [moveit_collision_updater.srdf]: Robot semantic model successfully loaded.
[generate_semantic_description-8] [INFO] [moveit_collision_updater.Self-Collisions]: Thread complete 36
[generate_semantic_description-8] Warning: class_loader.ClassLoader: SEVERE WARNING!!! Attempting to unload library while objects created by this loader exist in the heap! You should delete your objects before attempting to unload the library or destroying the ClassLoader. The library will NOT be unloaded.
[generate_semantic_description-8]          at line 127 in ./src/class_loader.cpp
[generate_semantic_description-8] Generated /home/student24/dissertation/barn_ros2/src/The-Barn-Challenge-Ros2/experiment_setups/tuned_clean/robot.srdf.xacro
[INFO] [generate_semantic_description-8]: process has finished cleanly [pid 125241]
[INFO] [generate_launch-9]: process started with pid [125329]
[generate_launch-9] Generated launch file: /home/student24/dissertation/barn_ros2/src/The-Barn-Challenge-Ros2/experiment_setups/tuned_clean/manipulators/launch/manipulators-service.launch.py
[generate_launch-9] Generated launch file: /home/student24/dissertation/barn_ros2/src/The-Barn-Challenge-Ros2/experiment_setups/tuned_clean/sensors/launch/lidar2d_0.launch.py
[generate_launch-9] Generated launch file: /home/student24/dissertation/barn_ros2/src/The-Barn-Challenge-Ros2/experiment_setups/tuned_clean/sensors/launch/lidar2d_1.launch.py
[generate_launch-9] Generated launch file: /home/student24/dissertation/barn_ros2/src/The-Barn-Challenge-Ros2/experiment_setups/tuned_clean/sensors/launch/lidar3d_0.launch.py
[generate_launch-9] Generated launch file: /home/student24/dissertation/barn_ros2/src/The-Barn-Challenge-Ros2/experiment_setups/tuned_clean/sensors/launch/sensors-service.launch.py
[generate_launch-9] Generated launch file: /home/student24/dissertation/barn_ros2/src/The-Barn-Challenge-Ros2/experiment_setups/tuned_clean/platform/launch/platform-service.launch.py
[INFO] [generate_launch-9]: process has finished cleanly [pid 125329]
[INFO] [generate_param-10]: process started with pid [125330]
[generate_param-10] Generated config: /home/student24/dissertation/barn_ros2/src/The-Barn-Challenge-Ros2/experiment_setups/tuned_clean/sensors/config/lidar2d_0.yaml
[generate_param-10] Generated config: /home/student24/dissertation/barn_ros2/src/The-Barn-Challenge-Ros2/experiment_setups/tuned_clean/sensors/config/lidar2d_1.yaml
[generate_param-10] Generated config: /home/student24/dissertation/barn_ros2/src/The-Barn-Challenge-Ros2/experiment_setups/tuned_clean/sensors/config/lidar3d_0.yaml
[generate_param-10] Generated config: /home/student24/dissertation/barn_ros2/src/The-Barn-Challenge-Ros2/experiment_setups/tuned_clean/platform/config/control.yaml
[generate_param-10] Generated config: /home/student24/dissertation/barn_ros2/src/The-Barn-Challenge-Ros2/experiment_setups/tuned_clean/platform/config/diagnostic_aggregator.yaml
[generate_param-10] Generated config: /home/student24/dissertation/barn_ros2/src/The-Barn-Challenge-Ros2/experiment_setups/tuned_clean/platform/config/diagnostic_updater.yaml
[generate_param-10] Generated config: /home/student24/dissertation/barn_ros2/src/The-Barn-Challenge-Ros2/experiment_setups/tuned_clean/platform/config/foxglove_bridge.yaml
[generate_param-10] Generated config: /home/student24/dissertation/barn_ros2/src/The-Barn-Challenge-Ros2/experiment_setups/tuned_clean/platform/config/imu_filter.yaml
[generate_param-10] Generated config: /home/student24/dissertation/barn_ros2/src/The-Barn-Challenge-Ros2/experiment_setups/tuned_clean/platform/config/localization.yaml
[generate_param-10] Generated config: /home/student24/dissertation/barn_ros2/src/The-Barn-Challenge-Ros2/experiment_setups/tuned_clean/platform/config/teleop_interactive_markers.yaml
[generate_param-10] Generated config: /home/student24/dissertation/barn_ros2/src/The-Barn-Challenge-Ros2/experiment_setups/tuned_clean/platform/config/teleop_joy.yaml
[generate_param-10] Generated config: /home/student24/dissertation/barn_ros2/src/The-Barn-Challenge-Ros2/experiment_setups/tuned_clean/platform/config/twist_mux.yaml
[generate_param-10] Generated config: /home/student24/dissertation/barn_ros2/src/The-Barn-Challenge-Ros2/experiment_setups/tuned_clean/sensors/config/imu_0.yaml
[generate_param-10] Generated config: /home/student24/dissertation/barn_ros2/src/The-Barn-Challenge-Ros2/experiment_setups/tuned_clean/sensors/config/gps_0.yaml
[generate_param-10] Generated config: /home/student24/dissertation/barn_ros2/src/The-Barn-Challenge-Ros2/experiment_setups/tuned_clean/manipulators/config/moveit.yaml
[INFO] [generate_param-10]: process has finished cleanly [pid 125330]
[INFO] [robot_state_publisher-11]: process started with pid [125332]
[INFO] [spawner-12]: process started with pid [125333]
[INFO] [spawner-13]: process started with pid [125334]
[INFO] [ekf_node-14]: process started with pid [125335]
[INFO] [marker_server-15]: process started with pid [125336]
[INFO] [twist_mux-16]: process started with pid [125339]
[INFO] [joy_linux_node-17]: process started with pid [125340]
[INFO] [teleop_node-18]: process started with pid [125341]
[INFO] [parameter_bridge-19]: process started with pid [125344]
[INFO] [parameter_bridge-20]: process started with pid [125345]
[INFO] [parameter_bridge-21]: process started with pid [125346]
[INFO] [imu_filter_madgwick_node-22]: process started with pid [125351]
[INFO] [parameter_bridge-23]: process started with pid [125352]
[INFO] [parameter_bridge-24]: process started with pid [125355]
[INFO] [static_transform_publisher-25]: process started with pid [125356]
[INFO] [parameter_bridge-26]: process started with pid [125357]
[INFO] [static_transform_publisher-27]: process started with pid [125365]
[INFO] [parameter_bridge-28]: process started with pid [125369]
[INFO] [static_transform_publisher-29]: process started with pid [125370]
[INFO] [create-30]: process started with pid [125383]
[twist_mux-16] [INFO] [twist_mux]: Topic handler 'topics.external' subscribed to topic 'cmd_vel': timeout = 0.500000s , priority = 1.
[twist_mux-16] [INFO] [twist_mux]: Topic handler 'topics.interactive_marker' subscribed to topic 'twist_marker_server/cmd_vel': timeout = 0.500000s , priority = 8.
[twist_mux-16] [INFO] [twist_mux]: Topic handler 'topics.joy' subscribed to topic 'joy_teleop/cmd_vel': timeout = 0.500000s , priority = 10.
[twist_mux-16] [INFO] [twist_mux]: Topic handler 'topics.rc' subscribed to topic 'rc_teleop/cmd_vel': timeout = 0.500000s , priority = 12.
[twist_mux-16] [INFO] [twist_mux]: Topic handler 'locks.e_stop' subscribed to topic 'platform/emergency_stop': timeout = None , priority = 255.
[twist_mux-16] [INFO] [twist_mux]: Topic handler 'locks.safety_stop' subscribed to topic 'platform/safety_stop': timeout = None , priority = 254.
[robot_state_publisher-11] [INFO] [robot_state_publisher]: Robot initialized
[marker_server-15] [INFO] [twist_server_node]: [interactive_marker_twist_server] Initialized.
[static_transform_publisher-27] [INFO] [lidar2d_1_static_tf]: Spinning until stopped - publishing transform
[static_transform_publisher-27] translation: ('0.000000', '0.000000', '0.000000')
[static_transform_publisher-27] rotation: ('0.000000', '0.000000', '0.000000', '1.000000')
[static_transform_publisher-27] from 'lidar2d_1_link' to 'robot/base_link/lidar2d_1'
[parameter_bridge-19] [INFO] [cmd_vel_bridge]: Creating GZ->ROS Bridge: [/cmd_vel (gz.msgs.Twist) -> /cmd_vel (geometry_msgs/msg/TwistStamped)] (Lazy 0)
[imu_filter_madgwick_node-22] [INFO] [imu_filter_node]: Starting ImuFilter
[static_transform_publisher-29] [INFO] [lidar3d_0_static_tf]: Spinning until stopped - publishing transform
[static_transform_publisher-29] translation: ('0.000000', '0.000000', '0.000000')
[static_transform_publisher-29] rotation: ('0.000000', '0.000000', '0.000000', '1.000000')
[static_transform_publisher-29] from 'lidar3d_0_link' to 'robot/base_link/lidar3d_0'
[imu_filter_madgwick_node-22] [INFO] [imu_filter_node]: Using dt computed from message headers
[imu_filter_madgwick_node-22] [INFO] [imu_filter_node]: The gravity vector is kept in the IMU message.
[imu_filter_madgwick_node-22] [INFO] [imu_filter_node]: Imu filter gain set to 0.100000
[imu_filter_madgwick_node-22] [INFO] [imu_filter_node]: Gyro drift bias set to 0.000000
[imu_filter_madgwick_node-22] [INFO] [imu_filter_node]: Magnetometer bias values: 0.000000 0.000000 0.000000
[static_transform_publisher-25] [INFO] [lidar2d_0_static_tf]: Spinning until stopped - publishing transform
[static_transform_publisher-25] translation: ('0.000000', '0.000000', '0.000000')
[static_transform_publisher-25] rotation: ('0.000000', '0.000000', '0.000000', '1.000000')
[static_transform_publisher-25] from 'lidar2d_0_link' to 'robot/base_link/lidar2d_0'
[parameter_bridge-19] [INFO] [cmd_vel_bridge]: Creating ROS->GZ Bridge: [/model/robot/cmd_vel (geometry_msgs/msg/TwistStamped) -> /model/robot/cmd_vel (gz.msgs.Twist)] (Lazy 0)
[parameter_bridge-20] [INFO] [odom_base_tf_bridge]: Creating GZ->ROS Bridge: [/model/robot/tf (gz.msgs.Pose_V) -> /model/robot/tf (tf2_msgs/msg/TFMessage)] (Lazy 0)
[joy_linux_node-17] [ERROR] [joy_node]: Couldn't open joystick /dev/input/ps4. Will retry every second.
[create-30] [INFO] [ros_gz_sim]: Requesting list of world names.
[teleop_node-18] [INFO] [TeleopTwistJoy]: Teleop enable button 4.
[teleop_node-18] [INFO] [TeleopTwistJoy]: Turbo on button 5.
[teleop_node-18] [INFO] [TeleopTwistJoy]: Linear axis x on 1 at scale 0.400000.
[teleop_node-18] [INFO] [TeleopTwistJoy]: Turbo for linear axis x is scale 2.000000.
[teleop_node-18] [INFO] [TeleopTwistJoy]: Linear axis y on 3 at scale 0.000000.
[teleop_node-18] [INFO] [TeleopTwistJoy]: Turbo for linear axis y is scale 0.000000.
[teleop_node-18] [INFO] [TeleopTwistJoy]: Angular axis yaw on 0 at scale 0.600000.
[teleop_node-18] [INFO] [TeleopTwistJoy]: Turbo for angular axis yaw is scale 1.400000.
[spawner-13] [INFO] [spawner_platform_velocity_controller]: waiting for service /controller_manager/list_controllers to become available...
[create-30] [INFO] [ros_gz_sim]: Waiting messages on topic [robot_description].
[create-30] [INFO] [ros_gz_sim]: Entity creation successful.
[parameter_bridge-23] [INFO] [gps_0_gz_bridge]: Creating GZ->ROS Bridge: [/sensors/gps_0/navsat (gz.msgs.NavSat) -> sensors/gps_0/fix (sensor_msgs/msg/NavSatFix)] (Lazy 0)
[INFO] [create-30]: process has finished cleanly [pid 125383]
[gazebo-1] [INFO] [gz_ros_control]: Loading controller_manager
[gazebo-1] [INFO] [controller_manager]: Using ROS clock for triggering controller manager cycles.
[gazebo-1] [INFO] [controller_manager]: Subscribing to '/robot_description' topic for robot description.
[gazebo-1] [WARN] [gz_ros_control]: Waiting RM to load and initialize hardware...
[parameter_bridge-28] [INFO] [sensors.lidar3d_0_gz_bridge]: Creating GZ->ROS Bridge: [/sensors/lidar3d_0/scan (gz.msgs.LaserScan) -> lidar3d_0/scan (sensor_msgs/msg/LaserScan)] (Lazy 0)
[parameter_bridge-28] [INFO] [sensors.lidar3d_0_gz_bridge]: Creating GZ->ROS Bridge: [/sensors/lidar3d_0/scan/points (gz.msgs.PointCloudPacked) -> lidar3d_0/points (sensor_msgs/msg/PointCloud2)] (Lazy 0)
[parameter_bridge-21] [INFO] [imu_0_gz_bridge]: Creating GZ->ROS Bridge: [/sensors/imu_0/data (gz.msgs.IMU) -> sensors/imu_0/data (sensor_msgs/msg/Imu)] (Lazy 0)
[parameter_bridge-21] [INFO] [imu_0_gz_bridge]: Creating GZ->ROS Bridge: [/sensors/imu_0/data_raw (gz.msgs.IMU) -> sensors/imu_0/data_raw (sensor_msgs/msg/Imu)] (Lazy 0)
[parameter_bridge-24] [INFO] [sensors.lidar2d_0_gz_bridge]: Creating GZ->ROS Bridge: [/sensors/lidar2d_0/scan (gz.msgs.LaserScan) -> lidar2d_0/scan (sensor_msgs/msg/LaserScan)] (Lazy 0)
[parameter_bridge-26] [INFO] [sensors.lidar2d_1_gz_bridge]: Creating GZ->ROS Bridge: [/sensors/lidar2d_1/scan (gz.msgs.LaserScan) -> lidar2d_1/scan (sensor_msgs/msg/LaserScan)] (Lazy 0)
[gazebo-1] [INFO] [controller_manager]: Received robot description from topic.
[gazebo-1] [INFO] [controller_manager]: Enforcing command limits is disabled. Command limits from URDF will be ignored.
[gazebo-1] [INFO] [gz_ros_control]: The position_proportional_gain has been set to: 0.1
[gazebo-1] [INFO] [gz_ros_control]: Loading joint: front_left_wheel_joint
[gazebo-1] [INFO] [gz_ros_control]: 	State:
[gazebo-1] [INFO] [gz_ros_control]: 		 position
[gazebo-1] [INFO] [gz_ros_control]: 		 velocity
[gazebo-1] [INFO] [gz_ros_control]: 	Command:
[gazebo-1] [INFO] [gz_ros_control]: 		 velocity
[gazebo-1] [INFO] [gz_ros_control]: Loading joint: front_right_wheel_joint
[gazebo-1] [INFO] [gz_ros_control]: 	State:
[gazebo-1] [INFO] [gz_ros_control]: 		 position
[gazebo-1] [INFO] [gz_ros_control]: 		 velocity
[gazebo-1] [INFO] [gz_ros_control]: 	Command:
[gazebo-1] [INFO] [gz_ros_control]: 		 velocity
[gazebo-1] [INFO] [gz_ros_control]: Loading joint: rear_left_wheel_joint
[gazebo-1] [INFO] [gz_ros_control]: 	State:
[gazebo-1] [INFO] [gz_ros_control]: 		 position
[gazebo-1] [INFO] [gz_ros_control]: 		 velocity
[gazebo-1] [INFO] [gz_ros_control]: 	Command:
[gazebo-1] [INFO] [gz_ros_control]: 		 velocity
[gazebo-1] [INFO] [gz_ros_control]: Loading joint: rear_right_wheel_joint
[gazebo-1] [INFO] [gz_ros_control]: 	State:
[gazebo-1] [INFO] [gz_ros_control]: 		 position
[gazebo-1] [INFO] [gz_ros_control]: 		 velocity
[gazebo-1] [INFO] [gz_ros_control]: 	Command:
[gazebo-1] [INFO] [gz_ros_control]: 		 velocity
[gazebo-1] [INFO] [gz_ros_control]: Loading sensor: imu_0
[gazebo-1] [INFO] [gz_ros_control]: 	State:
[gazebo-1] [WARN] [gz_ros_control]: IMU sensor 'imu_0' not found in hardware_info, skipping.
[gazebo-1] [INFO] [controller_manager]: Initialize hardware 'j100_hardware' 
[gazebo-1] [WARN] [controller_manager.hardware_component.system.j100_hardware]: Executor is not available during hardware component initialization for 'j100_hardware'. Skipping node creation!
[gazebo-1] [INFO] [controller_manager]: Successful initialization of hardware 'j100_hardware'
[gazebo-1] [INFO] [controller_manager]: Activating component 'j100_hardware'.
[gazebo-1] [INFO] [resource_manager]: 'configure' hardware 'j100_hardware' 
[gazebo-1] [INFO] [gz_ros_control]: System Successfully configured!
[gazebo-1] [INFO] [resource_manager]: Successful 'configure' of hardware 'j100_hardware'
[gazebo-1] [INFO] [resource_manager]: 'activate' hardware 'j100_hardware' 
[gazebo-1] [INFO] [resource_manager]: Successful 'activate' of hardware 'j100_hardware'
[gazebo-1] [WARN] [controller_manager]: Component 'j100_hardware' does not have read or write statistics initialized, skipping registration.
[gazebo-1] [INFO] [controller_manager]: Resource Manager has been successfully initialized. Starting Controller Manager services...
[gazebo-1] [INFO] [controller_manager]: Loading controller : 'platform_velocity_controller' of type 'diff_drive_controller/DiffDriveController'
[gazebo-1] [INFO] [controller_manager]: Loading controller 'platform_velocity_controller'
[gazebo-1] [WARN] [controller_manager]: The use of remapping arguments to the controller_manager node is deprecated. Please use the '--controller-ros-args' argument of the spawner to pass remapping arguments to the controller node.
[gazebo-1] [INFO] [controller_manager]: Controller 'platform_velocity_controller' node arguments: --ros-args --params-file /home/student24/dissertation/barn_ros2/src/The-Barn-Challenge-Ros2/experiment_setups/tuned_clean/platform/config/control.yaml --ros-args --remap ~/odom:=platform/odom --remap ~/cmd_vel:=platform/cmd_vel --remap /tf:=tf --remap /tf_static:=tf_static --remap /diagnostics:=diagnostics --remap /dynamic_joint_states:=platform/dynamic_joint_states --remap joint_states:=platform/joint_states --remap ~/reference:=platform/cmd_vel --remap ~/odometry:=platform/odom -p use_sim_time:=true --param use_sim_time:=true 
[spawner-13] [INFO] [spawner_platform_velocity_controller]: Loaded platform_velocity_controller
[gazebo-1] [INFO] [controller_manager]: Configuring controller: 'platform_velocity_controller'
[gazebo-1] [INFO] [controller_manager]: Activating controllers: [ platform_velocity_controller ]
[gazebo-1] [WARN] [gz_ros_control]:  Desired controller update period (0.02 s) is slower than the gazebo simulation period (0.001 s).
[gazebo-1] [INFO] [controller_manager]: Successfully switched controllers!
[imu_filter_madgwick_node-22] [WARN] [imu_filter_node]: The IMU seems to be in free fall, cannot determine gravity direction!
[gazebo-1] libEGL warning: egl: failed to create dri2 screen
[gazebo-1] libEGL warning: egl: failed to create dri2 screen
[gazebo-1] libEGL warning: NEEDS EXTENSION: falling back to kms_swrast
[imu_filter_madgwick_node-22] [WARN] [imu_filter_node]: The IMU seems to be in free fall, cannot determine gravity direction!
[spawner-13] [INFO] [spawner_platform_velocity_controller]: Configured and activated platform_velocity_controller
[INFO] [spawner-13]: process has finished cleanly [pid 125334]
[imu_filter_madgwick_node-22] [WARN] [imu_filter_node]: The IMU seems to be in free fall, cannot determine gravity direction!
[spawner-12] [INFO] [spawner_joint_state_broadcaster]: waiting for service /controller_manager/list_controllers to become available...
[imu_filter_madgwick_node-22] [WARN] [imu_filter_node]: The IMU seems to be in free fall, cannot determine gravity direction!
[imu_filter_madgwick_node-22] [WARN] [imu_filter_node]: The IMU seems to be in free fall, cannot determine gravity direction!
[imu_filter_madgwick_node-22] [WARN] [imu_filter_node]: The IMU seems to be in free fall, cannot determine gravity direction!
[imu_filter_madgwick_node-22] [WARN] [imu_filter_node]: The IMU seems to be in free fall, cannot determine gravity direction!
[gazebo-1] [INFO] [controller_manager]: Loading controller : 'joint_state_broadcaster' of type 'joint_state_broadcaster/JointStateBroadcaster'
[gazebo-1] [INFO] [controller_manager]: Loading controller 'joint_state_broadcaster'
[gazebo-1] [WARN] [controller_manager]: The use of remapping arguments to the controller_manager node is deprecated. Please use the '--controller-ros-args' argument of the spawner to pass remapping arguments to the controller node.
[gazebo-1] [INFO] [controller_manager]: Controller 'joint_state_broadcaster' node arguments: --ros-args --params-file /home/student24/dissertation/barn_ros2/src/The-Barn-Challenge-Ros2/experiment_setups/tuned_clean/platform/config/control.yaml --ros-args --remap ~/odom:=platform/odom --remap ~/cmd_vel:=platform/cmd_vel --remap /tf:=tf --remap /tf_static:=tf_static --remap /diagnostics:=diagnostics --remap /dynamic_joint_states:=platform/dynamic_joint_states --remap joint_states:=platform/joint_states --remap ~/reference:=platform/cmd_vel --remap ~/odometry:=platform/odom -p use_sim_time:=true --param use_sim_time:=true 
[imu_filter_madgwick_node-22] [WARN] [imu_filter_node]: The IMU seems to be in free fall, cannot determine gravity direction!
[spawner-12] [INFO] [spawner_joint_state_broadcaster]: Loaded joint_state_broadcaster
[gazebo-1] [INFO] [controller_manager]: Configuring controller: 'joint_state_broadcaster'
[gazebo-1] [INFO] [joint_state_broadcaster]: 'joints' or 'interfaces' parameter is empty. All available state interfaces will be published
[imu_filter_madgwick_node-22] [WARN] [imu_filter_node]: The IMU seems to be in free fall, cannot determine gravity direction!
[gazebo-1] [INFO] [controller_manager]: Activating controllers: [ joint_state_broadcaster ]
[imu_filter_madgwick_node-22] [WARN] [imu_filter_node]: The IMU seems to be in free fall, cannot determine gravity direction!
[gazebo-1] [INFO] [controller_manager]: Successfully switched controllers!
[imu_filter_madgwick_node-22] [WARN] [imu_filter_node]: The IMU seems to be in free fall, cannot determine gravity direction!
[imu_filter_madgwick_node-22] [INFO] [imu_filter_node]: First IMU message received.
[spawner-12] [INFO] [spawner_joint_state_broadcaster]: Configured and activated joint_state_broadcaster
[INFO] [spawner-12]: process has finished cleanly [pid 125333]
[INFO] [launch.user]: >>>>>>>>> Starting BARN Runner node...
[INFO] [barn_runner.py-31]: process started with pid [126203]
[barn_runner.py-31] [0m[INFO] [BARN_Runner]: >>>>>>>>> BARN Runner started.[0m
[barn_runner.py-31] [0m[INFO] [BARN_Runner]: >>>>>>>>> Resetting Jackal...[0m
[barn_runner.py-31] [0m[INFO] [BARN_Runner]: >>>>>>>>> Initial position: (-2.25, 3.00).[0m
[barn_runner.py-31] [0m[INFO] [BARN_Runner]: >>>>>>>>> Goal position: (-2.25, 13.00).[0m
[barn_runner.py-31] [0m[INFO] [BARN_Runner]: >>>>>>>>> Waiting for robot to start moving...[0m
[INFO] [launch.user]: >>>>>>>>> Launching Nav2...
[INFO] [controller_server-32]: process started with pid [126218]
[INFO] [smoother_server-33]: process started with pid [126219]
[INFO] [planner_server-34]: process started with pid [126220]
[INFO] [behavior_server-35]: process started with pid [126221]
[INFO] [bt_navigator-36]: process started with pid [126222]
[INFO] [velocity_smoother-37]: process started with pid [126223]
[INFO] [lifecycle_manager-38]: process started with pid [126224]
[planner_server-34] [INFO] [planner_server]: 
[planner_server-34] 	planner_server lifecycle node launched. 
[planner_server-34] 	Waiting on external lifecycle transitions to activate
[planner_server-34] 	See https://design.ros2.org/articles/node_lifecycle.html for more information.
[planner_server-34] [INFO] [planner_server]: Creating
[planner_server-34] [INFO] [global_costmap.global_costmap]: 
[planner_server-34] 	global_costmap lifecycle node launched. 
[planner_server-34] 	Waiting on external lifecycle transitions to activate
[planner_server-34] 	See https://design.ros2.org/articles/node_lifecycle.html for more information.
[planner_server-34] [INFO] [global_costmap.global_costmap]: Creating Costmap
[behavior_server-35] [INFO] [behavior_server]: 
[behavior_server-35] 	behavior_server lifecycle node launched. 
[behavior_server-35] 	Waiting on external lifecycle transitions to activate
[behavior_server-35] 	See https://design.ros2.org/articles/node_lifecycle.html for more information.
[velocity_smoother-37] [INFO] [velocity_smoother]: 
[velocity_smoother-37] 	velocity_smoother lifecycle node launched. 
[velocity_smoother-37] 	Waiting on external lifecycle transitions to activate
[velocity_smoother-37] 	See https://design.ros2.org/articles/node_lifecycle.html for more information.
[smoother_server-33] [INFO] [smoother_server]: 
[smoother_server-33] 	smoother_server lifecycle node launched. 
[smoother_server-33] 	Waiting on external lifecycle transitions to activate
[smoother_server-33] 	See https://design.ros2.org/articles/node_lifecycle.html for more information.
[smoother_server-33] [INFO] [smoother_server]: Creating smoother server
[controller_server-32] [INFO] [controller_server]: 
[controller_server-32] 	controller_server lifecycle node launched. 
[controller_server-32] 	Waiting on external lifecycle transitions to activate
[controller_server-32] 	See https://design.ros2.org/articles/node_lifecycle.html for more information.
[controller_server-32] [INFO] [controller_server]: Creating controller server
[bt_navigator-36] [INFO] [bt_navigator]: 
[bt_navigator-36] 	bt_navigator lifecycle node launched. 
[bt_navigator-36] 	Waiting on external lifecycle transitions to activate
[bt_navigator-36] 	See https://design.ros2.org/articles/node_lifecycle.html for more information.
[bt_navigator-36] [INFO] [bt_navigator]: Creating
[controller_server-32] [INFO] [local_costmap.local_costmap]: 
[controller_server-32] 	local_costmap lifecycle node launched. 
[controller_server-32] 	Waiting on external lifecycle transitions to activate
[controller_server-32] 	See https://design.ros2.org/articles/node_lifecycle.html for more information.
[controller_server-32] [INFO] [local_costmap.local_costmap]: Creating Costmap
[lifecycle_manager-38] [INFO] [lifecycle_manager_navigation]: Creating
[lifecycle_manager-38] [INFO] [lifecycle_manager_navigation]: [34m[1mCreating and initializing lifecycle service clients[0m[0m
[lifecycle_manager-38] [INFO] [lifecycle_manager_navigation]: [34m[1mStarting managed nodes bringup...[0m[0m
[lifecycle_manager-38] [INFO] [lifecycle_manager_navigation]: [34m[1mConfiguring controller_server[0m[0m
[controller_server-32] [INFO] [controller_server]: Configuring controller interface
[controller_server-32] [INFO] [controller_server]: getting progress checker plugins..
[controller_server-32] [INFO] [controller_server]: getting goal checker plugins..
[controller_server-32] [INFO] [controller_server]: Controller frequency set to 20.0000Hz
[controller_server-32] [INFO] [local_costmap.local_costmap]: Configuring
[controller_server-32] [INFO] [local_costmap.local_costmap]: Using plugin "voxel_layer"
[controller_server-32] [INFO] [local_costmap.local_costmap]: Subscribed to Topics: scan
[controller_server-32] [INFO] [local_costmap.local_costmap]: Initialized plugin "voxel_layer"
[controller_server-32] [INFO] [local_costmap.local_costmap]: Using plugin "inflation_layer"
[controller_server-32] [INFO] [local_costmap.local_costmap]: Initialized plugin "inflation_layer"
[controller_server-32] [INFO] [controller_server]: Created progress_checker : progress_checker of type nav2_controller::SimpleProgressChecker
[controller_server-32] [INFO] [controller_server]: Controller Server has progress_checker  progress checkers available.
[controller_server-32] [INFO] [controller_server]: Created goal checker : general_goal_checker of type nav2_controller::SimpleGoalChecker
[controller_server-32] [INFO] [controller_server]: Controller Server has general_goal_checker  goal checkers available.
[controller_server-32] [INFO] [controller_server]: Created controller : FollowPath of type nav2_mppi_controller::MPPIController
[controller_server-32] [INFO] [controller_server]: Controller period is equal to model dt. Control sequence shifting is ON
[controller_server-32] [INFO] [controller_server]: ConstraintCritic instantiated with 1 power and 4.000000 weight.
[controller_server-32] [INFO] [controller_server]: Critic loaded : mppi::critics::ConstraintCritic
[controller_server-32] [INFO] [controller_server]: InflationCostCritic instantiated with 1 power and 300.000000 / 0.015000 weights. Critic will collision check based on footprint cost.
[controller_server-32] [INFO] [controller_server]: Critic loaded : mppi::critics::CostCritic
[controller_server-32] [INFO] [controller_server]: GoalCritic instantiated with 1 power and 5.000000 weight.
[controller_server-32] [INFO] [controller_server]: Critic loaded : mppi::critics::GoalCritic
[controller_server-32] [INFO] [controller_server]: GoalAngleCritic instantiated with 1 power, 3.000000 weight, 0.500000 angular threshold and symmetric_yaw_tolerance disabled
[controller_server-32] [INFO] [controller_server]: Critic loaded : mppi::critics::GoalAngleCritic
[controller_server-32] [INFO] [controller_server]: ReferenceTrajectoryCritic instantiated with 1 power and 8.000000 weight
[controller_server-32] [INFO] [controller_server]: Critic loaded : mppi::critics::PathAlignCritic
[controller_server-32] [INFO] [controller_server]: Critic loaded : mppi::critics::PathFollowCritic
[controller_server-32] [INFO] [controller_server]: PathAngleCritic instantiated with 1 power and 2.000000 weight. Mode set to: Forward Preference
[controller_server-32] [INFO] [controller_server]: Critic loaded : mppi::critics::PathAngleCritic
[controller_server-32] [INFO] [controller_server]: PreferForwardCritic instantiated with 1 power and 5.000000 weight.
[controller_server-32] [INFO] [controller_server]: Critic loaded : mppi::critics::PreferForwardCritic
[controller_server-32] [INFO] [controller_server]: Optimizer reset
[controller_server-32] [INFO] [MPPIController]: Configured MPPI Controller: FollowPath
[controller_server-32] [INFO] [controller_server]: Controller Server has FollowPath  controllers available.
[lifecycle_manager-38] [INFO] [lifecycle_manager_navigation]: [34m[1mConfiguring smoother_server[0m[0m
[smoother_server-33] [INFO] [smoother_server]: Configuring smoother server
[smoother_server-33] [INFO] [smoother_server]: Created smoother : simple_smoother of type nav2_smoother::SimpleSmoother
[smoother_server-33] [INFO] [smoother_server]: Smoother Server has simple_smoother  smoothers available.
[lifecycle_manager-38] [INFO] [lifecycle_manager_navigation]: [34m[1mConfiguring planner_server[0m[0m
[planner_server-34] [INFO] [planner_server]: Configuring
[planner_server-34] [INFO] [global_costmap.global_costmap]: Configuring
[planner_server-34] [INFO] [global_costmap.global_costmap]: Using plugin "obstacle_layer"
[planner_server-34] [INFO] [global_costmap.global_costmap]: Subscribed to Topics: scan
[planner_server-34] [INFO] [global_costmap.global_costmap]: Initialized plugin "obstacle_layer"
[planner_server-34] [INFO] [global_costmap.global_costmap]: Using plugin "inflation_layer"
[planner_server-34] [INFO] [global_costmap.global_costmap]: Initialized plugin "inflation_layer"
[planner_server-34] [INFO] [planner_server]: Created global planner plugin GridBased of type nav2_navfn_planner::NavfnPlanner
[planner_server-34] [INFO] [planner_server]: Configuring plugin GridBased of type NavfnPlanner
[planner_server-34] [INFO] [planner_server]: Planner Server has GridBased  planners available.
[lifecycle_manager-38] [INFO] [lifecycle_manager_navigation]: [34m[1mConfiguring behavior_server[0m[0m
[behavior_server-35] [INFO] [behavior_server]: Configuring
[behavior_server-35] [INFO] [behavior_server]: Creating behavior plugin spin of type nav2_behaviors::Spin
[behavior_server-35] [INFO] [behavior_server]: Creating behavior plugin backup of type nav2_behaviors::BackUp
[behavior_server-35] [INFO] [behavior_server]: Creating behavior plugin drive_on_heading of type nav2_behaviors::DriveOnHeading
[behavior_server-35] [INFO] [behavior_server]: Creating behavior plugin assisted_teleop of type nav2_behaviors::AssistedTeleop
[behavior_server-35] [INFO] [behavior_server]: Creating behavior plugin wait of type nav2_behaviors::Wait
[behavior_server-35] [INFO] [behavior_server]: Configuring spin
[behavior_server-35] [INFO] [behavior_server]: Configuring backup
[behavior_server-35] [INFO] [behavior_server]: Configuring drive_on_heading
[behavior_server-35] [INFO] [behavior_server]: Configuring assisted_teleop
[behavior_server-35] [INFO] [behavior_server]: Configuring wait
[lifecycle_manager-38] [INFO] [lifecycle_manager_navigation]: [34m[1mConfiguring velocity_smoother[0m[0m
[velocity_smoother-37] [INFO] [velocity_smoother]: Configuring velocity smoother
[lifecycle_manager-38] [INFO] [lifecycle_manager_navigation]: [34m[1mConfiguring bt_navigator[0m[0m
[bt_navigator-36] [INFO] [bt_navigator]: Configuring
[bt_navigator-36] [INFO] [bt_navigator]: Creating navigator id navigate_to_pose of type nav2_bt_navigator::NavigateToPoseNavigator
[bt_navigator-36] [INFO] [bt_navigator]: Creating navigator id navigate_through_poses of type nav2_bt_navigator::NavigateThroughPosesNavigator
[lifecycle_manager-38] [INFO] [lifecycle_manager_navigation]: [34m[1mActivating controller_server[0m[0m
[controller_server-32] [INFO] [controller_server]: Activating
[controller_server-32] [INFO] [local_costmap.local_costmap]: Activating
[controller_server-32] [INFO] [local_costmap.local_costmap]: Checking transform
[controller_server-32] [INFO] [local_costmap.local_costmap]: start
[controller_server-32] [WARN] [controller_server]: Parameter controller_server.verbose not found
[controller_server-32] [INFO] [controller_server]: Optimizer reset
[controller_server-32] [INFO] [MPPIController]: Activated MPPI Controller: FollowPath
[controller_server-32] [INFO] [controller_server]: Creating bond (controller_server) to lifecycle manager.
[lifecycle_manager-38] [INFO] [lifecycle_manager_navigation]: Server controller_server connected with bond.
[lifecycle_manager-38] [INFO] [lifecycle_manager_navigation]: [34m[1mActivating smoother_server[0m[0m
[smoother_server-33] [INFO] [smoother_server]: Activating
[smoother_server-33] [INFO] [smoother_server]: Creating bond (smoother_server) to lifecycle manager.
[lifecycle_manager-38] [INFO] [lifecycle_manager_navigation]: Server smoother_server connected with bond.
[lifecycle_manager-38] [INFO] [lifecycle_manager_navigation]: [34m[1mActivating planner_server[0m[0m
[planner_server-34] [INFO] [planner_server]: Activating
[planner_server-34] [INFO] [global_costmap.global_costmap]: Activating
[planner_server-34] [INFO] [global_costmap.global_costmap]: Checking transform
[planner_server-34] [INFO] [global_costmap.global_costmap]: start
[planner_server-34] [INFO] [planner_server]: Activating plugin GridBased of type NavfnPlanner
[planner_server-34] [INFO] [planner_server]: Creating bond (planner_server) to lifecycle manager.
[lifecycle_manager-38] [INFO] [lifecycle_manager_navigation]: Server planner_server connected with bond.
[lifecycle_manager-38] [INFO] [lifecycle_manager_navigation]: [34m[1mActivating behavior_server[0m[0m
[behavior_server-35] [INFO] [behavior_server]: Activating
[behavior_server-35] [INFO] [behavior_server]: Activating spin
[behavior_server-35] [INFO] [behavior_server]: Activating backup
[behavior_server-35] [INFO] [behavior_server]: Activating drive_on_heading
[behavior_server-35] [INFO] [behavior_server]: Activating assisted_teleop
[behavior_server-35] [INFO] [behavior_server]: Activating wait
[behavior_server-35] [INFO] [behavior_server]: Creating bond (behavior_server) to lifecycle manager.
[lifecycle_manager-38] [INFO] [lifecycle_manager_navigation]: Server behavior_server connected with bond.
[lifecycle_manager-38] [INFO] [lifecycle_manager_navigation]: [34m[1mActivating velocity_smoother[0m[0m
[velocity_smoother-37] [INFO] [velocity_smoother]: Activating
[velocity_smoother-37] [INFO] [velocity_smoother]: Creating bond (velocity_smoother) to lifecycle manager.
[lifecycle_manager-38] [INFO] [lifecycle_manager_navigation]: Server velocity_smoother connected with bond.
[lifecycle_manager-38] [INFO] [lifecycle_manager_navigation]: [34m[1mActivating bt_navigator[0m[0m
[bt_navigator-36] [INFO] [bt_navigator]: Activating
[bt_navigator-36] [INFO] [bt_navigator]: Creating bond (bt_navigator) to lifecycle manager.
[lifecycle_manager-38] [INFO] [lifecycle_manager_navigation]: Server bt_navigator connected with bond.
[lifecycle_manager-38] [INFO] [lifecycle_manager_navigation]: [34m[1mManaged nodes are active[0m[0m
[lifecycle_manager-38] [INFO] [lifecycle_manager_navigation]: [34m[1mCreating bond timer...[0m[0m
[INFO] [launch.user]: >>>>>>>>> Publishing Nav2 goal... 
[INFO] [ros2-39]: process started with pid [126354]
[ekf_node-14] [ERROR] [ekf_node]: Failed to meet update rate! Took 0.022999999999999999611seconds. Try decreasing the rate, limiting sensor output frequency, or limiting the number of sensors.
[bt_navigator-36] [WARN] [bt_navigator.rclcpp_action]: Failed to send goal response b7a0ba2a-12d5-4bed-9449-1b9eb7b66015 (timeout): client will not receive response, at ./src/rmw_response.cpp:153, at ./src/rcl/service.c:400
[laser_scan_fault_injector.py-4] [33m[WARN] [laser_scan_fault_injector]: Fault active at t=5.01s (for 20.00s): cycling frontal sector dropout bursts (period=1.00s, duty=0.50).[0m
[scan_fault_policy_selector.py-5] [33m[WARN] [scan_fault_policy_selector]: fault_episode_start: Stage2B observation started, observation_window_s=2.00, baseline_range_max_ratio=0.089, baseline_span_ratio=0.033.[0m
[scan_fault_policy_selector.py-5] [33m[WARN] [scan_fault_policy_selector]: fault_type_estimated: predicted_type=DROPOUT, reason=clear_dropout_switching, classification_latency_s=2.00, sample_count=81, degraded_fraction=0.506, switching_rate_per_s=2.000, longest_degraded_streak_s=0.475, longest_healthy_streak_s=0.475, evidence_mean=0.506, evidence_max=1.000.[0m
[scan_fault_policy_selector.py-5] [33m[WARN] [scan_fault_policy_selector]: policy_selected: predicted_type=DROPOUT, selected_policy=dropout_scan_filter, dropout_filter_enable=True, masking_monitor_enable=False.[0m
[dropout_scan_recovery_filter.py-6] [33m[WARN] [dropout_scan_recovery_filter]: Dropout recovery filter enabled by selector.[0m
[dropout_scan_recovery_filter.py-6] [33m[WARN] [dropout_scan_recovery_filter]: Dropout recovery filter active: rejecting frontal dropout bursts (range_max_ratio=1.00, threshold=0.55).[0m
[dropout_scan_recovery_filter.py-6] [0m[INFO] [dropout_scan_recovery_filter]: Dropout recovery filter pass-through: healthy scan phase returned (range_max_ratio=0.09).[0m
[dropout_scan_recovery_filter.py-6] [0m[INFO] [dropout_scan_recovery_filter]: Dropout recovery filter pass-through: healthy scan phase returned (range_max_ratio=0.09).[0m
[dropout_scan_recovery_filter.py-6] [0m[INFO] [dropout_scan_recovery_filter]: Dropout recovery filter pass-through: healthy scan phase returned (range_max_ratio=0.09).[0m
[dropout_scan_recovery_filter.py-6] [0m[INFO] [dropout_scan_recovery_filter]: Dropout recovery filter pass-through: healthy scan phase returned (range_max_ratio=0.09).[0m
[dropout_scan_recovery_filter.py-6] [0m[INFO] [dropout_scan_recovery_filter]: Dropout recovery filter pass-through: healthy scan phase returned (range_max_ratio=0.09).[0m
[dropout_scan_recovery_filter.py-6] [0m[INFO] [dropout_scan_recovery_filter]: Dropout recovery filter pass-through: healthy scan phase returned (range_max_ratio=0.09).[0m
[dropout_scan_recovery_filter.py-6] [0m[INFO] [dropout_scan_recovery_filter]: Dropout recovery filter pass-through: healthy scan phase returned (range_max_ratio=0.09).[0m
[dropout_scan_recovery_filter.py-6] [0m[INFO] [dropout_scan_recovery_filter]: Dropout recovery filter pass-through: healthy scan phase returned (range_max_ratio=0.09).[0m
[dropout_scan_recovery_filter.py-6] [0m[INFO] [dropout_scan_recovery_filter]: Dropout recovery filter pass-through: healthy scan phase returned (range_max_ratio=0.09).[0m
[dropout_scan_recovery_filter.py-6] [0m[INFO] [dropout_scan_recovery_filter]: Dropout recovery filter pass-through: healthy scan phase returned (range_max_ratio=0.09).[0m
[dropout_scan_recovery_filter.py-6] [0m[INFO] [dropout_scan_recovery_filter]: Dropout recovery filter pass-through: healthy scan phase returned (range_max_ratio=0.09).[0m
[dropout_scan_recovery_filter.py-6] [0m[INFO] [dropout_scan_recovery_filter]: Dropout recovery filter pass-through: healthy scan phase returned (range_max_ratio=0.09).[0m
[dropout_scan_recovery_filter.py-6] [0m[INFO] [dropout_scan_recovery_filter]: Dropout recovery filter pass-through: healthy scan phase returned (range_max_ratio=0.09).[0m
[dropout_scan_recovery_filter.py-6] [0m[INFO] [dropout_scan_recovery_filter]: Dropout recovery filter pass-through: healthy scan phase returned (range_max_ratio=0.09).[0m
[dropout_scan_recovery_filter.py-6] [0m[INFO] [dropout_scan_recovery_filter]: Dropout recovery filter pass-through: healthy scan phase returned (range_max_ratio=0.09).[0m
[dropout_scan_recovery_filter.py-6] [0m[INFO] [dropout_scan_recovery_filter]: Dropout recovery filter pass-through: healthy scan phase returned (range_max_ratio=0.09).[0m
[dropout_scan_recovery_filter.py-6] [0m[INFO] [dropout_scan_recovery_filter]: Dropout recovery filter pass-through: healthy scan phase returned (range_max_ratio=0.09).[0m
[dropout_scan_recovery_filter.py-6] [0m[INFO] [dropout_scan_recovery_filter]: Dropout recovery filter pass-through: healthy scan phase returned (range_max_ratio=0.09).[0m
[laser_scan_fault_injector.py-4] [0m[INFO] [laser_scan_fault_injector]: Fault window closed at t=25.01s.[0m
[scan_fault_policy_selector.py-5] [0m[INFO] [scan_fault_policy_selector]: fault_episode_reset: reason=fault_episode_ended, previous_type=DROPOUT.[0m
[dropout_scan_recovery_filter.py-6] [0m[INFO] [dropout_scan_recovery_filter]: Dropout recovery filter disabled by selector.[0m
