[INFO] [launch]: All log files can be found below /home/student24/.ros/log/2026-08-16-18-41-52-638583-barn-vm-122727
[INFO] [launch]: Default logging verbosity is set to INFO
[INFO] [launch.user]: >>>>>>>>> LiDAR fault injector enabled: start=5s duration=20s persistent=false mode=dropout width=90deg dropout_period=1.0s dropout_duty=0.5
[INFO] [launch.user]: >>>>>>>>> Recovery enabled: mode=closed_loop_selector linear_scale=0.35 angular_scale=0.50 rotation_deg=60 active_timeout=1.0s
[INFO] [laser_scan_fault_injector.py-4]: process started with pid [122734]
[INFO] [scan_fault_policy_selector.py-5]: process started with pid [122735]
[INFO] [dropout_scan_recovery_filter.py-6]: process started with pid [122736]
[INFO] [masking_nav2_recovery_supervisor.py-7]: process started with pid [122737]
[INFO] [gazebo-1]: process started with pid [122730]
[INFO] [parameter_bridge-2]: process started with pid [122731]
[INFO] [generate_description-3]: process started with pid [122733]
[generate_description-3] Generated /home/student24/dissertation/barn_ros2/src/The-Barn-Challenge-Ros2/experiment_setups/tuned_clean/robot.urdf.xacro
[INFO] [generate_description-3]: process has finished cleanly [pid 122733]
[INFO] [generate_semantic_description-8]: process started with pid [122784]
[scan_fault_policy_selector.py-5] [0m[INFO] [scan_fault_policy_selector]: Stage2B scan fault policy selector ready: scan_topic=/front/scan_faulted, fault_active_topic=/fault/scan_active, observation_window_s=2.00, absolute_range_max_ratio_threshold=0.55, absolute_span_ratio_threshold=0.55, output_type_topic=/fault/type_estimated, dropout_enable_topic=/recovery/dropout_filter_enable, masking_enable_topic=/recovery/masking_monitor_enable[0m
[laser_scan_fault_injector.py-4] [0m[INFO] [laser_scan_fault_injector]: Laser scan fault injector ready: /front/scan -> /front/scan_faulted, start=5.0s, duration=20.0s, mode=dropout, center=0.0deg, width=90.0deg, replacement=range_max, dropout_period_s=1.00, dropout_duty_cycle=0.50, fault_active_topic=/fault/scan_active[0m
[dropout_scan_recovery_filter.py-6] [0m[INFO] [dropout_scan_recovery_filter]: Dropout scan recovery filter ready: /front/scan_faulted -> /front/scan_recovered, fault_active_topic=/fault/scan_active, enable_topic=/recovery/dropout_filter_enable, require_enable=True, center=0.0deg, width=90.0deg, range_max_ratio_threshold=0.55, near_range_max_fraction=0.98[0m
[masking_nav2_recovery_supervisor.py-7] [0m[INFO] [masking_nav2_recovery_supervisor]: Masking Nav2 recovery supervisor ready: fault_active_topic=/fault/scan_active, enable_topic=/recovery/masking_monitor_enable, require_enable=True, odom_topic=/platform/odom/filtered, navigate_action=/navigate_to_pose, spin_action=/spin, trigger_policy=progress_stall, spin_angle_deg=60.0, goal=(10.00, 0.00) in odom[0m
[generate_semantic_description-8] [INFO] [moveit_collision_updater.urdf]: Loaded j100-0000 robot model.
[generate_semantic_description-8] [INFO] [moveit_3735862212.moveit.core.robot_model]: Loading robot model 'j100-0000'...
[generate_semantic_description-8] [INFO] [moveit_3735862212.moveit.core.robot_model]: No root/virtual joint specified in SRDF. Assuming fixed joint
[generate_semantic_description-8] [WARN] [moveit_3735862212.moveit.core.robot_model]: Link lidar2d_0_link has visual geometry but no collision geometry. Collision geometry will be left empty. Fix your URDF file by explicitly specifying collision geometry.
[generate_semantic_description-8] [WARN] [moveit_3735862212.moveit.core.robot_model]: Link lidar3d_0_laser has visual geometry but no collision geometry. Collision geometry will be left empty. Fix your URDF file by explicitly specifying collision geometry.
[generate_semantic_description-8] [WARN] [moveit_3735862212.moveit.core.robot_model]: Link lidar2d_1_link has visual geometry but no collision geometry. Collision geometry will be left empty. Fix your URDF file by explicitly specifying collision geometry.
[generate_semantic_description-8] [WARN] [moveit_3735862212.moveit.core.robot_model]: Link gps_0_link has visual geometry but no collision geometry. Collision geometry will be left empty. Fix your URDF file by explicitly specifying collision geometry.
[generate_semantic_description-8] [WARN] [moveit_3735862212.moveit.core.robot_model]: Link front_fender_link has visual geometry but no collision geometry. Collision geometry will be left empty. Fix your URDF file by explicitly specifying collision geometry.
[generate_semantic_description-8] [WARN] [moveit_3735862212.moveit.core.robot_model]: Link rear_fender_link has visual geometry but no collision geometry. Collision geometry will be left empty. Fix your URDF file by explicitly specifying collision geometry.
[generate_semantic_description-8] [INFO] [moveit_collision_updater.srdf]: Robot semantic model successfully loaded.
[generate_semantic_description-8] [INFO] [moveit_collision_updater.Self-Collisions]: Thread complete 36
[generate_semantic_description-8] Warning: class_loader.ClassLoader: SEVERE WARNING!!! Attempting to unload library while objects created by this loader exist in the heap! You should delete your objects before attempting to unload the library or destroying the ClassLoader. The library will NOT be unloaded.
[generate_semantic_description-8]          at line 127 in ./src/class_loader.cpp
[generate_semantic_description-8] Generated /home/student24/dissertation/barn_ros2/src/The-Barn-Challenge-Ros2/experiment_setups/tuned_clean/robot.srdf.xacro
[INFO] [generate_semantic_description-8]: process has finished cleanly [pid 122784]
[INFO] [generate_launch-9]: process started with pid [122852]
[generate_launch-9] Generated launch file: /home/student24/dissertation/barn_ros2/src/The-Barn-Challenge-Ros2/experiment_setups/tuned_clean/manipulators/launch/manipulators-service.launch.py
[generate_launch-9] Generated launch file: /home/student24/dissertation/barn_ros2/src/The-Barn-Challenge-Ros2/experiment_setups/tuned_clean/sensors/launch/lidar2d_0.launch.py
[generate_launch-9] Generated launch file: /home/student24/dissertation/barn_ros2/src/The-Barn-Challenge-Ros2/experiment_setups/tuned_clean/sensors/launch/lidar2d_1.launch.py
[generate_launch-9] Generated launch file: /home/student24/dissertation/barn_ros2/src/The-Barn-Challenge-Ros2/experiment_setups/tuned_clean/sensors/launch/lidar3d_0.launch.py
[generate_launch-9] Generated launch file: /home/student24/dissertation/barn_ros2/src/The-Barn-Challenge-Ros2/experiment_setups/tuned_clean/sensors/launch/sensors-service.launch.py
[generate_launch-9] Generated launch file: /home/student24/dissertation/barn_ros2/src/The-Barn-Challenge-Ros2/experiment_setups/tuned_clean/platform/launch/platform-service.launch.py
[INFO] [generate_launch-9]: process has finished cleanly [pid 122852]
[INFO] [generate_param-10]: process started with pid [122853]
[generate_param-10] Generated config: /home/student24/dissertation/barn_ros2/src/The-Barn-Challenge-Ros2/experiment_setups/tuned_clean/sensors/config/lidar2d_0.yaml
[generate_param-10] Generated config: /home/student24/dissertation/barn_ros2/src/The-Barn-Challenge-Ros2/experiment_setups/tuned_clean/sensors/config/lidar2d_1.yaml
[generate_param-10] Generated config: /home/student24/dissertation/barn_ros2/src/The-Barn-Challenge-Ros2/experiment_setups/tuned_clean/sensors/config/lidar3d_0.yaml
[generate_param-10] Generated config: /home/student24/dissertation/barn_ros2/src/The-Barn-Challenge-Ros2/experiment_setups/tuned_clean/platform/config/control.yaml
[generate_param-10] Generated config: /home/student24/dissertation/barn_ros2/src/The-Barn-Challenge-Ros2/experiment_setups/tuned_clean/platform/config/diagnostic_aggregator.yaml
[generate_param-10] Generated config: /home/student24/dissertation/barn_ros2/src/The-Barn-Challenge-Ros2/experiment_setups/tuned_clean/platform/config/diagnostic_updater.yaml
[generate_param-10] Generated config: /home/student24/dissertation/barn_ros2/src/The-Barn-Challenge-Ros2/experiment_setups/tuned_clean/platform/config/foxglove_bridge.yaml
[generate_param-10] Generated config: /home/student24/dissertation/barn_ros2/src/The-Barn-Challenge-Ros2/experiment_setups/tuned_clean/platform/config/imu_filter.yaml
[generate_param-10] Generated config: /home/student24/dissertation/barn_ros2/src/The-Barn-Challenge-Ros2/experiment_setups/tuned_clean/platform/config/localization.yaml
[generate_param-10] Generated config: /home/student24/dissertation/barn_ros2/src/The-Barn-Challenge-Ros2/experiment_setups/tuned_clean/platform/config/teleop_interactive_markers.yaml
[generate_param-10] Generated config: /home/student24/dissertation/barn_ros2/src/The-Barn-Challenge-Ros2/experiment_setups/tuned_clean/platform/config/teleop_joy.yaml
[generate_param-10] Generated config: /home/student24/dissertation/barn_ros2/src/The-Barn-Challenge-Ros2/experiment_setups/tuned_clean/platform/config/twist_mux.yaml
[generate_param-10] Generated config: /home/student24/dissertation/barn_ros2/src/The-Barn-Challenge-Ros2/experiment_setups/tuned_clean/sensors/config/imu_0.yaml
[generate_param-10] Generated config: /home/student24/dissertation/barn_ros2/src/The-Barn-Challenge-Ros2/experiment_setups/tuned_clean/sensors/config/gps_0.yaml
[generate_param-10] Generated config: /home/student24/dissertation/barn_ros2/src/The-Barn-Challenge-Ros2/experiment_setups/tuned_clean/manipulators/config/moveit.yaml
[INFO] [generate_param-10]: process has finished cleanly [pid 122853]
[INFO] [robot_state_publisher-11]: process started with pid [122855]
[INFO] [spawner-12]: process started with pid [122856]
[INFO] [spawner-13]: process started with pid [122857]
[INFO] [ekf_node-14]: process started with pid [122858]
[INFO] [marker_server-15]: process started with pid [122859]
[INFO] [twist_mux-16]: process started with pid [122862]
[INFO] [joy_linux_node-17]: process started with pid [122863]
[INFO] [teleop_node-18]: process started with pid [122866]
[INFO] [parameter_bridge-19]: process started with pid [122867]
[INFO] [parameter_bridge-20]: process started with pid [122868]
[INFO] [parameter_bridge-21]: process started with pid [122871]
[INFO] [imu_filter_madgwick_node-22]: process started with pid [122880]
[INFO] [parameter_bridge-23]: process started with pid [122883]
[INFO] [parameter_bridge-24]: process started with pid [122884]
[INFO] [static_transform_publisher-25]: process started with pid [122896]
[INFO] [parameter_bridge-26]: process started with pid [122897]
[INFO] [static_transform_publisher-27]: process started with pid [122903]
[INFO] [parameter_bridge-28]: process started with pid [122904]
[INFO] [static_transform_publisher-29]: process started with pid [122905]
[INFO] [create-30]: process started with pid [122908]
[robot_state_publisher-11] [INFO] [robot_state_publisher]: Robot initialized
[marker_server-15] [INFO] [twist_server_node]: [interactive_marker_twist_server] Initialized.
[joy_linux_node-17] [ERROR] [joy_node]: Couldn't open joystick /dev/input/ps4. Will retry every second.
[teleop_node-18] [INFO] [TeleopTwistJoy]: Teleop enable button 4.
[teleop_node-18] [INFO] [TeleopTwistJoy]: Turbo on button 5.
[teleop_node-18] [INFO] [TeleopTwistJoy]: Linear axis x on 1 at scale 0.400000.
[teleop_node-18] [INFO] [TeleopTwistJoy]: Turbo for linear axis x is scale 2.000000.
[teleop_node-18] [INFO] [TeleopTwistJoy]: Linear axis y on 3 at scale 0.000000.
[teleop_node-18] [INFO] [TeleopTwistJoy]: Turbo for linear axis y is scale 0.000000.
[teleop_node-18] [INFO] [TeleopTwistJoy]: Angular axis yaw on 0 at scale 0.600000.
[teleop_node-18] [INFO] [TeleopTwistJoy]: Turbo for angular axis yaw is scale 1.400000.
[static_transform_publisher-27] [INFO] [lidar2d_1_static_tf]: Spinning until stopped - publishing transform
[static_transform_publisher-27] translation: ('0.000000', '0.000000', '0.000000')
[static_transform_publisher-27] rotation: ('0.000000', '0.000000', '0.000000', '1.000000')
[static_transform_publisher-27] from 'lidar2d_1_link' to 'robot/base_link/lidar2d_1'
[imu_filter_madgwick_node-22] [INFO] [imu_filter_node]: Starting ImuFilter
[imu_filter_madgwick_node-22] [INFO] [imu_filter_node]: Using dt computed from message headers
[imu_filter_madgwick_node-22] [INFO] [imu_filter_node]: The gravity vector is kept in the IMU message.
[imu_filter_madgwick_node-22] [INFO] [imu_filter_node]: Imu filter gain set to 0.100000
[imu_filter_madgwick_node-22] [INFO] [imu_filter_node]: Gyro drift bias set to 0.000000
[imu_filter_madgwick_node-22] [INFO] [imu_filter_node]: Magnetometer bias values: 0.000000 0.000000 0.000000
[parameter_bridge-19] [INFO] [cmd_vel_bridge]: Creating GZ->ROS Bridge: [/cmd_vel (gz.msgs.Twist) -> /cmd_vel (geometry_msgs/msg/TwistStamped)] (Lazy 0)
[parameter_bridge-19] [INFO] [cmd_vel_bridge]: Creating ROS->GZ Bridge: [/model/robot/cmd_vel (geometry_msgs/msg/TwistStamped) -> /model/robot/cmd_vel (gz.msgs.Twist)] (Lazy 0)
[twist_mux-16] [INFO] [twist_mux]: Topic handler 'topics.external' subscribed to topic 'cmd_vel': timeout = 0.500000s , priority = 1.
[twist_mux-16] [INFO] [twist_mux]: Topic handler 'topics.interactive_marker' subscribed to topic 'twist_marker_server/cmd_vel': timeout = 0.500000s , priority = 8.
[twist_mux-16] [INFO] [twist_mux]: Topic handler 'topics.joy' subscribed to topic 'joy_teleop/cmd_vel': timeout = 0.500000s , priority = 10.
[twist_mux-16] [INFO] [twist_mux]: Topic handler 'topics.rc' subscribed to topic 'rc_teleop/cmd_vel': timeout = 0.500000s , priority = 12.
[twist_mux-16] [INFO] [twist_mux]: Topic handler 'locks.e_stop' subscribed to topic 'platform/emergency_stop': timeout = None , priority = 255.
[twist_mux-16] [INFO] [twist_mux]: Topic handler 'locks.safety_stop' subscribed to topic 'platform/safety_stop': timeout = None , priority = 254.
[ekf_node-14] [INFO] [ekf_node]: Waiting for clock to start...
[parameter_bridge-20] [INFO] [odom_base_tf_bridge]: Creating GZ->ROS Bridge: [/model/robot/tf (gz.msgs.Pose_V) -> /model/robot/tf (tf2_msgs/msg/TFMessage)] (Lazy 0)
[static_transform_publisher-29] [INFO] [lidar3d_0_static_tf]: Spinning until stopped - publishing transform
[static_transform_publisher-29] translation: ('0.000000', '0.000000', '0.000000')
[static_transform_publisher-29] rotation: ('0.000000', '0.000000', '0.000000', '1.000000')
[static_transform_publisher-29] from 'lidar3d_0_link' to 'robot/base_link/lidar3d_0'
[create-30] [INFO] [ros_gz_sim]: Requesting list of world names.
[static_transform_publisher-25] [INFO] [lidar2d_0_static_tf]: Spinning until stopped - publishing transform
[static_transform_publisher-25] translation: ('0.000000', '0.000000', '0.000000')
[static_transform_publisher-25] rotation: ('0.000000', '0.000000', '0.000000', '1.000000')
[static_transform_publisher-25] from 'lidar2d_0_link' to 'robot/base_link/lidar2d_0'
[spawner-13] [INFO] [spawner_platform_velocity_controller]: waiting for service /controller_manager/list_controllers to become available...
[create-30] [INFO] [ros_gz_sim]: Waiting messages on topic [robot_description].
[parameter_bridge-23] [INFO] [gps_0_gz_bridge]: Creating GZ->ROS Bridge: [/sensors/gps_0/navsat (gz.msgs.NavSat) -> sensors/gps_0/fix (sensor_msgs/msg/NavSatFix)] (Lazy 0)
[parameter_bridge-24] [INFO] [sensors.lidar2d_0_gz_bridge]: Creating GZ->ROS Bridge: [/sensors/lidar2d_0/scan (gz.msgs.LaserScan) -> lidar2d_0/scan (sensor_msgs/msg/LaserScan)] (Lazy 0)
[parameter_bridge-21] [INFO] [imu_0_gz_bridge]: Creating GZ->ROS Bridge: [/sensors/imu_0/data (gz.msgs.IMU) -> sensors/imu_0/data (sensor_msgs/msg/Imu)] (Lazy 0)
[parameter_bridge-21] [INFO] [imu_0_gz_bridge]: Creating GZ->ROS Bridge: [/sensors/imu_0/data_raw (gz.msgs.IMU) -> sensors/imu_0/data_raw (sensor_msgs/msg/Imu)] (Lazy 0)
[create-30] [INFO] [ros_gz_sim]: Entity creation successful.
[INFO] [create-30]: process has finished cleanly [pid 122908]
[gazebo-1] [INFO] [gz_ros_control]: Loading controller_manager
[gazebo-1] [INFO] [controller_manager]: Using ROS clock for triggering controller manager cycles.
[gazebo-1] [INFO] [controller_manager]: Subscribing to '/robot_description' topic for robot description.
[gazebo-1] [WARN] [gz_ros_control]: Waiting RM to load and initialize hardware...
[parameter_bridge-28] [INFO] [sensors.lidar3d_0_gz_bridge]: Creating GZ->ROS Bridge: [/sensors/lidar3d_0/scan (gz.msgs.LaserScan) -> lidar3d_0/scan (sensor_msgs/msg/LaserScan)] (Lazy 0)
[parameter_bridge-28] [INFO] [sensors.lidar3d_0_gz_bridge]: Creating GZ->ROS Bridge: [/sensors/lidar3d_0/scan/points (gz.msgs.PointCloudPacked) -> lidar3d_0/points (sensor_msgs/msg/PointCloud2)] (Lazy 0)
[parameter_bridge-26] [INFO] [sensors.lidar2d_1_gz_bridge]: Creating GZ->ROS Bridge: [/sensors/lidar2d_1/scan (gz.msgs.LaserScan) -> lidar2d_1/scan (sensor_msgs/msg/LaserScan)] (Lazy 0)
[gazebo-1] [WARN] [controller_manager]: Waiting for data on 'robot_description' topic to finish initialization
[gazebo-1] [WARN] [controller_manager]: Waiting for data on 'robot_description' topic to finish initialization
[gazebo-1] [WARN] [gz_ros_control]: Waiting RM to load and initialize hardware...
[gazebo-1] [INFO] [controller_manager]: Received robot description from topic.
[gazebo-1] [INFO] [controller_manager]: Enforcing command limits is disabled. Command limits from URDF will be ignored.
[gazebo-1] [INFO] [gz_ros_control]: The position_proportional_gain has been set to: 0.1
[gazebo-1] [INFO] [gz_ros_control]: Loading joint: front_left_wheel_joint
[gazebo-1] [INFO] [gz_ros_control]: 	State:
[gazebo-1] [INFO] [gz_ros_control]: 		 position
[gazebo-1] [INFO] [gz_ros_control]: 		 velocity
[gazebo-1] [INFO] [gz_ros_control]: 	Command:
[gazebo-1] [INFO] [gz_ros_control]: 		 velocity
[gazebo-1] [INFO] [gz_ros_control]: Loading joint: front_right_wheel_joint
[gazebo-1] [INFO] [gz_ros_control]: 	State:
[gazebo-1] [INFO] [gz_ros_control]: 		 position
[gazebo-1] [INFO] [gz_ros_control]: 		 velocity
[gazebo-1] [INFO] [gz_ros_control]: 	Command:
[gazebo-1] [INFO] [gz_ros_control]: 		 velocity
[gazebo-1] [INFO] [gz_ros_control]: Loading joint: rear_left_wheel_joint
[gazebo-1] [INFO] [gz_ros_control]: 	State:
[gazebo-1] [INFO] [gz_ros_control]: 		 position
[gazebo-1] [INFO] [gz_ros_control]: 		 velocity
[gazebo-1] [INFO] [gz_ros_control]: 	Command:
[gazebo-1] [INFO] [gz_ros_control]: 		 velocity
[gazebo-1] [INFO] [gz_ros_control]: Loading joint: rear_right_wheel_joint
[gazebo-1] [INFO] [gz_ros_control]: 	State:
[gazebo-1] [INFO] [gz_ros_control]: 		 position
[gazebo-1] [INFO] [gz_ros_control]: 		 velocity
[gazebo-1] [INFO] [gz_ros_control]: 	Command:
[gazebo-1] [INFO] [gz_ros_control]: 		 velocity
[gazebo-1] [INFO] [gz_ros_control]: Loading sensor: imu_0
[gazebo-1] [INFO] [gz_ros_control]: 	State:
[gazebo-1] [WARN] [gz_ros_control]: IMU sensor 'imu_0' not found in hardware_info, skipping.
[gazebo-1] [INFO] [controller_manager]: Initialize hardware 'j100_hardware' 
[gazebo-1] [WARN] [controller_manager.hardware_component.system.j100_hardware]: Executor is not available during hardware component initialization for 'j100_hardware'. Skipping node creation!
[gazebo-1] [INFO] [controller_manager]: Successful initialization of hardware 'j100_hardware'
[gazebo-1] [INFO] [controller_manager]: Activating component 'j100_hardware'.
[gazebo-1] [INFO] [resource_manager]: 'configure' hardware 'j100_hardware' 
[gazebo-1] [INFO] [gz_ros_control]: System Successfully configured!
[gazebo-1] [INFO] [resource_manager]: Successful 'configure' of hardware 'j100_hardware'
[gazebo-1] [INFO] [resource_manager]: 'activate' hardware 'j100_hardware' 
[gazebo-1] [INFO] [resource_manager]: Successful 'activate' of hardware 'j100_hardware'
[gazebo-1] [WARN] [controller_manager]: Component 'j100_hardware' does not have read or write statistics initialized, skipping registration.
[gazebo-1] [INFO] [controller_manager]: Resource Manager has been successfully initialized. Starting Controller Manager services...
[gazebo-1] [INFO] [controller_manager]: Loading controller : 'platform_velocity_controller' of type 'diff_drive_controller/DiffDriveController'
[gazebo-1] [INFO] [controller_manager]: Loading controller 'platform_velocity_controller'
[gazebo-1] [WARN] [controller_manager]: The use of remapping arguments to the controller_manager node is deprecated. Please use the '--controller-ros-args' argument of the spawner to pass remapping arguments to the controller node.
[gazebo-1] [INFO] [controller_manager]: Controller 'platform_velocity_controller' node arguments: --ros-args --params-file /home/student24/dissertation/barn_ros2/src/The-Barn-Challenge-Ros2/experiment_setups/tuned_clean/platform/config/control.yaml --ros-args --remap ~/odom:=platform/odom --remap ~/cmd_vel:=platform/cmd_vel --remap /tf:=tf --remap /tf_static:=tf_static --remap /diagnostics:=diagnostics --remap /dynamic_joint_states:=platform/dynamic_joint_states --remap joint_states:=platform/joint_states --remap ~/reference:=platform/cmd_vel --remap ~/odometry:=platform/odom -p use_sim_time:=true --param use_sim_time:=true 
[spawner-13] [INFO] [spawner_platform_velocity_controller]: Loaded platform_velocity_controller
[gazebo-1] [INFO] [controller_manager]: Configuring controller: 'platform_velocity_controller'
[gazebo-1] [INFO] [controller_manager]: Activating controllers: [ platform_velocity_controller ]
[gazebo-1] [WARN] [gz_ros_control]:  Desired controller update period (0.02 s) is slower than the gazebo simulation period (0.001 s).
[gazebo-1] [INFO] [controller_manager]: Successfully switched controllers!
[imu_filter_madgwick_node-22] [WARN] [imu_filter_node]: The IMU seems to be in free fall, cannot determine gravity direction!
[gazebo-1] libEGL warning: egl: failed to create dri2 screen
[gazebo-1] libEGL warning: egl: failed to create dri2 screen
[gazebo-1] libEGL warning: NEEDS EXTENSION: falling back to kms_swrast
[imu_filter_madgwick_node-22] [WARN] [imu_filter_node]: The IMU seems to be in free fall, cannot determine gravity direction!
[spawner-13] [INFO] [spawner_platform_velocity_controller]: Configured and activated platform_velocity_controller
[imu_filter_madgwick_node-22] [WARN] [imu_filter_node]: The IMU seems to be in free fall, cannot determine gravity direction!
[spawner-12] [INFO] [spawner_joint_state_broadcaster]: waiting for service /controller_manager/list_controllers to become available...
[INFO] [spawner-13]: process has finished cleanly [pid 122857]
[imu_filter_madgwick_node-22] [WARN] [imu_filter_node]: The IMU seems to be in free fall, cannot determine gravity direction!
[imu_filter_madgwick_node-22] [WARN] [imu_filter_node]: The IMU seems to be in free fall, cannot determine gravity direction!
[gazebo-1] [INFO] [controller_manager]: Loading controller : 'joint_state_broadcaster' of type 'joint_state_broadcaster/JointStateBroadcaster'
[gazebo-1] [INFO] [controller_manager]: Loading controller 'joint_state_broadcaster'
[gazebo-1] [WARN] [controller_manager]: The use of remapping arguments to the controller_manager node is deprecated. Please use the '--controller-ros-args' argument of the spawner to pass remapping arguments to the controller node.
[gazebo-1] [INFO] [controller_manager]: Controller 'joint_state_broadcaster' node arguments: --ros-args --params-file /home/student24/dissertation/barn_ros2/src/The-Barn-Challenge-Ros2/experiment_setups/tuned_clean/platform/config/control.yaml --ros-args --remap ~/odom:=platform/odom --remap ~/cmd_vel:=platform/cmd_vel --remap /tf:=tf --remap /tf_static:=tf_static --remap /diagnostics:=diagnostics --remap /dynamic_joint_states:=platform/dynamic_joint_states --remap joint_states:=platform/joint_states --remap ~/reference:=platform/cmd_vel --remap ~/odometry:=platform/odom -p use_sim_time:=true --param use_sim_time:=true 
[imu_filter_madgwick_node-22] [WARN] [imu_filter_node]: The IMU seems to be in free fall, cannot determine gravity direction!
[spawner-12] [INFO] [spawner_joint_state_broadcaster]: Loaded joint_state_broadcaster
[gazebo-1] [INFO] [controller_manager]: Configuring controller: 'joint_state_broadcaster'
[gazebo-1] [INFO] [joint_state_broadcaster]: 'joints' or 'interfaces' parameter is empty. All available state interfaces will be published
[imu_filter_madgwick_node-22] [WARN] [imu_filter_node]: The IMU seems to be in free fall, cannot determine gravity direction!
[gazebo-1] [INFO] [controller_manager]: Activating controllers: [ joint_state_broadcaster ]
[gazebo-1] [INFO] [controller_manager]: Successfully switched controllers!
[imu_filter_madgwick_node-22] [WARN] [imu_filter_node]: The IMU seems to be in free fall, cannot determine gravity direction!
[imu_filter_madgwick_node-22] [WARN] [imu_filter_node]: The IMU seems to be in free fall, cannot determine gravity direction!
[spawner-12] [INFO] [spawner_joint_state_broadcaster]: Configured and activated joint_state_broadcaster
[imu_filter_madgwick_node-22] [WARN] [imu_filter_node]: The IMU seems to be in free fall, cannot determine gravity direction!
[imu_filter_madgwick_node-22] [WARN] [imu_filter_node]: The IMU seems to be in free fall, cannot determine gravity direction!
[INFO] [spawner-12]: process has finished cleanly [pid 122856]
[imu_filter_madgwick_node-22] [INFO] [imu_filter_node]: First IMU message received.
[INFO] [launch.user]: >>>>>>>>> Starting BARN Runner node...
[INFO] [barn_runner.py-31]: process started with pid [123680]
[barn_runner.py-31] [0m[INFO] [BARN_Runner]: >>>>>>>>> BARN Runner started.[0m
[barn_runner.py-31] [0m[INFO] [BARN_Runner]: >>>>>>>>> Resetting Jackal...[0m
[barn_runner.py-31] [0m[INFO] [BARN_Runner]: >>>>>>>>> Initial position: (-2.25, 3.00).[0m
[barn_runner.py-31] [0m[INFO] [BARN_Runner]: >>>>>>>>> Goal position: (-2.25, 13.00).[0m
[barn_runner.py-31] [0m[INFO] [BARN_Runner]: >>>>>>>>> Waiting for robot to start moving...[0m
[INFO] [launch.user]: >>>>>>>>> Launching Nav2...
[INFO] [controller_server-32]: process started with pid [123695]
[INFO] [smoother_server-33]: process started with pid [123696]
[INFO] [planner_server-34]: process started with pid [123697]
[INFO] [behavior_server-35]: process started with pid [123698]
[INFO] [bt_navigator-36]: process started with pid [123699]
[INFO] [velocity_smoother-37]: process started with pid [123700]
[INFO] [lifecycle_manager-38]: process started with pid [123701]
[smoother_server-33] [INFO] [smoother_server]: 
[smoother_server-33] 	smoother_server lifecycle node launched. 
[smoother_server-33] 	Waiting on external lifecycle transitions to activate
[smoother_server-33] 	See https://design.ros2.org/articles/node_lifecycle.html for more information.
[smoother_server-33] [INFO] [smoother_server]: Creating smoother server
[controller_server-32] [INFO] [controller_server]: 
[controller_server-32] 	controller_server lifecycle node launched. 
[controller_server-32] 	Waiting on external lifecycle transitions to activate
[controller_server-32] 	See https://design.ros2.org/articles/node_lifecycle.html for more information.
[controller_server-32] [INFO] [controller_server]: Creating controller server
[behavior_server-35] [INFO] [behavior_server]: 
[behavior_server-35] 	behavior_server lifecycle node launched. 
[behavior_server-35] 	Waiting on external lifecycle transitions to activate
[behavior_server-35] 	See https://design.ros2.org/articles/node_lifecycle.html for more information.
[bt_navigator-36] [INFO] [bt_navigator]: 
[bt_navigator-36] 	bt_navigator lifecycle node launched. 
[bt_navigator-36] 	Waiting on external lifecycle transitions to activate
[bt_navigator-36] 	See https://design.ros2.org/articles/node_lifecycle.html for more information.
[bt_navigator-36] [INFO] [bt_navigator]: Creating
[controller_server-32] [INFO] [local_costmap.local_costmap]: 
[controller_server-32] 	local_costmap lifecycle node launched. 
[controller_server-32] 	Waiting on external lifecycle transitions to activate
[controller_server-32] 	See https://design.ros2.org/articles/node_lifecycle.html for more information.
[controller_server-32] [INFO] [local_costmap.local_costmap]: Creating Costmap
[planner_server-34] [INFO] [planner_server]: 
[planner_server-34] 	planner_server lifecycle node launched. 
[planner_server-34] 	Waiting on external lifecycle transitions to activate
[planner_server-34] 	See https://design.ros2.org/articles/node_lifecycle.html for more information.
[planner_server-34] [INFO] [planner_server]: Creating
[planner_server-34] [INFO] [global_costmap.global_costmap]: 
[planner_server-34] 	global_costmap lifecycle node launched. 
[planner_server-34] 	Waiting on external lifecycle transitions to activate
[planner_server-34] 	See https://design.ros2.org/articles/node_lifecycle.html for more information.
[planner_server-34] [INFO] [global_costmap.global_costmap]: Creating Costmap
[lifecycle_manager-38] [INFO] [lifecycle_manager_navigation]: Creating
[lifecycle_manager-38] [INFO] [lifecycle_manager_navigation]: [34m[1mCreating and initializing lifecycle service clients[0m[0m
[velocity_smoother-37] [INFO] [velocity_smoother]: 
[velocity_smoother-37] 	velocity_smoother lifecycle node launched. 
[velocity_smoother-37] 	Waiting on external lifecycle transitions to activate
[velocity_smoother-37] 	See https://design.ros2.org/articles/node_lifecycle.html for more information.
[lifecycle_manager-38] [INFO] [lifecycle_manager_navigation]: [34m[1mStarting managed nodes bringup...[0m[0m
[lifecycle_manager-38] [INFO] [lifecycle_manager_navigation]: [34m[1mConfiguring controller_server[0m[0m
[controller_server-32] [INFO] [controller_server]: Configuring controller interface
[controller_server-32] [INFO] [controller_server]: getting progress checker plugins..
[controller_server-32] [INFO] [controller_server]: getting goal checker plugins..
[controller_server-32] [INFO] [controller_server]: Controller frequency set to 20.0000Hz
[controller_server-32] [INFO] [local_costmap.local_costmap]: Configuring
[controller_server-32] [INFO] [local_costmap.local_costmap]: Using plugin "voxel_layer"
[controller_server-32] [INFO] [local_costmap.local_costmap]: Subscribed to Topics: scan
[controller_server-32] [INFO] [local_costmap.local_costmap]: Initialized plugin "voxel_layer"
[controller_server-32] [INFO] [local_costmap.local_costmap]: Using plugin "inflation_layer"
[controller_server-32] [INFO] [local_costmap.local_costmap]: Initialized plugin "inflation_layer"
[controller_server-32] [INFO] [controller_server]: Created progress_checker : progress_checker of type nav2_controller::SimpleProgressChecker
[controller_server-32] [INFO] [controller_server]: Controller Server has progress_checker  progress checkers available.
[controller_server-32] [INFO] [controller_server]: Created goal checker : general_goal_checker of type nav2_controller::SimpleGoalChecker
[controller_server-32] [INFO] [controller_server]: Controller Server has general_goal_checker  goal checkers available.
[controller_server-32] [INFO] [controller_server]: Created controller : FollowPath of type nav2_mppi_controller::MPPIController
[controller_server-32] [INFO] [controller_server]: Controller period is equal to model dt. Control sequence shifting is ON
[controller_server-32] [INFO] [controller_server]: ConstraintCritic instantiated with 1 power and 4.000000 weight.
[controller_server-32] [INFO] [controller_server]: Critic loaded : mppi::critics::ConstraintCritic
[controller_server-32] [INFO] [controller_server]: InflationCostCritic instantiated with 1 power and 300.000000 / 0.015000 weights. Critic will collision check based on footprint cost.
[controller_server-32] [INFO] [controller_server]: Critic loaded : mppi::critics::CostCritic
[controller_server-32] [INFO] [controller_server]: GoalCritic instantiated with 1 power and 5.000000 weight.
[controller_server-32] [INFO] [controller_server]: Critic loaded : mppi::critics::GoalCritic
[controller_server-32] [INFO] [controller_server]: GoalAngleCritic instantiated with 1 power, 3.000000 weight, 0.500000 angular threshold and symmetric_yaw_tolerance disabled
[controller_server-32] [INFO] [controller_server]: Critic loaded : mppi::critics::GoalAngleCritic
[controller_server-32] [INFO] [controller_server]: ReferenceTrajectoryCritic instantiated with 1 power and 8.000000 weight
[controller_server-32] [INFO] [controller_server]: Critic loaded : mppi::critics::PathAlignCritic
[controller_server-32] [INFO] [controller_server]: Critic loaded : mppi::critics::PathFollowCritic
[controller_server-32] [INFO] [controller_server]: PathAngleCritic instantiated with 1 power and 2.000000 weight. Mode set to: Forward Preference
[controller_server-32] [INFO] [controller_server]: Critic loaded : mppi::critics::PathAngleCritic
[controller_server-32] [INFO] [controller_server]: PreferForwardCritic instantiated with 1 power and 5.000000 weight.
[controller_server-32] [INFO] [controller_server]: Critic loaded : mppi::critics::PreferForwardCritic
[controller_server-32] [INFO] [controller_server]: Optimizer reset
[controller_server-32] [INFO] [MPPIController]: Configured MPPI Controller: FollowPath
[controller_server-32] [INFO] [controller_server]: Controller Server has FollowPath  controllers available.
[lifecycle_manager-38] [INFO] [lifecycle_manager_navigation]: [34m[1mConfiguring smoother_server[0m[0m
[smoother_server-33] [INFO] [smoother_server]: Configuring smoother server
[smoother_server-33] [INFO] [smoother_server]: Created smoother : simple_smoother of type nav2_smoother::SimpleSmoother
[smoother_server-33] [INFO] [smoother_server]: Smoother Server has simple_smoother  smoothers available.
[lifecycle_manager-38] [INFO] [lifecycle_manager_navigation]: [34m[1mConfiguring planner_server[0m[0m
[planner_server-34] [INFO] [planner_server]: Configuring
[planner_server-34] [INFO] [global_costmap.global_costmap]: Configuring
[planner_server-34] [INFO] [global_costmap.global_costmap]: Using plugin "obstacle_layer"
[planner_server-34] [INFO] [global_costmap.global_costmap]: Subscribed to Topics: scan
[planner_server-34] [INFO] [global_costmap.global_costmap]: Initialized plugin "obstacle_layer"
[planner_server-34] [INFO] [global_costmap.global_costmap]: Using plugin "inflation_layer"
[planner_server-34] [INFO] [global_costmap.global_costmap]: Initialized plugin "inflation_layer"
[planner_server-34] [INFO] [planner_server]: Created global planner plugin GridBased of type nav2_navfn_planner::NavfnPlanner
[planner_server-34] [INFO] [planner_server]: Configuring plugin GridBased of type NavfnPlanner
[planner_server-34] [INFO] [planner_server]: Planner Server has GridBased  planners available.
[lifecycle_manager-38] [INFO] [lifecycle_manager_navigation]: [34m[1mConfiguring behavior_server[0m[0m
[behavior_server-35] [INFO] [behavior_server]: Configuring
[behavior_server-35] [INFO] [behavior_server]: Creating behavior plugin spin of type nav2_behaviors::Spin
[behavior_server-35] [INFO] [behavior_server]: Creating behavior plugin backup of type nav2_behaviors::BackUp
[behavior_server-35] [INFO] [behavior_server]: Creating behavior plugin drive_on_heading of type nav2_behaviors::DriveOnHeading
[behavior_server-35] [INFO] [behavior_server]: Creating behavior plugin assisted_teleop of type nav2_behaviors::AssistedTeleop
[behavior_server-35] [INFO] [behavior_server]: Creating behavior plugin wait of type nav2_behaviors::Wait
[behavior_server-35] [INFO] [behavior_server]: Configuring spin
[behavior_server-35] [INFO] [behavior_server]: Configuring backup
[behavior_server-35] [INFO] [behavior_server]: Configuring drive_on_heading
[behavior_server-35] [INFO] [behavior_server]: Configuring assisted_teleop
[behavior_server-35] [INFO] [behavior_server]: Configuring wait
[lifecycle_manager-38] [INFO] [lifecycle_manager_navigation]: [34m[1mConfiguring velocity_smoother[0m[0m
[velocity_smoother-37] [INFO] [velocity_smoother]: Configuring velocity smoother
[lifecycle_manager-38] [INFO] [lifecycle_manager_navigation]: [34m[1mConfiguring bt_navigator[0m[0m
[bt_navigator-36] [INFO] [bt_navigator]: Configuring
[bt_navigator-36] [INFO] [bt_navigator]: Creating navigator id navigate_to_pose of type nav2_bt_navigator::NavigateToPoseNavigator
[bt_navigator-36] [INFO] [bt_navigator]: Creating navigator id navigate_through_poses of type nav2_bt_navigator::NavigateThroughPosesNavigator
[lifecycle_manager-38] [INFO] [lifecycle_manager_navigation]: [34m[1mActivating controller_server[0m[0m
[controller_server-32] [INFO] [controller_server]: Activating
[controller_server-32] [INFO] [local_costmap.local_costmap]: Activating
[controller_server-32] [INFO] [local_costmap.local_costmap]: Checking transform
[controller_server-32] [INFO] [local_costmap.local_costmap]: start
[controller_server-32] [WARN] [controller_server]: Parameter controller_server.verbose not found
[controller_server-32] [INFO] [controller_server]: Optimizer reset
[controller_server-32] [INFO] [MPPIController]: Activated MPPI Controller: FollowPath
[controller_server-32] [INFO] [controller_server]: Creating bond (controller_server) to lifecycle manager.
[lifecycle_manager-38] [INFO] [lifecycle_manager_navigation]: Server controller_server connected with bond.
[lifecycle_manager-38] [INFO] [lifecycle_manager_navigation]: [34m[1mActivating smoother_server[0m[0m
[smoother_server-33] [INFO] [smoother_server]: Activating
[smoother_server-33] [INFO] [smoother_server]: Creating bond (smoother_server) to lifecycle manager.
[lifecycle_manager-38] [INFO] [lifecycle_manager_navigation]: Server smoother_server connected with bond.
[lifecycle_manager-38] [INFO] [lifecycle_manager_navigation]: [34m[1mActivating planner_server[0m[0m
[planner_server-34] [INFO] [planner_server]: Activating
[planner_server-34] [INFO] [global_costmap.global_costmap]: Activating
[planner_server-34] [INFO] [global_costmap.global_costmap]: Checking transform
[planner_server-34] [INFO] [global_costmap.global_costmap]: Timed out waiting for transform from base_link to odom to become available, tf error: Invalid frame ID "odom" passed to canTransform argument target_frame - frame does not exist
[planner_server-34] [INFO] [global_costmap.global_costmap]: Timed out waiting for transform from base_link to odom to become available, tf error: Invalid frame ID "odom" passed to canTransform argument target_frame - frame does not exist
[planner_server-34] [INFO] [global_costmap.global_costmap]: start
[planner_server-34] [INFO] [planner_server]: Activating plugin GridBased of type NavfnPlanner
[planner_server-34] [INFO] [planner_server]: Creating bond (planner_server) to lifecycle manager.
[lifecycle_manager-38] [INFO] [lifecycle_manager_navigation]: Server planner_server connected with bond.
[lifecycle_manager-38] [INFO] [lifecycle_manager_navigation]: [34m[1mActivating behavior_server[0m[0m
[behavior_server-35] [INFO] [behavior_server]: Activating
[behavior_server-35] [INFO] [behavior_server]: Activating spin
[behavior_server-35] [INFO] [behavior_server]: Activating backup
[behavior_server-35] [INFO] [behavior_server]: Activating drive_on_heading
[behavior_server-35] [INFO] [behavior_server]: Activating assisted_teleop
[behavior_server-35] [INFO] [behavior_server]: Activating wait
[behavior_server-35] [INFO] [behavior_server]: Creating bond (behavior_server) to lifecycle manager.
[lifecycle_manager-38] [INFO] [lifecycle_manager_navigation]: Server behavior_server connected with bond.
[lifecycle_manager-38] [INFO] [lifecycle_manager_navigation]: [34m[1mActivating velocity_smoother[0m[0m
[velocity_smoother-37] [INFO] [velocity_smoother]: Activating
[velocity_smoother-37] [INFO] [velocity_smoother]: Creating bond (velocity_smoother) to lifecycle manager.
[lifecycle_manager-38] [INFO] [lifecycle_manager_navigation]: Server velocity_smoother connected with bond.
[lifecycle_manager-38] [INFO] [lifecycle_manager_navigation]: [34m[1mActivating bt_navigator[0m[0m
[bt_navigator-36] [INFO] [bt_navigator]: Activating
[bt_navigator-36] [INFO] [bt_navigator]: Creating bond (bt_navigator) to lifecycle manager.
[lifecycle_manager-38] [INFO] [lifecycle_manager_navigation]: Server bt_navigator connected with bond.
[lifecycle_manager-38] [INFO] [lifecycle_manager_navigation]: [34m[1mManaged nodes are active[0m[0m
[lifecycle_manager-38] [INFO] [lifecycle_manager_navigation]: [34m[1mCreating bond timer...[0m[0m
[INFO] [launch.user]: >>>>>>>>> Publishing Nav2 goal... 
[INFO] [ros2-39]: process started with pid [123831]
[bt_navigator-36] [INFO] [bt_navigator]: Begin navigating from current location (0.00, -0.00) to (10.00, 0.00)
[controller_server-32] [INFO] [controller_server]: Received a goal, begin computing control effort.
[controller_server-32] [WARN] [controller_server]: No goal checker was specified in parameter 'current_goal_checker'. Server will use only plugin loaded general_goal_checker . This warning will appear once.
[controller_server-32] [WARN] [controller_server]: No progress checker was specified in parameter 'current_progress_checker'. Server will use only plugin loaded progress_checker . This warning will appear once.
[parameter_bridge-19] [INFO] [cmd_vel_bridge]: Passing message from ROS geometry_msgs/msg/TwistStamped to Gazebo gz.msgs.Twist (showing msg only once per type)
[controller_server-32] [INFO] [controller_server]: Passing new path to controller.
[controller_server-32] [INFO] [controller_server]: Passing new path to controller.
[barn_runner.py-31] [0m[INFO] [BARN_Runner]: >>>>>>>>> Trial running...[0m
[barn_runner.py-31] [0m[INFO] [BARN_Runner]: Time: 0.02 (s), x: -2.25 (m), y: 3.11 (m)[0m
[controller_server-32] [INFO] [controller_server]: Passing new path to controller.
[barn_runner.py-31] [0m[INFO] [BARN_Runner]: Time: 1.03 (s), x: -2.25 (m), y: 3.21 (m)[0m
[controller_server-32] [INFO] [controller_server]: Passing new path to controller.
[barn_runner.py-31] [0m[INFO] [BARN_Runner]: Time: 2.04 (s), x: -2.25 (m), y: 3.31 (m)[0m
[controller_server-32] [INFO] [controller_server]: Passing new path to controller.
[barn_runner.py-31] [0m[INFO] [BARN_Runner]: Time: 3.05 (s), x: -2.24 (m), y: 3.42 (m)[0m
[controller_server-32] [INFO] [controller_server]: Passing new path to controller.
[barn_runner.py-31] [0m[INFO] [BARN_Runner]: Time: 4.07 (s), x: -2.24 (m), y: 3.53 (m)[0m
[controller_server-32] [INFO] [controller_server]: Passing new path to controller.
[barn_runner.py-31] [0m[INFO] [BARN_Runner]: Time: 5.07 (s), x: -2.24 (m), y: 3.63 (m)[0m
[controller_server-32] [INFO] [controller_server]: Passing new path to controller.
[barn_runner.py-31] [0m[INFO] [BARN_Runner]: Time: 6.08 (s), x: -2.24 (m), y: 3.73 (m)[0m
[controller_server-32] [INFO] [controller_server]: Passing new path to controller.
[laser_scan_fault_injector.py-4] [33m[WARN] [laser_scan_fault_injector]: Fault active at t=5.02s (for 20.00s): cycling frontal sector dropout bursts (period=1.00s, duty=0.50).[0m
[scan_fault_policy_selector.py-5] [33m[WARN] [scan_fault_policy_selector]: fault_episode_start: Stage2B observation started, observation_window_s=2.00, baseline_range_max_ratio=0.200, baseline_span_ratio=0.078.[0m
[barn_runner.py-31] [0m[INFO] [BARN_Runner]: Time: 7.10 (s), x: -2.23 (m), y: 3.84 (m)[0m
[controller_server-32] [INFO] [controller_server]: Passing new path to controller.
[barn_runner.py-31] [0m[INFO] [BARN_Runner]: Time: 8.10 (s), x: -2.23 (m), y: 3.92 (m)[0m
[controller_server-32] [INFO] [controller_server]: Passing new path to controller.
[barn_runner.py-31] [0m[INFO] [BARN_Runner]: Time: 9.12 (s), x: -2.22 (m), y: 4.04 (m)[0m
[controller_server-32] [INFO] [controller_server]: Passing new path to controller.
[barn_runner.py-31] [0m[INFO] [BARN_Runner]: Time: 10.14 (s), x: -2.21 (m), y: 4.14 (m)[0m
[controller_server-32] [INFO] [controller_server]: Passing new path to controller.
[barn_runner.py-31] [0m[INFO] [BARN_Runner]: Time: 11.15 (s), x: -2.20 (m), y: 4.25 (m)[0m
[controller_server-32] [INFO] [controller_server]: Passing new path to controller.
[barn_runner.py-31] [0m[INFO] [BARN_Runner]: Time: 12.15 (s), x: -2.19 (m), y: 4.35 (m)[0m
[controller_server-32] [INFO] [controller_server]: Passing new path to controller.
[barn_runner.py-31] [0m[INFO] [BARN_Runner]: Time: 13.16 (s), x: -2.18 (m), y: 4.45 (m)[0m
[controller_server-32] [INFO] [controller_server]: Passing new path to controller.
[barn_runner.py-31] [0m[INFO] [BARN_Runner]: Time: 14.18 (s), x: -2.17 (m), y: 4.57 (m)[0m
[controller_server-32] [INFO] [controller_server]: Passing new path to controller.
[barn_runner.py-31] [0m[INFO] [BARN_Runner]: Time: 15.18 (s), x: -2.16 (m), y: 4.65 (m)[0m
[controller_server-32] [INFO] [controller_server]: Passing new path to controller.
[barn_runner.py-31] [0m[INFO] [BARN_Runner]: Time: 16.19 (s), x: -2.14 (m), y: 4.75 (m)[0m
[controller_server-32] [INFO] [controller_server]: Passing new path to controller.
[barn_runner.py-31] [0m[INFO] [BARN_Runner]: Time: 17.20 (s), x: -2.12 (m), y: 4.85 (m)[0m
[controller_server-32] [INFO] [controller_server]: Passing new path to controller.
[barn_runner.py-31] [0m[INFO] [BARN_Runner]: Time: 18.21 (s), x: -2.11 (m), y: 4.96 (m)[0m
[controller_server-32] [INFO] [controller_server]: Passing new path to controller.
[barn_runner.py-31] [0m[INFO] [BARN_Runner]: Time: 19.24 (s), x: -2.09 (m), y: 5.06 (m)[0m
[controller_server-32] [INFO] [controller_server]: Passing new path to controller.
[barn_runner.py-31] [0m[INFO] [BARN_Runner]: Time: 20.25 (s), x: -2.07 (m), y: 5.13 (m)[0m
[controller_server-32] [INFO] [controller_server]: Passing new path to controller.
[barn_runner.py-31] [0m[INFO] [BARN_Runner]: Time: 21.26 (s), x: -2.06 (m), y: 5.21 (m)[0m
[scan_fault_policy_selector.py-5] [33m[WARN] [scan_fault_policy_selector]: fault_type_estimated: predicted_type=DROPOUT, reason=clear_dropout_switching, classification_latency_s=2.00, sample_count=81, degraded_fraction=0.494, switching_rate_per_s=2.000, longest_degraded_streak_s=0.475, longest_healthy_streak_s=0.500, evidence_mean=0.537, evidence_max=1.000.[0m
[scan_fault_policy_selector.py-5] [33m[WARN] [scan_fault_policy_selector]: policy_selected: predicted_type=DROPOUT, selected_policy=dropout_scan_filter, dropout_filter_enable=True, masking_monitor_enable=False.[0m
[dropout_scan_recovery_filter.py-6] [33m[WARN] [dropout_scan_recovery_filter]: Dropout recovery filter enabled by selector.[0m
[dropout_scan_recovery_filter.py-6] [33m[WARN] [dropout_scan_recovery_filter]: Dropout recovery filter active: rejecting frontal dropout bursts (range_max_ratio=1.00, threshold=0.55).[0m
[controller_server-32] [INFO] [controller_server]: Passing new path to controller.
[barn_runner.py-31] [0m[INFO] [BARN_Runner]: Time: 22.26 (s), x: -2.04 (m), y: 5.29 (m)[0m
[controller_server-32] [INFO] [controller_server]: Passing new path to controller.
[barn_runner.py-31] [0m[INFO] [BARN_Runner]: Time: 23.28 (s), x: -2.03 (m), y: 5.36 (m)[0m
[controller_server-32] [INFO] [controller_server]: Passing new path to controller.
[barn_runner.py-31] [0m[INFO] [BARN_Runner]: Time: 24.30 (s), x: -2.03 (m), y: 5.45 (m)[0m
[controller_server-32] [INFO] [controller_server]: Passing new path to controller.
[barn_runner.py-31] [0m[INFO] [BARN_Runner]: Time: 25.32 (s), x: -2.02 (m), y: 5.53 (m)[0m
[dropout_scan_recovery_filter.py-6] [0m[INFO] [dropout_scan_recovery_filter]: Dropout recovery filter pass-through: healthy scan phase returned (range_max_ratio=0.29).[0m
[controller_server-32] [INFO] [controller_server]: Passing new path to controller.
[barn_runner.py-31] [0m[INFO] [BARN_Runner]: Time: 26.33 (s), x: -2.02 (m), y: 5.63 (m)[0m
[controller_server-32] [INFO] [controller_server]: Passing new path to controller.
[barn_runner.py-31] [0m[INFO] [BARN_Runner]: Time: 27.33 (s), x: -2.02 (m), y: 5.71 (m)[0m
[controller_server-32] [INFO] [controller_server]: Passing new path to controller.
[barn_runner.py-31] [0m[INFO] [BARN_Runner]: Time: 28.34 (s), x: -2.02 (m), y: 5.79 (m)[0m
[controller_server-32] [INFO] [controller_server]: Passing new path to controller.
[barn_runner.py-31] [0m[INFO] [BARN_Runner]: Time: 29.36 (s), x: -2.03 (m), y: 5.86 (m)[0m
[controller_server-32] [INFO] [controller_server]: Passing new path to controller.
[barn_runner.py-31] [0m[INFO] [BARN_Runner]: Time: 30.36 (s), x: -2.04 (m), y: 5.93 (m)[0m
[controller_server-32] [INFO] [controller_server]: Passing new path to controller.
[barn_runner.py-31] [0m[INFO] [BARN_Runner]: Time: 31.38 (s), x: -2.06 (m), y: 6.01 (m)[0m
[controller_server-32] [INFO] [controller_server]: Passing new path to controller.
[barn_runner.py-31] [0m[INFO] [BARN_Runner]: Time: 32.40 (s), x: -2.08 (m), y: 6.08 (m)[0m
[controller_server-32] [INFO] [controller_server]: Passing new path to controller.
[barn_runner.py-31] [0m[INFO] [BARN_Runner]: Time: 33.42 (s), x: -2.11 (m), y: 6.16 (m)[0m
[dropout_scan_recovery_filter.py-6] [0m[INFO] [dropout_scan_recovery_filter]: Dropout recovery filter pass-through: healthy scan phase returned (range_max_ratio=0.32).[0m
[controller_server-32] [INFO] [controller_server]: Passing new path to controller.
[barn_runner.py-31] [0m[INFO] [BARN_Runner]: Time: 34.43 (s), x: -2.15 (m), y: 6.24 (m)[0m
[controller_server-32] [INFO] [controller_server]: Passing new path to controller.
[barn_runner.py-31] [0m[INFO] [BARN_Runner]: Time: 35.43 (s), x: -2.18 (m), y: 6.32 (m)[0m
[controller_server-32] [INFO] [controller_server]: Passing new path to controller.
[barn_runner.py-31] [0m[INFO] [BARN_Runner]: Time: 36.44 (s), x: -2.23 (m), y: 6.40 (m)[0m
[controller_server-32] [INFO] [controller_server]: Passing new path to controller.
[barn_runner.py-31] [0m[INFO] [BARN_Runner]: Time: 37.46 (s), x: -2.27 (m), y: 6.48 (m)[0m
[controller_server-32] [INFO] [controller_server]: Passing new path to controller.
[barn_runner.py-31] [0m[INFO] [BARN_Runner]: Time: 38.47 (s), x: -2.33 (m), y: 6.56 (m)[0m
[controller_server-32] [INFO] [controller_server]: Passing new path to controller.
[barn_runner.py-31] [0m[INFO] [BARN_Runner]: Time: 39.47 (s), x: -2.38 (m), y: 6.63 (m)[0m
[controller_server-32] [INFO] [controller_server]: Passing new path to controller.
[barn_runner.py-31] [0m[INFO] [BARN_Runner]: Time: 40.49 (s), x: -2.44 (m), y: 6.70 (m)[0m
[controller_server-32] [INFO] [controller_server]: Passing new path to controller.
[dropout_scan_recovery_filter.py-6] [0m[INFO] [dropout_scan_recovery_filter]: Dropout recovery filter pass-through: healthy scan phase returned (range_max_ratio=0.29).[0m
[barn_runner.py-31] [0m[INFO] [BARN_Runner]: Time: 41.50 (s), x: -2.50 (m), y: 6.76 (m)[0m
[controller_server-32] [INFO] [controller_server]: Passing new path to controller.
[barn_runner.py-31] [0m[INFO] [BARN_Runner]: Time: 42.51 (s), x: -2.55 (m), y: 6.83 (m)[0m
[controller_server-32] [INFO] [controller_server]: Passing new path to controller.
[barn_runner.py-31] [0m[INFO] [BARN_Runner]: Time: 43.52 (s), x: -2.61 (m), y: 6.89 (m)[0m
[barn_runner.py-31] [0m[INFO] [BARN_Runner]: Time: 44.53 (s), x: -2.68 (m), y: 6.96 (m)[0m
[controller_server-32] [INFO] [controller_server]: Passing new path to controller.
[barn_runner.py-31] [0m[INFO] [BARN_Runner]: Time: 45.55 (s), x: -2.73 (m), y: 7.02 (m)[0m
[controller_server-32] [INFO] [controller_server]: Passing new path to controller.
[barn_runner.py-31] [0m[INFO] [BARN_Runner]: Time: 46.55 (s), x: -2.80 (m), y: 7.09 (m)[0m
[controller_server-32] [INFO] [controller_server]: Passing new path to controller.
[barn_runner.py-31] [0m[INFO] [BARN_Runner]: Time: 47.57 (s), x: -2.85 (m), y: 7.16 (m)[0m
[controller_server-32] [INFO] [controller_server]: Passing new path to controller.
[barn_runner.py-31] [0m[INFO] [BARN_Runner]: Time: 48.58 (s), x: -2.92 (m), y: 7.23 (m)[0m
[controller_server-32] [INFO] [controller_server]: Passing new path to controller.
[dropout_scan_recovery_filter.py-6] [0m[INFO] [dropout_scan_recovery_filter]: Dropout recovery filter pass-through: healthy scan phase returned (range_max_ratio=0.39).[0m
[barn_runner.py-31] [0m[INFO] [BARN_Runner]: Time: 49.59 (s), x: -2.97 (m), y: 7.29 (m)[0m
[controller_server-32] [INFO] [controller_server]: Passing new path to controller.
[barn_runner.py-31] [0m[INFO] [BARN_Runner]: Time: 50.60 (s), x: -3.03 (m), y: 7.36 (m)[0m
[controller_server-32] [INFO] [controller_server]: Passing new path to controller.
[barn_runner.py-31] [0m[INFO] [BARN_Runner]: Time: 51.62 (s), x: -3.07 (m), y: 7.43 (m)[0m
[controller_server-32] [INFO] [controller_server]: Passing new path to controller.
[barn_runner.py-31] [0m[INFO] [BARN_Runner]: Time: 52.64 (s), x: -3.12 (m), y: 7.50 (m)[0m
[controller_server-32] [INFO] [controller_server]: Passing new path to controller.
[barn_runner.py-31] [0m[INFO] [BARN_Runner]: Time: 53.65 (s), x: -3.16 (m), y: 7.56 (m)[0m
[controller_server-32] [INFO] [controller_server]: Passing new path to controller.
[barn_runner.py-31] [0m[INFO] [BARN_Runner]: Time: 54.67 (s), x: -3.21 (m), y: 7.63 (m)[0m
[controller_server-32] [INFO] [controller_server]: Passing new path to controller.
[barn_runner.py-31] [0m[INFO] [BARN_Runner]: Time: 55.68 (s), x: -3.24 (m), y: 7.69 (m)[0m
[controller_server-32] [INFO] [controller_server]: Passing new path to controller.
[barn_runner.py-31] [0m[INFO] [BARN_Runner]: Time: 56.68 (s), x: -3.28 (m), y: 7.77 (m)[0m
[controller_server-32] [INFO] [controller_server]: Passing new path to controller.
[barn_runner.py-31] [0m[INFO] [BARN_Runner]: Time: 57.68 (s), x: -3.31 (m), y: 7.83 (m)[0m
[controller_server-32] [INFO] [controller_server]: Passing new path to controller.
[barn_runner.py-31] [0m[INFO] [BARN_Runner]: Time: 58.69 (s), x: -3.34 (m), y: 7.91 (m)[0m
[controller_server-32] [INFO] [controller_server]: Passing new path to controller.
[barn_runner.py-31] [0m[INFO] [BARN_Runner]: Time: 59.71 (s), x: -3.37 (m), y: 7.99 (m)[0m
[controller_server-32] [INFO] [controller_server]: Passing new path to controller.
[barn_runner.py-31] [0m[INFO] [BARN_Runner]: Time: 60.72 (s), x: -3.39 (m), y: 8.06 (m)[0m
[controller_server-32] [INFO] [controller_server]: Passing new path to controller.
[barn_runner.py-31] [0m[INFO] [BARN_Runner]: Time: 61.72 (s), x: -3.41 (m), y: 8.12 (m)[0m
[controller_server-32] [INFO] [controller_server]: Passing new path to controller.
[barn_runner.py-31] [0m[INFO] [BARN_Runner]: Time: 62.73 (s), x: -3.43 (m), y: 8.19 (m)[0m
[controller_server-32] [INFO] [controller_server]: Passing new path to controller.
[barn_runner.py-31] [0m[INFO] [BARN_Runner]: Time: 63.74 (s), x: -3.44 (m), y: 8.27 (m)[0m
[controller_server-32] [INFO] [controller_server]: Passing new path to controller.
[barn_runner.py-31] [0m[INFO] [BARN_Runner]: Time: 64.76 (s), x: -3.45 (m), y: 8.37 (m)[0m
[controller_server-32] [INFO] [controller_server]: Passing new path to controller.
[barn_runner.py-31] [0m[INFO] [BARN_Runner]: Time: 65.77 (s), x: -3.45 (m), y: 8.47 (m)[0m
[controller_server-32] [INFO] [controller_server]: Passing new path to controller.
[barn_runner.py-31] [0m[INFO] [BARN_Runner]: Time: 66.78 (s), x: -3.44 (m), y: 8.56 (m)[0m
[controller_server-32] [INFO] [controller_server]: Passing new path to controller.
[barn_runner.py-31] [0m[INFO] [BARN_Runner]: Time: 67.78 (s), x: -3.43 (m), y: 8.68 (m)[0m
[controller_server-32] [INFO] [controller_server]: Passing new path to controller.
[barn_runner.py-31] [0m[INFO] [BARN_Runner]: Time: 68.78 (s), x: -3.42 (m), y: 8.78 (m)[0m
[controller_server-32] [INFO] [controller_server]: Passing new path to controller.
[barn_runner.py-31] [0m[INFO] [BARN_Runner]: Time: 69.79 (s), x: -3.40 (m), y: 8.88 (m)[0m
[controller_server-32] [INFO] [controller_server]: Passing new path to controller.
[barn_runner.py-31] [0m[INFO] [BARN_Runner]: Time: 70.80 (s), x: -3.39 (m), y: 8.98 (m)[0m
[controller_server-32] [INFO] [controller_server]: Passing new path to controller.
[barn_runner.py-31] [0m[INFO] [BARN_Runner]: Time: 71.80 (s), x: -3.37 (m), y: 9.09 (m)[0m
[controller_server-32] [INFO] [controller_server]: Passing new path to controller.
[barn_runner.py-31] [0m[INFO] [BARN_Runner]: Time: 72.81 (s), x: -3.35 (m), y: 9.20 (m)[0m
[controller_server-32] [INFO] [controller_server]: Passing new path to controller.
[barn_runner.py-31] [0m[INFO] [BARN_Runner]: Time: 73.81 (s), x: -3.34 (m), y: 9.30 (m)[0m
[controller_server-32] [INFO] [controller_server]: Passing new path to controller.
[barn_runner.py-31] [0m[INFO] [BARN_Runner]: Time: 74.82 (s), x: -3.32 (m), y: 9.40 (m)[0m
[controller_server-32] [INFO] [controller_server]: Passing new path to controller.
[barn_runner.py-31] [0m[INFO] [BARN_Runner]: Time: 75.84 (s), x: -3.29 (m), y: 9.51 (m)[0m
[controller_server-32] [INFO] [controller_server]: Passing new path to controller.
[barn_runner.py-31] [0m[INFO] [BARN_Runner]: Time: 76.85 (s), x: -3.27 (m), y: 9.61 (m)[0m
[controller_server-32] [INFO] [controller_server]: Passing new path to controller.
[barn_runner.py-31] [0m[INFO] [BARN_Runner]: Time: 77.86 (s), x: -3.25 (m), y: 9.71 (m)[0m
[controller_server-32] [INFO] [controller_server]: Passing new path to controller.
[barn_runner.py-31] [0m[INFO] [BARN_Runner]: Time: 78.87 (s), x: -3.22 (m), y: 9.81 (m)[0m
[controller_server-32] [INFO] [controller_server]: Passing new path to controller.
[barn_runner.py-31] [0m[INFO] [BARN_Runner]: Time: 79.89 (s), x: -3.19 (m), y: 9.92 (m)[0m
[controller_server-32] [INFO] [controller_server]: Passing new path to controller.
[barn_runner.py-31] [0m[INFO] [BARN_Runner]: Time: 80.90 (s), x: -3.16 (m), y: 10.02 (m)[0m
[controller_server-32] [INFO] [controller_server]: Passing new path to controller.
[barn_runner.py-31] [0m[INFO] [BARN_Runner]: Time: 81.91 (s), x: -3.13 (m), y: 10.14 (m)[0m
[controller_server-32] [INFO] [controller_server]: Passing new path to controller.
[barn_runner.py-31] [0m[INFO] [BARN_Runner]: Time: 82.91 (s), x: -3.10 (m), y: 10.23 (m)[0m
[controller_server-32] [INFO] [controller_server]: Passing new path to controller.
[barn_runner.py-31] [0m[INFO] [BARN_Runner]: Time: 83.91 (s), x: -3.07 (m), y: 10.35 (m)[0m
[controller_server-32] [INFO] [controller_server]: Passing new path to controller.
[barn_runner.py-31] [0m[INFO] [BARN_Runner]: Time: 84.93 (s), x: -3.04 (m), y: 10.45 (m)[0m
[controller_server-32] [INFO] [controller_server]: Passing new path to controller.
[barn_runner.py-31] [0m[INFO] [BARN_Runner]: Time: 85.94 (s), x: -3.01 (m), y: 10.56 (m)[0m
[controller_server-32] [INFO] [controller_server]: Passing new path to controller.
[barn_runner.py-31] [0m[INFO] [BARN_Runner]: Time: 86.95 (s), x: -2.98 (m), y: 10.66 (m)[0m
[controller_server-32] [INFO] [controller_server]: Passing new path to controller.
[barn_runner.py-31] [0m[INFO] [BARN_Runner]: Time: 87.97 (s), x: -2.94 (m), y: 10.77 (m)[0m
[controller_server-32] [INFO] [controller_server]: Passing new path to controller.
[barn_runner.py-31] [0m[INFO] [BARN_Runner]: Time: 88.97 (s), x: -2.92 (m), y: 10.87 (m)[0m
[controller_server-32] [INFO] [controller_server]: Passing new path to controller.
[barn_runner.py-31] [0m[INFO] [BARN_Runner]: Time: 89.98 (s), x: -2.89 (m), y: 10.98 (m)[0m
[controller_server-32] [INFO] [controller_server]: Passing new path to controller.
[barn_runner.py-31] [0m[INFO] [BARN_Runner]: Time: 90.98 (s), x: -2.86 (m), y: 11.08 (m)[0m
[controller_server-32] [INFO] [controller_server]: Passing new path to controller.
[barn_runner.py-31] [0m[INFO] [BARN_Runner]: Time: 92.00 (s), x: -2.83 (m), y: 11.20 (m)[0m
[controller_server-32] [INFO] [controller_server]: Passing new path to controller.
[barn_runner.py-31] [0m[INFO] [BARN_Runner]: Time: 93.00 (s), x: -2.80 (m), y: 11.30 (m)[0m
[controller_server-32] [INFO] [controller_server]: Passing new path to controller.
[barn_runner.py-31] [0m[INFO] [BARN_Runner]: Time: 94.02 (s), x: -2.77 (m), y: 11.39 (m)[0m
[controller_server-32] [INFO] [controller_server]: Passing new path to controller.
[barn_runner.py-31] [0m[INFO] [BARN_Runner]: Time: 95.04 (s), x: -2.74 (m), y: 11.51 (m)[0m
[controller_server-32] [INFO] [controller_server]: Passing new path to controller.
[barn_runner.py-31] [0m[INFO] [BARN_Runner]: Time: 96.04 (s), x: -2.71 (m), y: 11.60 (m)[0m
[controller_server-32] [INFO] [controller_server]: Passing new path to controller.
[barn_runner.py-31] [0m[INFO] [BARN_Runner]: Time: 97.06 (s), x: -2.68 (m), y: 11.70 (m)[0m
[controller_server-32] [INFO] [controller_server]: Passing new path to controller.
[barn_runner.py-31] [0m[INFO] [BARN_Runner]: Time: 98.06 (s), x: -2.66 (m), y: 11.78 (m)[0m
[controller_server-32] [INFO] [controller_server]: Passing new path to controller.
[barn_runner.py-31] [0m[INFO] [BARN_Runner]: Time: 99.06 (s), x: -2.63 (m), y: 11.86 (m)[0m
[controller_server-32] [INFO] [controller_server]: Passing new path to controller.
[barn_runner.py-31] [0m[INFO] [BARN_Runner]: Time: 100.08 (s), x: -2.61 (m), y: 11.93 (m)[0m
[controller_server-32] [INFO] [controller_server]: Passing new path to controller.
[barn_runner.py-31] [0m[INFO] [BARN_Runner]: Time: 101.10 (s), x: -2.59 (m), y: 12.00 (m)[0m
[controller_server-32] [INFO] [controller_server]: Passing new path to controller.
[barn_runner.py-31] [0m[INFO] [BARN_Runner]: >>>>>>>>>>>>>>>>>> Test finished! <<<<<<<<<<<<<<<<<<[0m
[barn_runner.py-31] [0m[INFO] [BARN_Runner]: Navigation succeeded with time 101.9310 (s)[0m
[barn_runner.py-31] [0m[INFO] [BARN_Runner]: Navigation metric: 0.1250[0m
[barn_runner.py-31] [0m[INFO] [BARN_Runner]: ----------------------------------------------------[0m
[INFO] [barn_runner.py-31]: process has finished cleanly [pid 123680]
[INFO] [launch.user]: >>>>>>>>> Shutting down in 5 seconds...
[controller_server-32] [INFO] [controller_server]: Passing new path to controller.
[INFO] [launch]: process[barn_runner.py-31] was required: shutting down launched system
[INFO] [ros2-39]: sending signal 'SIGINT' to process[ros2-39]
[INFO] [lifecycle_manager-38]: sending signal 'SIGINT' to process[lifecycle_manager-38]
[INFO] [pkill-40]: process started with pid [123957]
[ERROR] [pkill-40]: process has died [pid 123957, exit code -9, cmd 'pkill -9 -f 'gz sim''].
[ERROR] [gazebo-1]: process has died [pid 122730, exit code -9, cmd 'ruby /opt/ros/jazzy/opt/gz_tools_vendor/bin/gz sim /home/student24/dissertation/barn_ros2/install/jackal_helper/share/jackal_helper/worlds/BARN/world_8.world -s -r -v 0 --gui-config /home/student24/dissertation/barn_ros2/install/jackal_helper/share/jackal_helper/config/gui.config --force-version 8'].
[INFO] [velocity_smoother-37]: sending signal 'SIGINT' to process[velocity_smoother-37]
[INFO] [bt_navigator-36]: sending signal 'SIGINT' to process[bt_navigator-36]
[INFO] [behavior_server-35]: sending signal 'SIGINT' to process[behavior_server-35]
[INFO] [planner_server-34]: sending signal 'SIGINT' to process[planner_server-34]
[INFO] [smoother_server-33]: sending signal 'SIGINT' to process[smoother_server-33]
[INFO] [controller_server-32]: sending signal 'SIGINT' to process[controller_server-32]
[INFO] [static_transform_publisher-29]: sending signal 'SIGINT' to process[static_transform_publisher-29]
[INFO] [parameter_bridge-28]: sending signal 'SIGINT' to process[parameter_bridge-28]
[INFO] [static_transform_publisher-27]: sending signal 'SIGINT' to process[static_transform_publisher-27]
[INFO] [parameter_bridge-26]: sending signal 'SIGINT' to process[parameter_bridge-26]
[INFO] [velocity_smoother-37]: process has finished cleanly [pid 123700]
[INFO] [static_transform_publisher-25]: sending signal 'SIGINT' to process[static_transform_publisher-25]
[INFO] [parameter_bridge-24]: sending signal 'SIGINT' to process[parameter_bridge-24]
[INFO] [parameter_bridge-23]: sending signal 'SIGINT' to process[parameter_bridge-23]
[INFO] [lifecycle_manager-38]: process has finished cleanly [pid 123701]
[INFO] [imu_filter_madgwick_node-22]: sending signal 'SIGINT' to process[imu_filter_madgwick_node-22]
[INFO] [parameter_bridge-28]: process has finished cleanly [pid 122904]
[INFO] [static_transform_publisher-29]: process has finished cleanly [pid 122905]
[INFO] [smoother_server-33]: process has finished cleanly [pid 123696]
[INFO] [static_transform_publisher-27]: process has finished cleanly [pid 122903]
[INFO] [parameter_bridge-26]: process has finished cleanly [pid 122897]
[INFO] [parameter_bridge-21]: sending signal 'SIGINT' to process[parameter_bridge-21]
[INFO] [parameter_bridge-20]: sending signal 'SIGINT' to process[parameter_bridge-20]
[INFO] [parameter_bridge-19]: sending signal 'SIGINT' to process[parameter_bridge-19]
[INFO] [static_transform_publisher-25]: process has finished cleanly [pid 122896]
[INFO] [behavior_server-35]: process has finished cleanly [pid 123698]
[INFO] [parameter_bridge-24]: process has finished cleanly [pid 122884]
[INFO] [teleop_node-18]: sending signal 'SIGINT' to process[teleop_node-18]
[INFO] [joy_linux_node-17]: sending signal 'SIGINT' to process[joy_linux_node-17]
[INFO] [twist_mux-16]: sending signal 'SIGINT' to process[twist_mux-16]
[INFO] [marker_server-15]: sending signal 'SIGINT' to process[marker_server-15]
[ERROR] [ros2-39]: process has died [pid 123831, exit code 1, cmd 'ros2 action send_goal /navigate_to_pose nav2_msgs/action/NavigateToPose {pose: {header: {frame_id: odom}, pose: {orientation: {w: 1.0}, position: {x: 10, y: 0.0, z: 0.0}}}}'].
[INFO] [controller_server-32]: process has finished cleanly [pid 123695]
[INFO] [parameter_bridge-23]: process has finished cleanly [pid 122883]
[INFO] [ekf_node-14]: sending signal 'SIGINT' to process[ekf_node-14]
[INFO] [robot_state_publisher-11]: sending signal 'SIGINT' to process[robot_state_publisher-11]
[INFO] [masking_nav2_recovery_supervisor.py-7]: sending signal 'SIGINT' to process[masking_nav2_recovery_supervisor.py-7]
[INFO] [dropout_scan_recovery_filter.py-6]: sending signal 'SIGINT' to process[dropout_scan_recovery_filter.py-6]
[INFO] [parameter_bridge-21]: process has finished cleanly [pid 122871]
[INFO] [scan_fault_policy_selector.py-5]: sending signal 'SIGINT' to process[scan_fault_policy_selector.py-5]
[INFO] [imu_filter_madgwick_node-22]: process has finished cleanly [pid 122880]
[INFO] [laser_scan_fault_injector.py-4]: sending signal 'SIGINT' to process[laser_scan_fault_injector.py-4]
[INFO] [parameter_bridge-20]: process has finished cleanly [pid 122868]
[INFO] [parameter_bridge-2]: sending signal 'SIGINT' to process[parameter_bridge-2]
[INFO] [parameter_bridge-19]: process has finished cleanly [pid 122867]
[INFO] [teleop_node-18]: process has finished cleanly [pid 122866]
[lifecycle_manager-38] [INFO] [rclcpp]: signal_handler(SIGINT/SIGTERM)
[lifecycle_manager-38] [INFO] [lifecycle_manager_navigation]: Running Nav2 LifecycleManager rcl preshutdown (lifecycle_manager_navigation)
[lifecycle_manager-38] [INFO] [lifecycle_manager_navigation]: [34m[1mTerminating bond timer...[0m[0m
[bt_navigator-36] [ERROR] [bt_navigator_navigate_to_pose_rclcpp_node]: Failed to get result for follow_path in node halt!
[bt_navigator-36] [INFO] [bt_navigator]: [navigate_to_pose] [ActionServer] Client requested to cancel the goal. Cancelling.
[bt_navigator-36] [INFO] [bt_navigator]: Goal canceled
[controller_server-32] [INFO] [controller_server]: Cancellation was successful. Stopping the robot.
[controller_server-32] [INFO] [controller_server]: [follow_path] [ActionServer] Client requested to cancel the goal. Cancelling.
[controller_server-32] [INFO] [controller_server]: Optimizer reset
[velocity_smoother-37] [INFO] [rclcpp]: signal_handler(SIGINT/SIGTERM)
[velocity_smoother-37] [INFO] [velocity_smoother]: Running Nav2 LifecycleNode rcl preshutdown (velocity_smoother)
[velocity_smoother-37] [INFO] [velocity_smoother]: Deactivating
[velocity_smoother-37] [INFO] [velocity_smoother]: Destroying bond (velocity_smoother) to lifecycle manager.
[velocity_smoother-37] [INFO] [velocity_smoother]: Cleaning up
[velocity_smoother-37] [INFO] [velocity_smoother]: Destroying bond (velocity_smoother) to lifecycle manager.
[bt_navigator-36] [INFO] [rclcpp]: signal_handler(SIGINT/SIGTERM)
[bt_navigator-36] [INFO] [bt_navigator]: Running Nav2 LifecycleNode rcl preshutdown (bt_navigator)
[bt_navigator-36] [INFO] [bt_navigator]: Deactivating
[bt_navigator-36] [INFO] [bt_navigator]: Destroying bond (bt_navigator) to lifecycle manager.
[bt_navigator-36] [INFO] [bt_navigator]: Cleaning up
[velocity_smoother-37] [INFO] [velocity_smoother]: Destroying
[behavior_server-35] [INFO] [rclcpp]: signal_handler(SIGINT/SIGTERM)
[behavior_server-35] [INFO] [behavior_server]: Running Nav2 LifecycleNode rcl preshutdown (behavior_server)
[behavior_server-35] [INFO] [behavior_server]: Deactivating
[behavior_server-35] [INFO] [behavior_server]: Destroying bond (behavior_server) to lifecycle manager.
[behavior_server-35] [INFO] [behavior_server]: Cleaning up
[INFO] [bt_navigator-36]: process has finished cleanly [pid 123699]
[planner_server-34] [INFO] [rclcpp]: signal_handler(SIGINT/SIGTERM)
[planner_server-34] [INFO] [planner_server]: Running Nav2 LifecycleNode rcl preshutdown (planner_server)
[planner_server-34] [INFO] [planner_server]: Deactivating
[planner_server-34] [INFO] [global_costmap.global_costmap]: Deactivating
[INFO] [joy_linux_node-17]: process has finished cleanly [pid 122863]
[ros2-39] Executor is already spinning
[behavior_server-35] [INFO] [behavior_server]: Destroying bond (behavior_server) to lifecycle manager.
[smoother_server-33] [INFO] [rclcpp]: signal_handler(SIGINT/SIGTERM)
[smoother_server-33] [INFO] [smoother_server]: Running Nav2 LifecycleNode rcl preshutdown (smoother_server)
[smoother_server-33] [INFO] [smoother_server]: Deactivating
[smoother_server-33] [INFO] [smoother_server]: Destroying bond (smoother_server) to lifecycle manager.
[smoother_server-33] [INFO] [smoother_server]: Cleaning up
[lifecycle_manager-38] [INFO] [lifecycle_manager_navigation]: Destroying lifecycle_manager_navigation
[controller_server-32] [INFO] [rclcpp]: signal_handler(SIGINT/SIGTERM)
[controller_server-32] [INFO] [controller_server]: Running Nav2 LifecycleNode rcl preshutdown (controller_server)
[controller_server-32] [INFO] [controller_server]: Deactivating
[controller_server-32] [INFO] [MPPIController]: Deactivated MPPI Controller: FollowPath
[controller_server-32] [INFO] [local_costmap.local_costmap]: Deactivating
[static_transform_publisher-29] [INFO] [rclcpp]: signal_handler(SIGINT/SIGTERM)
[smoother_server-33] [INFO] [smoother_server]: Destroying bond (smoother_server) to lifecycle manager.
[parameter_bridge-28] [INFO] [rclcpp]: signal_handler(SIGINT/SIGTERM)
[controller_server-32] [INFO] [controller_server]: Destroying bond (controller_server) to lifecycle manager.
[controller_server-32] [INFO] [controller_server]: Cleaning up
[smoother_server-33] [INFO] [smoother_server]: Destroying
[controller_server-32] [INFO] [MPPIController]: Cleaned up MPPI Controller: FollowPath
[controller_server-32] [INFO] [local_costmap.local_costmap]: Cleaning up
[static_transform_publisher-27] [INFO] [rclcpp]: signal_handler(SIGINT/SIGTERM)
[parameter_bridge-26] [INFO] [rclcpp]: signal_handler(SIGINT/SIGTERM)
[behavior_server-35] [INFO] [behavior_server]: Destroying
[static_transform_publisher-25] [INFO] [rclcpp]: signal_handler(SIGINT/SIGTERM)
[controller_server-32] [INFO] [controller_server]: Destroying bond (controller_server) to lifecycle manager.
[parameter_bridge-24] [INFO] [rclcpp]: signal_handler(SIGINT/SIGTERM)
[controller_server-32] [INFO] [local_costmap.local_costmap]: Destroying
[parameter_bridge-23] [INFO] [rclcpp]: signal_handler(SIGINT/SIGTERM)
[controller_server-32] [INFO] [controller_server]: Destroying
[imu_filter_madgwick_node-22] [INFO] [rclcpp]: signal_handler(SIGINT/SIGTERM)
[parameter_bridge-21] [INFO] [rclcpp]: signal_handler(SIGINT/SIGTERM)
[parameter_bridge-20] [INFO] [rclcpp]: signal_handler(SIGINT/SIGTERM)
[bt_navigator-36] [INFO] [bt_navigator]: Completed Cleaning up
[bt_navigator-36] [INFO] [bt_navigator]: Destroying bond (bt_navigator) to lifecycle manager.
[parameter_bridge-19] [INFO] [rclcpp]: signal_handler(SIGINT/SIGTERM)
[bt_navigator-36] [INFO] [bt_navigator]: Destroying
[teleop_node-18] [INFO] [rclcpp]: signal_handler(SIGINT/SIGTERM)
[joy_linux_node-17] [INFO] [rclcpp]: signal_handler(SIGINT/SIGTERM)
[joy_linux_node-17] [INFO] [joy_node]: joy_node shut down.
[twist_mux-16] [INFO] [rclcpp]: signal_handler(SIGINT/SIGTERM)
[marker_server-15] [INFO] [rclcpp]: signal_handler(SIGINT/SIGTERM)
[ekf_node-14] [INFO] [rclcpp]: signal_handler(SIGINT/SIGTERM)
[robot_state_publisher-11] [INFO] [rclcpp]: signal_handler(SIGINT/SIGTERM)
[INFO] [marker_server-15]: process has finished cleanly [pid 122859]
[planner_server-34] [INFO] [planner_server]: Deactivating plugin GridBased of type NavfnPlanner
[planner_server-34] [INFO] [planner_server]: Destroying bond (planner_server) to lifecycle manager.
[INFO] [twist_mux-16]: process has finished cleanly [pid 122862]
[planner_server-34] [INFO] [planner_server]: Cleaning up
[INFO] [ekf_node-14]: process has finished cleanly [pid 122858]
[INFO] [robot_state_publisher-11]: process has finished cleanly [pid 122855]
[planner_server-34] [INFO] [global_costmap.global_costmap]: Cleaning up
[planner_server-34] [INFO] [planner_server]: Cleaning up plugin GridBased of type NavfnPlanner
[planner_server-34] [INFO] [planner_server]: Destroying plugin GridBased of type NavfnPlanner
[planner_server-34] [INFO] [planner_server]: Destroying bond (planner_server) to lifecycle manager.
[planner_server-34] [INFO] [global_costmap.global_costmap]: Destroying
[planner_server-34] [INFO] [planner_server]: Destroying
[INFO] [parameter_bridge-2]: process has finished cleanly [pid 122731]
[INFO] [scan_fault_policy_selector.py-5]: process has finished cleanly [pid 122735]
[INFO] [dropout_scan_recovery_filter.py-6]: process has finished cleanly [pid 122736]
[INFO] [laser_scan_fault_injector.py-4]: process has finished cleanly [pid 122734]
[INFO] [masking_nav2_recovery_supervisor.py-7]: process has finished cleanly [pid 122737]
[INFO] [planner_server-34]: process has finished cleanly [pid 123697]
