COMMAND: ros2 launch jackal_helper BARN_runner.launch.py world_idx:=250 gui:=false rviz:=false timeout:=300 throttle_duration:=5 out_file:=fault_campaign_world250_fault_r001.txt setup_path:=/home/student24/dissertation/barn_ros2/src/The-Barn-Challenge-Ros2/experiment_setups/tuned_clean nav2_log_level:=INFO scan_fault_enable:=true scan_fault_start:=15.0 scan_fault_duration:=20.0 scan_fault_center_deg:=0.0 scan_fault_width_deg:=90.0
STARTED_AT: 2026-07-31T19:56:30.414461

[INFO] [launch]: All log files can be found below /home/student24/.ros/log/2026-07-31-19-56-30-761752-barn-vm-57708
[INFO] [launch]: Default logging verbosity is set to INFO
[INFO] [launch.user]: >>>>>>>>> LiDAR fault injector enabled: start=15.0s duration=20.0s width=90.0deg
[INFO] [laser_scan_fault_injector.py-4]: process started with pid [57717]
[INFO] [gazebo-1]: process started with pid [57713]
[INFO] [parameter_bridge-2]: process started with pid [57714]
[INFO] [generate_description-3]: process started with pid [57716]
[generate_description-3] Generated /home/student24/dissertation/barn_ros2/src/The-Barn-Challenge-Ros2/experiment_setups/tuned_clean/robot.urdf.xacro
[INFO] [generate_description-3]: process has finished cleanly [pid 57716]
[INFO] [generate_semantic_description-5]: process started with pid [57738]
[laser_scan_fault_injector.py-4] [0m[INFO] [laser_scan_fault_injector]: Laser scan fault injector ready: /front/scan -> /front/scan_faulted, start=15.0s, duration=20.0s, center=0.0deg, width=90.0deg, replacement=range_max[0m
[generate_semantic_description-5] [INFO] [moveit_collision_updater.urdf]: Loaded j100-0000 robot model.
[generate_semantic_description-5] [INFO] [moveit_2580291439.moveit.core.robot_model]: Loading robot model 'j100-0000'...
[generate_semantic_description-5] [INFO] [moveit_2580291439.moveit.core.robot_model]: No root/virtual joint specified in SRDF. Assuming fixed joint
[generate_semantic_description-5] [WARN] [moveit_2580291439.moveit.core.robot_model]: Link lidar2d_0_link has visual geometry but no collision geometry. Collision geometry will be left empty. Fix your URDF file by explicitly specifying collision geometry.
[generate_semantic_description-5] [WARN] [moveit_2580291439.moveit.core.robot_model]: Link lidar3d_0_laser has visual geometry but no collision geometry. Collision geometry will be left empty. Fix your URDF file by explicitly specifying collision geometry.
[generate_semantic_description-5] [WARN] [moveit_2580291439.moveit.core.robot_model]: Link lidar2d_1_link has visual geometry but no collision geometry. Collision geometry will be left empty. Fix your URDF file by explicitly specifying collision geometry.
[generate_semantic_description-5] [WARN] [moveit_2580291439.moveit.core.robot_model]: Link gps_0_link has visual geometry but no collision geometry. Collision geometry will be left empty. Fix your URDF file by explicitly specifying collision geometry.
[generate_semantic_description-5] [WARN] [moveit_2580291439.moveit.core.robot_model]: Link front_fender_link has visual geometry but no collision geometry. Collision geometry will be left empty. Fix your URDF file by explicitly specifying collision geometry.
[generate_semantic_description-5] [WARN] [moveit_2580291439.moveit.core.robot_model]: Link rear_fender_link has visual geometry but no collision geometry. Collision geometry will be left empty. Fix your URDF file by explicitly specifying collision geometry.
[generate_semantic_description-5] [INFO] [moveit_collision_updater.srdf]: Robot semantic model successfully loaded.
[generate_semantic_description-5] [INFO] [moveit_collision_updater.Self-Collisions]: Thread complete 36
[generate_semantic_description-5] Warning: class_loader.ClassLoader: SEVERE WARNING!!! Attempting to unload library while objects created by this loader exist in the heap! You should delete your objects before attempting to unload the library or destroying the ClassLoader. The library will NOT be unloaded.
[generate_semantic_description-5]          at line 127 in ./src/class_loader.cpp
[generate_semantic_description-5] Generated /home/student24/dissertation/barn_ros2/src/The-Barn-Challenge-Ros2/experiment_setups/tuned_clean/robot.srdf.xacro
[INFO] [generate_semantic_description-5]: process has finished cleanly [pid 57738]
[INFO] [generate_launch-6]: process started with pid [57791]
[generate_launch-6] Generated launch file: /home/student24/dissertation/barn_ros2/src/The-Barn-Challenge-Ros2/experiment_setups/tuned_clean/manipulators/launch/manipulators-service.launch.py
[generate_launch-6] Generated launch file: /home/student24/dissertation/barn_ros2/src/The-Barn-Challenge-Ros2/experiment_setups/tuned_clean/sensors/launch/lidar2d_0.launch.py
[generate_launch-6] Generated launch file: /home/student24/dissertation/barn_ros2/src/The-Barn-Challenge-Ros2/experiment_setups/tuned_clean/sensors/launch/lidar2d_1.launch.py
[generate_launch-6] Generated launch file: /home/student24/dissertation/barn_ros2/src/The-Barn-Challenge-Ros2/experiment_setups/tuned_clean/sensors/launch/lidar3d_0.launch.py
[generate_launch-6] Generated launch file: /home/student24/dissertation/barn_ros2/src/The-Barn-Challenge-Ros2/experiment_setups/tuned_clean/sensors/launch/sensors-service.launch.py
[generate_launch-6] Generated launch file: /home/student24/dissertation/barn_ros2/src/The-Barn-Challenge-Ros2/experiment_setups/tuned_clean/platform/launch/platform-service.launch.py
[INFO] [generate_launch-6]: process has finished cleanly [pid 57791]
[INFO] [generate_param-7]: process started with pid [57792]
[generate_param-7] Generated config: /home/student24/dissertation/barn_ros2/src/The-Barn-Challenge-Ros2/experiment_setups/tuned_clean/sensors/config/lidar2d_0.yaml
[generate_param-7] Generated config: /home/student24/dissertation/barn_ros2/src/The-Barn-Challenge-Ros2/experiment_setups/tuned_clean/sensors/config/lidar2d_1.yaml
[generate_param-7] Generated config: /home/student24/dissertation/barn_ros2/src/The-Barn-Challenge-Ros2/experiment_setups/tuned_clean/sensors/config/lidar3d_0.yaml
[generate_param-7] Generated config: /home/student24/dissertation/barn_ros2/src/The-Barn-Challenge-Ros2/experiment_setups/tuned_clean/platform/config/control.yaml
[generate_param-7] Generated config: /home/student24/dissertation/barn_ros2/src/The-Barn-Challenge-Ros2/experiment_setups/tuned_clean/platform/config/diagnostic_aggregator.yaml
[generate_param-7] Generated config: /home/student24/dissertation/barn_ros2/src/The-Barn-Challenge-Ros2/experiment_setups/tuned_clean/platform/config/diagnostic_updater.yaml
[generate_param-7] Generated config: /home/student24/dissertation/barn_ros2/src/The-Barn-Challenge-Ros2/experiment_setups/tuned_clean/platform/config/foxglove_bridge.yaml
[generate_param-7] Generated config: /home/student24/dissertation/barn_ros2/src/The-Barn-Challenge-Ros2/experiment_setups/tuned_clean/platform/config/imu_filter.yaml
[generate_param-7] Generated config: /home/student24/dissertation/barn_ros2/src/The-Barn-Challenge-Ros2/experiment_setups/tuned_clean/platform/config/localization.yaml
[generate_param-7] Generated config: /home/student24/dissertation/barn_ros2/src/The-Barn-Challenge-Ros2/experiment_setups/tuned_clean/platform/config/teleop_interactive_markers.yaml
[generate_param-7] Generated config: /home/student24/dissertation/barn_ros2/src/The-Barn-Challenge-Ros2/experiment_setups/tuned_clean/platform/config/teleop_joy.yaml
[generate_param-7] Generated config: /home/student24/dissertation/barn_ros2/src/The-Barn-Challenge-Ros2/experiment_setups/tuned_clean/platform/config/twist_mux.yaml
[generate_param-7] Generated config: /home/student24/dissertation/barn_ros2/src/The-Barn-Challenge-Ros2/experiment_setups/tuned_clean/sensors/config/imu_0.yaml
[generate_param-7] Generated config: /home/student24/dissertation/barn_ros2/src/The-Barn-Challenge-Ros2/experiment_setups/tuned_clean/sensors/config/gps_0.yaml
[generate_param-7] Generated config: /home/student24/dissertation/barn_ros2/src/The-Barn-Challenge-Ros2/experiment_setups/tuned_clean/manipulators/config/moveit.yaml
[INFO] [generate_param-7]: process has finished cleanly [pid 57792]
[INFO] [robot_state_publisher-8]: process started with pid [57795]
[INFO] [spawner-9]: process started with pid [57796]
[INFO] [spawner-10]: process started with pid [57797]
[INFO] [ekf_node-11]: process started with pid [57798]
[INFO] [marker_server-12]: process started with pid [57799]
[INFO] [twist_mux-13]: process started with pid [57800]
[INFO] [joy_linux_node-14]: process started with pid [57801]
[INFO] [teleop_node-15]: process started with pid [57802]
[INFO] [parameter_bridge-16]: process started with pid [57805]
[INFO] [parameter_bridge-17]: process started with pid [57806]
[INFO] [parameter_bridge-18]: process started with pid [57807]
[INFO] [imu_filter_madgwick_node-19]: process started with pid [57808]
[INFO] [parameter_bridge-20]: process started with pid [57809]
[INFO] [parameter_bridge-21]: process started with pid [57810]
[INFO] [static_transform_publisher-22]: process started with pid [57811]
[INFO] [parameter_bridge-23]: process started with pid [57813]
[INFO] [static_transform_publisher-24]: process started with pid [57817]
[INFO] [parameter_bridge-25]: process started with pid [57818]
[INFO] [static_transform_publisher-26]: process started with pid [57819]
[INFO] [create-27]: process started with pid [57820]
[twist_mux-13] [INFO] [twist_mux]: Topic handler 'topics.external' subscribed to topic 'cmd_vel': timeout = 0.500000s , priority = 1.
[twist_mux-13] [INFO] [twist_mux]: Topic handler 'topics.interactive_marker' subscribed to topic 'twist_marker_server/cmd_vel': timeout = 0.500000s , priority = 8.
[robot_state_publisher-8] [INFO] [robot_state_publisher]: Robot initialized
[parameter_bridge-16] [INFO] [cmd_vel_bridge]: Creating GZ->ROS Bridge: [/cmd_vel (gz.msgs.Twist) -> /cmd_vel (geometry_msgs/msg/TwistStamped)] (Lazy 0)
[parameter_bridge-16] [INFO] [cmd_vel_bridge]: Creating ROS->GZ Bridge: [/model/robot/cmd_vel (geometry_msgs/msg/TwistStamped) -> /model/robot/cmd_vel (gz.msgs.Twist)] (Lazy 0)
[joy_linux_node-14] [ERROR] [joy_node]: Couldn't open joystick /dev/input/ps4. Will retry every second.
[twist_mux-13] [INFO] [twist_mux]: Topic handler 'topics.joy' subscribed to topic 'joy_teleop/cmd_vel': timeout = 0.500000s , priority = 10.
[imu_filter_madgwick_node-19] [INFO] [imu_filter_node]: Starting ImuFilter
[imu_filter_madgwick_node-19] [INFO] [imu_filter_node]: Using dt computed from message headers
[imu_filter_madgwick_node-19] [INFO] [imu_filter_node]: The gravity vector is kept in the IMU message.
[twist_mux-13] [INFO] [twist_mux]: Topic handler 'topics.rc' subscribed to topic 'rc_teleop/cmd_vel': timeout = 0.500000s , priority = 12.
[twist_mux-13] [INFO] [twist_mux]: Topic handler 'locks.e_stop' subscribed to topic 'platform/emergency_stop': timeout = None , priority = 255.
[imu_filter_madgwick_node-19] [INFO] [imu_filter_node]: Imu filter gain set to 0.100000
[imu_filter_madgwick_node-19] [INFO] [imu_filter_node]: Gyro drift bias set to 0.000000
[imu_filter_madgwick_node-19] [INFO] [imu_filter_node]: Magnetometer bias values: 0.000000 0.000000 0.000000
[static_transform_publisher-22] [INFO] [lidar2d_0_static_tf]: Spinning until stopped - publishing transform
[static_transform_publisher-22] translation: ('0.000000', '0.000000', '0.000000')
[static_transform_publisher-22] rotation: ('0.000000', '0.000000', '0.000000', '1.000000')
[static_transform_publisher-22] from 'lidar2d_0_link' to 'robot/base_link/lidar2d_0'
[ekf_node-11] [INFO] [ekf_node]: Waiting for clock to start...
[twist_mux-13] [INFO] [twist_mux]: Topic handler 'locks.safety_stop' subscribed to topic 'platform/safety_stop': timeout = None , priority = 254.
[marker_server-12] [INFO] [twist_server_node]: [interactive_marker_twist_server] Initialized.
[teleop_node-15] [INFO] [TeleopTwistJoy]: Teleop enable button 4.
[teleop_node-15] [INFO] [TeleopTwistJoy]: Turbo on button 5.
[teleop_node-15] [INFO] [TeleopTwistJoy]: Linear axis x on 1 at scale 0.400000.
[teleop_node-15] [INFO] [TeleopTwistJoy]: Turbo for linear axis x is scale 2.000000.
[teleop_node-15] [INFO] [TeleopTwistJoy]: Linear axis y on 3 at scale 0.000000.
[teleop_node-15] [INFO] [TeleopTwistJoy]: Turbo for linear axis y is scale 0.000000.
[teleop_node-15] [INFO] [TeleopTwistJoy]: Angular axis yaw on 0 at scale 0.600000.
[teleop_node-15] [INFO] [TeleopTwistJoy]: Turbo for angular axis yaw is scale 1.400000.
[create-27] [INFO] [ros_gz_sim]: Requesting list of world names.
[static_transform_publisher-24] [INFO] [lidar2d_1_static_tf]: Spinning until stopped - publishing transform
[static_transform_publisher-24] translation: ('0.000000', '0.000000', '0.000000')
[static_transform_publisher-24] rotation: ('0.000000', '0.000000', '0.000000', '1.000000')
[static_transform_publisher-24] from 'lidar2d_1_link' to 'robot/base_link/lidar2d_1'
[static_transform_publisher-26] [INFO] [lidar3d_0_static_tf]: Spinning until stopped - publishing transform
[static_transform_publisher-26] translation: ('0.000000', '0.000000', '0.000000')
[static_transform_publisher-26] rotation: ('0.000000', '0.000000', '0.000000', '1.000000')
[static_transform_publisher-26] from 'lidar3d_0_link' to 'robot/base_link/lidar3d_0'
[parameter_bridge-20] [INFO] [gps_0_gz_bridge]: Creating GZ->ROS Bridge: [/sensors/gps_0/navsat (gz.msgs.NavSat) -> sensors/gps_0/fix (sensor_msgs/msg/NavSatFix)] (Lazy 0)
[parameter_bridge-25] [INFO] [sensors.lidar3d_0_gz_bridge]: Creating GZ->ROS Bridge: [/sensors/lidar3d_0/scan (gz.msgs.LaserScan) -> lidar3d_0/scan (sensor_msgs/msg/LaserScan)] (Lazy 0)
[create-27] [INFO] [ros_gz_sim]: Waiting messages on topic [robot_description].
[parameter_bridge-25] [INFO] [sensors.lidar3d_0_gz_bridge]: Creating GZ->ROS Bridge: [/sensors/lidar3d_0/scan/points (gz.msgs.PointCloudPacked) -> lidar3d_0/points (sensor_msgs/msg/PointCloud2)] (Lazy 0)
[create-27] [INFO] [ros_gz_sim]: Entity creation successful.
[parameter_bridge-17] [INFO] [odom_base_tf_bridge]: Creating GZ->ROS Bridge: [/model/robot/tf (gz.msgs.Pose_V) -> /model/robot/tf (tf2_msgs/msg/TFMessage)] (Lazy 0)
[spawner-10] [INFO] [spawner_platform_velocity_controller]: waiting for service /controller_manager/list_controllers to become available...
[INFO] [create-27]: process has finished cleanly [pid 57820]
[parameter_bridge-18] [INFO] [imu_0_gz_bridge]: Creating GZ->ROS Bridge: [/sensors/imu_0/data (gz.msgs.IMU) -> sensors/imu_0/data (sensor_msgs/msg/Imu)] (Lazy 0)
[parameter_bridge-18] [INFO] [imu_0_gz_bridge]: Creating GZ->ROS Bridge: [/sensors/imu_0/data_raw (gz.msgs.IMU) -> sensors/imu_0/data_raw (sensor_msgs/msg/Imu)] (Lazy 0)
[parameter_bridge-23] [INFO] [sensors.lidar2d_1_gz_bridge]: Creating GZ->ROS Bridge: [/sensors/lidar2d_1/scan (gz.msgs.LaserScan) -> lidar2d_1/scan (sensor_msgs/msg/LaserScan)] (Lazy 0)
[parameter_bridge-21] [INFO] [sensors.lidar2d_0_gz_bridge]: Creating GZ->ROS Bridge: [/sensors/lidar2d_0/scan (gz.msgs.LaserScan) -> lidar2d_0/scan (sensor_msgs/msg/LaserScan)] (Lazy 0)
[gazebo-1] [INFO] [gz_ros_control]: Loading controller_manager
[gazebo-1] [INFO] [controller_manager]: Using ROS clock for triggering controller manager cycles.
[gazebo-1] [INFO] [controller_manager]: Subscribing to '/robot_description' topic for robot description.
[gazebo-1] [WARN] [gz_ros_control]: Waiting RM to load and initialize hardware...
[gazebo-1] [INFO] [controller_manager]: Received robot description from topic.
[gazebo-1] [INFO] [controller_manager]: Enforcing command limits is disabled. Command limits from URDF will be ignored.
[gazebo-1] [INFO] [gz_ros_control]: The position_proportional_gain has been set to: 0.1
[gazebo-1] [INFO] [gz_ros_control]: Loading joint: front_left_wheel_joint
[gazebo-1] [INFO] [gz_ros_control]: 	State:
[gazebo-1] [INFO] [gz_ros_control]: 		 position
[gazebo-1] [INFO] [gz_ros_control]: 		 velocity
[gazebo-1] [INFO] [gz_ros_control]: 	Command:
[gazebo-1] [INFO] [gz_ros_control]: 		 velocity
[gazebo-1] [INFO] [gz_ros_control]: Loading joint: front_right_wheel_joint
[gazebo-1] [INFO] [gz_ros_control]: 	State:
[gazebo-1] [INFO] [gz_ros_control]: 		 position
[gazebo-1] [INFO] [gz_ros_control]: 		 velocity
[gazebo-1] [INFO] [gz_ros_control]: 	Command:
[gazebo-1] [INFO] [gz_ros_control]: 		 velocity
[gazebo-1] [INFO] [gz_ros_control]: Loading joint: rear_left_wheel_joint
[gazebo-1] [INFO] [gz_ros_control]: 	State:
[gazebo-1] [INFO] [gz_ros_control]: 		 position
[gazebo-1] [INFO] [gz_ros_control]: 		 velocity
[gazebo-1] [INFO] [gz_ros_control]: 	Command:
[gazebo-1] [INFO] [gz_ros_control]: 		 velocity
[gazebo-1] [INFO] [gz_ros_control]: Loading joint: rear_right_wheel_joint
[gazebo-1] [INFO] [gz_ros_control]: 	State:
[gazebo-1] [INFO] [gz_ros_control]: 		 position
[gazebo-1] [INFO] [gz_ros_control]: 		 velocity
[gazebo-1] [INFO] [gz_ros_control]: 	Command:
[gazebo-1] [INFO] [gz_ros_control]: 		 velocity
[gazebo-1] [INFO] [gz_ros_control]: Loading sensor: imu_0
[gazebo-1] [INFO] [gz_ros_control]: 	State:
[gazebo-1] [WARN] [gz_ros_control]: IMU sensor 'imu_0' not found in hardware_info, skipping.
[gazebo-1] [INFO] [controller_manager]: Initialize hardware 'j100_hardware' 
[gazebo-1] [WARN] [controller_manager.hardware_component.system.j100_hardware]: Executor is not available during hardware component initialization for 'j100_hardware'. Skipping node creation!
[gazebo-1] [INFO] [controller_manager]: Successful initialization of hardware 'j100_hardware'
[gazebo-1] [INFO] [controller_manager]: Activating component 'j100_hardware'.
[gazebo-1] [INFO] [resource_manager]: 'configure' hardware 'j100_hardware' 
[gazebo-1] [INFO] [gz_ros_control]: System Successfully configured!
[gazebo-1] [INFO] [resource_manager]: Successful 'configure' of hardware 'j100_hardware'
[gazebo-1] [INFO] [resource_manager]: 'activate' hardware 'j100_hardware' 
[gazebo-1] [INFO] [resource_manager]: Successful 'activate' of hardware 'j100_hardware'
[gazebo-1] [WARN] [controller_manager]: Component 'j100_hardware' does not have read or write statistics initialized, skipping registration.
[gazebo-1] [INFO] [controller_manager]: Resource Manager has been successfully initialized. Starting Controller Manager services...
[gazebo-1] [INFO] [controller_manager]: Loading controller : 'platform_velocity_controller' of type 'diff_drive_controller/DiffDriveController'
[gazebo-1] [INFO] [controller_manager]: Loading controller 'platform_velocity_controller'
[gazebo-1] [WARN] [controller_manager]: The use of remapping arguments to the controller_manager node is deprecated. Please use the '--controller-ros-args' argument of the spawner to pass remapping arguments to the controller node.
[gazebo-1] [INFO] [controller_manager]: Controller 'platform_velocity_controller' node arguments: --ros-args --params-file /home/student24/dissertation/barn_ros2/src/The-Barn-Challenge-Ros2/experiment_setups/tuned_clean/platform/config/control.yaml --ros-args --remap ~/odom:=platform/odom --remap ~/cmd_vel:=platform/cmd_vel --remap /tf:=tf --remap /tf_static:=tf_static --remap /diagnostics:=diagnostics --remap /dynamic_joint_states:=platform/dynamic_joint_states --remap joint_states:=platform/joint_states --remap ~/reference:=platform/cmd_vel --remap ~/odometry:=platform/odom -p use_sim_time:=true --param use_sim_time:=true 
[spawner-10] [INFO] [spawner_platform_velocity_controller]: Loaded platform_velocity_controller
[gazebo-1] [INFO] [controller_manager]: Configuring controller: 'platform_velocity_controller'
[gazebo-1] [INFO] [controller_manager]: Activating controllers: [ platform_velocity_controller ]
[gazebo-1] [WARN] [gz_ros_control]:  Desired controller update period (0.02 s) is slower than the gazebo simulation period (0.001 s).
[imu_filter_madgwick_node-19] [WARN] [imu_filter_node]: The IMU seems to be in free fall, cannot determine gravity direction!
[gazebo-1] libEGL warning: egl: failed to create dri2 screen
[gazebo-1] libEGL warning: egl: failed to create dri2 screen
[gazebo-1] libEGL warning: NEEDS EXTENSION: falling back to kms_swrast
[gazebo-1] [INFO] [controller_manager]: Successfully switched controllers!
[imu_filter_madgwick_node-19] [WARN] [imu_filter_node]: The IMU seems to be in free fall, cannot determine gravity direction!
[spawner-10] [INFO] [spawner_platform_velocity_controller]: Configured and activated platform_velocity_controller
[imu_filter_madgwick_node-19] [WARN] [imu_filter_node]: The IMU seems to be in free fall, cannot determine gravity direction!
[spawner-9] [INFO] [spawner_joint_state_broadcaster]: waiting for service /controller_manager/list_controllers to become available...
[INFO] [spawner-10]: process has finished cleanly [pid 57797]
[imu_filter_madgwick_node-19] [WARN] [imu_filter_node]: The IMU seems to be in free fall, cannot determine gravity direction!
[INFO] [launch.user]: >>>>>>>>> Starting BARN Runner node...
[INFO] [barn_runner.py-28]: process started with pid [58967]
[imu_filter_madgwick_node-19] [WARN] [imu_filter_node]: The IMU seems to be in free fall, cannot determine gravity direction!
[gazebo-1] [INFO] [controller_manager]: Loading controller : 'joint_state_broadcaster' of type 'joint_state_broadcaster/JointStateBroadcaster'
[gazebo-1] [INFO] [controller_manager]: Loading controller 'joint_state_broadcaster'
[gazebo-1] [WARN] [controller_manager]: The use of remapping arguments to the controller_manager node is deprecated. Please use the '--controller-ros-args' argument of the spawner to pass remapping arguments to the controller node.
[gazebo-1] [INFO] [controller_manager]: Controller 'joint_state_broadcaster' node arguments: --ros-args --params-file /home/student24/dissertation/barn_ros2/src/The-Barn-Challenge-Ros2/experiment_setups/tuned_clean/platform/config/control.yaml --ros-args --remap ~/odom:=platform/odom --remap ~/cmd_vel:=platform/cmd_vel --remap /tf:=tf --remap /tf_static:=tf_static --remap /diagnostics:=diagnostics --remap /dynamic_joint_states:=platform/dynamic_joint_states --remap joint_states:=platform/joint_states --remap ~/reference:=platform/cmd_vel --remap ~/odometry:=platform/odom -p use_sim_time:=true --param use_sim_time:=true 
[imu_filter_madgwick_node-19] [WARN] [imu_filter_node]: The IMU seems to be in free fall, cannot determine gravity direction!
[spawner-9] [INFO] [spawner_joint_state_broadcaster]: Loaded joint_state_broadcaster
[gazebo-1] [INFO] [controller_manager]: Configuring controller: 'joint_state_broadcaster'
[gazebo-1] [INFO] [joint_state_broadcaster]: 'joints' or 'interfaces' parameter is empty. All available state interfaces will be published
[imu_filter_madgwick_node-19] [WARN] [imu_filter_node]: The IMU seems to be in free fall, cannot determine gravity direction!
[gazebo-1] [INFO] [controller_manager]: Activating controllers: [ joint_state_broadcaster ]
[barn_runner.py-28] [0m[INFO] [BARN_Runner]: >>>>>>>>> BARN Runner started.[0m
[barn_runner.py-28] [0m[INFO] [BARN_Runner]: >>>>>>>>> Resetting Jackal...[0m
[gazebo-1] [INFO] [controller_manager]: Successfully switched controllers!
[imu_filter_madgwick_node-19] [WARN] [imu_filter_node]: The IMU seems to be in free fall, cannot determine gravity direction!
[imu_filter_madgwick_node-19] [WARN] [imu_filter_node]: The IMU seems to be in free fall, cannot determine gravity direction!
[spawner-9] [INFO] [spawner_joint_state_broadcaster]: Configured and activated joint_state_broadcaster
[barn_runner.py-28] [0m[INFO] [BARN_Runner]: >>>>>>>>> Initial position: (-2.25, 3.00).[0m
[barn_runner.py-28] [0m[INFO] [BARN_Runner]: >>>>>>>>> Goal position: (-2.25, 13.00).[0m
[barn_runner.py-28] [0m[INFO] [BARN_Runner]: >>>>>>>>> Waiting for robot to start moving...[0m
[INFO] [spawner-9]: process has finished cleanly [pid 57796]
[imu_filter_madgwick_node-19] [WARN] [imu_filter_node]: The IMU seems to be in free fall, cannot determine gravity direction!
[imu_filter_madgwick_node-19] [INFO] [imu_filter_node]: First IMU message received.
[INFO] [launch.user]: >>>>>>>>> Launching Nav2...
[INFO] [controller_server-29]: process started with pid [58990]
[INFO] [smoother_server-30]: process started with pid [58991]
[INFO] [planner_server-31]: process started with pid [58992]
[INFO] [behavior_server-32]: process started with pid [58993]
[INFO] [bt_navigator-33]: process started with pid [58994]
[INFO] [velocity_smoother-34]: process started with pid [58995]
[INFO] [lifecycle_manager-35]: process started with pid [58996]
[planner_server-31] [INFO] [planner_server]: 
[planner_server-31] 	planner_server lifecycle node launched. 
[planner_server-31] 	Waiting on external lifecycle transitions to activate
[planner_server-31] 	See https://design.ros2.org/articles/node_lifecycle.html for more information.
[planner_server-31] [INFO] [planner_server]: Creating
[planner_server-31] [INFO] [global_costmap.global_costmap]: 
[planner_server-31] 	global_costmap lifecycle node launched. 
[planner_server-31] 	Waiting on external lifecycle transitions to activate
[planner_server-31] 	See https://design.ros2.org/articles/node_lifecycle.html for more information.
[planner_server-31] [INFO] [global_costmap.global_costmap]: Creating Costmap
[bt_navigator-33] [INFO] [bt_navigator]: 
[bt_navigator-33] 	bt_navigator lifecycle node launched. 
[bt_navigator-33] 	Waiting on external lifecycle transitions to activate
[bt_navigator-33] 	See https://design.ros2.org/articles/node_lifecycle.html for more information.
[bt_navigator-33] [INFO] [bt_navigator]: Creating
[velocity_smoother-34] [INFO] [velocity_smoother]: 
[velocity_smoother-34] 	velocity_smoother lifecycle node launched. 
[velocity_smoother-34] 	Waiting on external lifecycle transitions to activate
[velocity_smoother-34] 	See https://design.ros2.org/articles/node_lifecycle.html for more information.
[behavior_server-32] [INFO] [behavior_server]: 
[behavior_server-32] 	behavior_server lifecycle node launched. 
[behavior_server-32] 	Waiting on external lifecycle transitions to activate
[behavior_server-32] 	See https://design.ros2.org/articles/node_lifecycle.html for more information.
[smoother_server-30] [INFO] [smoother_server]: 
[smoother_server-30] 	smoother_server lifecycle node launched. 
[smoother_server-30] 	Waiting on external lifecycle transitions to activate
[smoother_server-30] 	See https://design.ros2.org/articles/node_lifecycle.html for more information.
[smoother_server-30] [INFO] [smoother_server]: Creating smoother server
[lifecycle_manager-35] [INFO] [lifecycle_manager_navigation]: Creating
[lifecycle_manager-35] [INFO] [lifecycle_manager_navigation]: [34m[1mCreating and initializing lifecycle service clients[0m[0m
[controller_server-29] [INFO] [controller_server]: 
[controller_server-29] 	controller_server lifecycle node launched. 
[controller_server-29] 	Waiting on external lifecycle transitions to activate
[controller_server-29] 	See https://design.ros2.org/articles/node_lifecycle.html for more information.
[controller_server-29] [INFO] [controller_server]: Creating controller server
[controller_server-29] [INFO] [local_costmap.local_costmap]: 
[controller_server-29] 	local_costmap lifecycle node launched. 
[controller_server-29] 	Waiting on external lifecycle transitions to activate
[controller_server-29] 	See https://design.ros2.org/articles/node_lifecycle.html for more information.
[controller_server-29] [INFO] [local_costmap.local_costmap]: Creating Costmap
[lifecycle_manager-35] [INFO] [lifecycle_manager_navigation]: [34m[1mStarting managed nodes bringup...[0m[0m
[lifecycle_manager-35] [INFO] [lifecycle_manager_navigation]: [34m[1mConfiguring controller_server[0m[0m
[controller_server-29] [INFO] [controller_server]: Configuring controller interface
[controller_server-29] [INFO] [controller_server]: getting progress checker plugins..
[controller_server-29] [INFO] [controller_server]: getting goal checker plugins..
[controller_server-29] [INFO] [controller_server]: Controller frequency set to 20.0000Hz
[controller_server-29] [INFO] [local_costmap.local_costmap]: Configuring
[controller_server-29] [INFO] [local_costmap.local_costmap]: Using plugin "voxel_layer"
[controller_server-29] [INFO] [local_costmap.local_costmap]: Subscribed to Topics: scan
[controller_server-29] [INFO] [local_costmap.local_costmap]: Initialized plugin "voxel_layer"
[controller_server-29] [INFO] [local_costmap.local_costmap]: Using plugin "inflation_layer"
[controller_server-29] [INFO] [local_costmap.local_costmap]: Initialized plugin "inflation_layer"
[controller_server-29] [INFO] [controller_server]: Created progress_checker : progress_checker of type nav2_controller::SimpleProgressChecker
[controller_server-29] [INFO] [controller_server]: Controller Server has progress_checker  progress checkers available.
[controller_server-29] [INFO] [controller_server]: Created goal checker : general_goal_checker of type nav2_controller::SimpleGoalChecker
[controller_server-29] [INFO] [controller_server]: Controller Server has general_goal_checker  goal checkers available.
[controller_server-29] [INFO] [controller_server]: Created controller : FollowPath of type nav2_mppi_controller::MPPIController
[controller_server-29] [INFO] [controller_server]: Controller period is equal to model dt. Control sequence shifting is ON
[controller_server-29] [INFO] [controller_server]: ConstraintCritic instantiated with 1 power and 4.000000 weight.
[controller_server-29] [INFO] [controller_server]: Critic loaded : mppi::critics::ConstraintCritic
[controller_server-29] [INFO] [controller_server]: InflationCostCritic instantiated with 1 power and 300.000000 / 0.015000 weights. Critic will collision check based on footprint cost.
[controller_server-29] [INFO] [controller_server]: Critic loaded : mppi::critics::CostCritic
[controller_server-29] [INFO] [controller_server]: GoalCritic instantiated with 1 power and 5.000000 weight.
[controller_server-29] [INFO] [controller_server]: Critic loaded : mppi::critics::GoalCritic
[controller_server-29] [INFO] [controller_server]: GoalAngleCritic instantiated with 1 power, 3.000000 weight, 0.500000 angular threshold and symmetric_yaw_tolerance disabled
[controller_server-29] [INFO] [controller_server]: Critic loaded : mppi::critics::GoalAngleCritic
[controller_server-29] [INFO] [controller_server]: ReferenceTrajectoryCritic instantiated with 1 power and 8.000000 weight
[controller_server-29] [INFO] [controller_server]: Critic loaded : mppi::critics::PathAlignCritic
[controller_server-29] [INFO] [controller_server]: Critic loaded : mppi::critics::PathFollowCritic
[controller_server-29] [INFO] [controller_server]: PathAngleCritic instantiated with 1 power and 2.000000 weight. Mode set to: Forward Preference
[controller_server-29] [INFO] [controller_server]: Critic loaded : mppi::critics::PathAngleCritic
[controller_server-29] [INFO] [controller_server]: PreferForwardCritic instantiated with 1 power and 5.000000 weight.
[controller_server-29] [INFO] [controller_server]: Critic loaded : mppi::critics::PreferForwardCritic
[controller_server-29] [INFO] [controller_server]: Optimizer reset
[controller_server-29] [INFO] [MPPIController]: Configured MPPI Controller: FollowPath
[controller_server-29] [INFO] [controller_server]: Controller Server has FollowPath  controllers available.
[lifecycle_manager-35] [INFO] [lifecycle_manager_navigation]: [34m[1mConfiguring smoother_server[0m[0m
[smoother_server-30] [INFO] [smoother_server]: Configuring smoother server
[smoother_server-30] [INFO] [smoother_server]: Created smoother : simple_smoother of type nav2_smoother::SimpleSmoother
[smoother_server-30] [INFO] [smoother_server]: Smoother Server has simple_smoother  smoothers available.
[lifecycle_manager-35] [INFO] [lifecycle_manager_navigation]: [34m[1mConfiguring planner_server[0m[0m
[planner_server-31] [INFO] [planner_server]: Configuring
[planner_server-31] [INFO] [global_costmap.global_costmap]: Configuring
[planner_server-31] [INFO] [global_costmap.global_costmap]: Using plugin "obstacle_layer"
[planner_server-31] [INFO] [global_costmap.global_costmap]: Subscribed to Topics: scan
[planner_server-31] [INFO] [global_costmap.global_costmap]: Initialized plugin "obstacle_layer"
[planner_server-31] [INFO] [global_costmap.global_costmap]: Using plugin "inflation_layer"
[planner_server-31] [INFO] [global_costmap.global_costmap]: Initialized plugin "inflation_layer"
[planner_server-31] [INFO] [planner_server]: Created global planner plugin GridBased of type nav2_navfn_planner::NavfnPlanner
[planner_server-31] [INFO] [planner_server]: Configuring plugin GridBased of type NavfnPlanner
[planner_server-31] [INFO] [planner_server]: Planner Server has GridBased  planners available.
[lifecycle_manager-35] [INFO] [lifecycle_manager_navigation]: [34m[1mConfiguring behavior_server[0m[0m
[behavior_server-32] [INFO] [behavior_server]: Configuring
[behavior_server-32] [INFO] [behavior_server]: Creating behavior plugin spin of type nav2_behaviors::Spin
[behavior_server-32] [INFO] [behavior_server]: Creating behavior plugin backup of type nav2_behaviors::BackUp
[behavior_server-32] [INFO] [behavior_server]: Creating behavior plugin drive_on_heading of type nav2_behaviors::DriveOnHeading
[behavior_server-32] [INFO] [behavior_server]: Creating behavior plugin assisted_teleop of type nav2_behaviors::AssistedTeleop
[behavior_server-32] [INFO] [behavior_server]: Creating behavior plugin wait of type nav2_behaviors::Wait
[behavior_server-32] [INFO] [behavior_server]: Configuring spin
[behavior_server-32] [INFO] [behavior_server]: Configuring backup
[behavior_server-32] [INFO] [behavior_server]: Configuring drive_on_heading
[behavior_server-32] [INFO] [behavior_server]: Configuring assisted_teleop
[behavior_server-32] [INFO] [behavior_server]: Configuring wait
[lifecycle_manager-35] [INFO] [lifecycle_manager_navigation]: [34m[1mConfiguring velocity_smoother[0m[0m
[velocity_smoother-34] [INFO] [velocity_smoother]: Configuring velocity smoother
[lifecycle_manager-35] [INFO] [lifecycle_manager_navigation]: [34m[1mConfiguring bt_navigator[0m[0m
[bt_navigator-33] [INFO] [bt_navigator]: Configuring
[bt_navigator-33] [INFO] [bt_navigator]: Creating navigator id navigate_to_pose of type nav2_bt_navigator::NavigateToPoseNavigator
[bt_navigator-33] [INFO] [bt_navigator]: Creating navigator id navigate_through_poses of type nav2_bt_navigator::NavigateThroughPosesNavigator
[lifecycle_manager-35] [INFO] [lifecycle_manager_navigation]: [34m[1mActivating controller_server[0m[0m
[controller_server-29] [INFO] [controller_server]: Activating
[controller_server-29] [INFO] [local_costmap.local_costmap]: Activating
[controller_server-29] [INFO] [local_costmap.local_costmap]: Checking transform
[controller_server-29] [INFO] [local_costmap.local_costmap]: start
[controller_server-29] [WARN] [controller_server]: Parameter controller_server.verbose not found
[controller_server-29] [INFO] [controller_server]: Optimizer reset
[controller_server-29] [INFO] [MPPIController]: Activated MPPI Controller: FollowPath
[controller_server-29] [INFO] [controller_server]: Creating bond (controller_server) to lifecycle manager.
[lifecycle_manager-35] [INFO] [lifecycle_manager_navigation]: Server controller_server connected with bond.
[lifecycle_manager-35] [INFO] [lifecycle_manager_navigation]: [34m[1mActivating smoother_server[0m[0m
[smoother_server-30] [INFO] [smoother_server]: Activating
[smoother_server-30] [INFO] [smoother_server]: Creating bond (smoother_server) to lifecycle manager.
[lifecycle_manager-35] [INFO] [lifecycle_manager_navigation]: Server smoother_server connected with bond.
[lifecycle_manager-35] [INFO] [lifecycle_manager_navigation]: [34m[1mActivating planner_server[0m[0m
[planner_server-31] [INFO] [planner_server]: Activating
[planner_server-31] [INFO] [global_costmap.global_costmap]: Activating
[planner_server-31] [INFO] [global_costmap.global_costmap]: Checking transform
[planner_server-31] [INFO] [global_costmap.global_costmap]: start
[planner_server-31] [INFO] [planner_server]: Activating plugin GridBased of type NavfnPlanner
[planner_server-31] [INFO] [planner_server]: Creating bond (planner_server) to lifecycle manager.
[lifecycle_manager-35] [INFO] [lifecycle_manager_navigation]: Server planner_server connected with bond.
[lifecycle_manager-35] [INFO] [lifecycle_manager_navigation]: [34m[1mActivating behavior_server[0m[0m
[behavior_server-32] [INFO] [behavior_server]: Activating
[behavior_server-32] [INFO] [behavior_server]: Activating spin
[behavior_server-32] [INFO] [behavior_server]: Activating backup
[behavior_server-32] [INFO] [behavior_server]: Activating drive_on_heading
[behavior_server-32] [INFO] [behavior_server]: Activating assisted_teleop
[behavior_server-32] [INFO] [behavior_server]: Activating wait
[behavior_server-32] [INFO] [behavior_server]: Creating bond (behavior_server) to lifecycle manager.
[lifecycle_manager-35] [INFO] [lifecycle_manager_navigation]: Server behavior_server connected with bond.
[lifecycle_manager-35] [INFO] [lifecycle_manager_navigation]: [34m[1mActivating velocity_smoother[0m[0m
[velocity_smoother-34] [INFO] [velocity_smoother]: Activating
[velocity_smoother-34] [INFO] [velocity_smoother]: Creating bond (velocity_smoother) to lifecycle manager.
[lifecycle_manager-35] [INFO] [lifecycle_manager_navigation]: Server velocity_smoother connected with bond.
[lifecycle_manager-35] [INFO] [lifecycle_manager_navigation]: [34m[1mActivating bt_navigator[0m[0m
[bt_navigator-33] [INFO] [bt_navigator]: Activating
[bt_navigator-33] [INFO] [bt_navigator]: Creating bond (bt_navigator) to lifecycle manager.
[lifecycle_manager-35] [INFO] [lifecycle_manager_navigation]: Server bt_navigator connected with bond.
[lifecycle_manager-35] [INFO] [lifecycle_manager_navigation]: [34m[1mManaged nodes are active[0m[0m
[lifecycle_manager-35] [INFO] [lifecycle_manager_navigation]: [34m[1mCreating bond timer...[0m[0m
[INFO] [launch.user]: >>>>>>>>> Publishing Nav2 goal... 
[INFO] [ros2-36]: process started with pid [59135]
[bt_navigator-33] [WARN] [bt_navigator.rclcpp_action]: Failed to send goal response 01a28168-5b51-47d7-bfbb-11102c1c4e4c (timeout): client will not receive response, at ./src/rmw_response.cpp:153, at ./src/rcl/service.c:400
[laser_scan_fault_injector.py-4] [33m[WARN] [laser_scan_fault_injector]: Fault active at t=15.02s: replacing frontal sector scan ranges.[0m

[paired_fault_study] HARD_TIMEOUT after 480 s
[WARNING] [launch]: user interrupted with ctrl-c (SIGINT)
[paired_fault_study] cleanup stage SIGINT for pgid=57708, wait=8.0s
[static_transform_publisher-24] [INFO] [rclcpp]: signal_handler(SIGINT/SIGTERM)
[parameter_bridge-18] [INFO] [rclcpp]: signal_handler(SIGINT/SIGTERM)
[parameter_bridge-20] [INFO] [rclcpp]: signal_handler(SIGINT/SIGTERM)
[joy_linux_node-14] [INFO] [rclcpp]: signal_handler(SIGINT/SIGTERM)
[teleop_node-15] [INFO] [rclcpp]: signal_handler(SIGINT/SIGTERM)
[barn_runner.py-28] Traceback (most recent call last):
[barn_runner.py-28]   File "/home/student24/dissertation/barn_ros2/install/jackal_helper/lib/jackal_helper/barn_runner.py", line 198, in <module>
[barn_runner.py-28]     main()
[barn_runner.py-28]   File "/home/student24/dissertation/barn_ros2/install/jackal_helper/lib/jackal_helper/barn_runner.py", line 190, in main
[barn_runner.py-28]     node.run_trial()
[barn_runner.py-28]   File "/home/student24/dissertation/barn_ros2/install/jackal_helper/lib/jackal_helper/barn_runner.py", line 79, in run_trial
[barn_runner.py-28]     rclpy.spin_once(self.gazebo_sim_ctrl, timeout_sec=0.01) # spin gazebo_sim_ctrl node instead of self so gazebo_sim_ctrl gets updated. or TODO use executor to spin both.
[barn_runner.py-28]     ^^^^^^^^^^^^^^^^^^^^^^^^^^^^^^^^^^^^^^^^^^^^^^^^^^^^^^^
[barn_runner.py-28]   File "/opt/ros/jazzy/lib/python3.12/site-packages/rclpy/__init__.py", line 226, in spin_once
[barn_runner.py-28]     executor.spin_once(timeout_sec=timeout_sec)
[barn_runner.py-28]   File "/opt/ros/jazzy/lib/python3.12/site-packages/rclpy/executors.py", line 926, in spin_once
[barn_runner.py-28]     self._spin_once_impl(timeout_sec)
[barn_runner.py-28]   File "/opt/ros/jazzy/lib/python3.12/site-packages/rclpy/executors.py", line 907, in _spin_once_impl
[barn_runner.py-28]     handler, entity, node = self.wait_for_ready_callbacks(
[barn_runner.py-28]                             ^^^^^^^^^^^^^^^^^^^^^^^^^^^^^^
[barn_runner.py-28]   File "/opt/ros/jazzy/lib/python3.12/site-packages/rclpy/executors.py", line 877, in wait_for_ready_callbacks
[barn_runner.py-28]     return next(self._cb_iter)
[barn_runner.py-28]            ^^^^^^^^^^^^^^^^^^^
[barn_runner.py-28]   File "/opt/ros/jazzy/lib/python3.12/site-packages/rclpy/executors.py", line 781, in _wait_for_ready_callbacks
[barn_runner.py-28]     wait_set.wait(timeout_nsec)
[barn_runner.py-28] KeyboardInterrupt
[joy_linux_node-14] [INFO] [joy_node]: joy_node shut down.
[parameter_bridge-17] [INFO] [rclcpp]: signal_handler(SIGINT/SIGTERM)
[static_transform_publisher-26] [INFO] [rclcpp]: signal_handler(SIGINT/SIGTERM)
[imu_filter_madgwick_node-19] [INFO] [rclcpp]: signal_handler(SIGINT/SIGTERM)
[velocity_smoother-34] [INFO] [rclcpp]: signal_handler(SIGINT/SIGTERM)
[velocity_smoother-34] [INFO] [velocity_smoother]: Running Nav2 LifecycleNode rcl preshutdown (velocity_smoother)
[velocity_smoother-34] [INFO] [velocity_smoother]: Deactivating
[velocity_smoother-34] [INFO] [velocity_smoother]: Destroying bond (velocity_smoother) to lifecycle manager.
[velocity_smoother-34] [INFO] [velocity_smoother]: Cleaning up
[velocity_smoother-34] [INFO] [velocity_smoother]: Destroying bond (velocity_smoother) to lifecycle manager.
[velocity_smoother-34] [INFO] [velocity_smoother]: Destroying
[planner_server-31] [INFO] [rclcpp]: signal_handler(SIGINT/SIGTERM)
[planner_server-31] [INFO] [planner_server]: Running Nav2 LifecycleNode rcl preshutdown (planner_server)
[planner_server-31] [INFO] [planner_server]: Deactivating
[planner_server-31] [INFO] [global_costmap.global_costmap]: Deactivating
[planner_server-31] [INFO] [planner_server]: Deactivating plugin GridBased of type NavfnPlanner
[planner_server-31] [INFO] [planner_server]: Destroying bond (planner_server) to lifecycle manager.
[planner_server-31] [INFO] [planner_server]: Cleaning up
[controller_server-29] [INFO] [rclcpp]: signal_handler(SIGINT/SIGTERM)
[controller_server-29] [INFO] [controller_server]: Running Nav2 LifecycleNode rcl preshutdown (controller_server)
[controller_server-29] [INFO] [controller_server]: Deactivating
[controller_server-29] [INFO] [MPPIController]: Deactivated MPPI Controller: FollowPath
[controller_server-29] [INFO] [local_costmap.local_costmap]: Deactivating
[controller_server-29] [INFO] [controller_server]: Destroying bond (controller_server) to lifecycle manager.
[controller_server-29] [INFO] [controller_server]: Cleaning up
[controller_server-29] [INFO] [MPPIController]: Cleaned up MPPI Controller: FollowPath
[controller_server-29] [INFO] [local_costmap.local_costmap]: Cleaning up
[parameter_bridge-21] [INFO] [rclcpp]: signal_handler(SIGINT/SIGTERM)
[ekf_node-11] [INFO] [rclcpp]: signal_handler(SIGINT/SIGTERM)
[parameter_bridge-16] [INFO] [rclcpp]: signal_handler(SIGINT/SIGTERM)
[bt_navigator-33] [INFO] [rclcpp]: signal_handler(SIGINT/SIGTERM)
[bt_navigator-33] [INFO] [bt_navigator]: Running Nav2 LifecycleNode rcl preshutdown (bt_navigator)
[bt_navigator-33] [INFO] [bt_navigator]: Deactivating
[bt_navigator-33] [INFO] [bt_navigator]: Destroying bond (bt_navigator) to lifecycle manager.
[bt_navigator-33] [INFO] [bt_navigator]: Cleaning up
[smoother_server-30] [INFO] [rclcpp]: signal_handler(SIGINT/SIGTERM)
[smoother_server-30] [INFO] [smoother_server]: Running Nav2 LifecycleNode rcl preshutdown (smoother_server)
[smoother_server-30] [INFO] [smoother_server]: Deactivating
[smoother_server-30] [INFO] [smoother_server]: Destroying bond (smoother_server) to lifecycle manager.
[smoother_server-30] [INFO] [smoother_server]: Cleaning up
[twist_mux-13] [INFO] [rclcpp]: signal_handler(SIGINT/SIGTERM)
[parameter_bridge-23] [INFO] [rclcpp]: signal_handler(SIGINT/SIGTERM)
[robot_state_publisher-8] [INFO] [rclcpp]: signal_handler(SIGINT/SIGTERM)
[marker_server-12] [INFO] [rclcpp]: signal_handler(SIGINT/SIGTERM)
[lifecycle_manager-35] [INFO] [rclcpp]: signal_handler(SIGINT/SIGTERM)
[lifecycle_manager-35] [INFO] [lifecycle_manager_navigation]: Running Nav2 LifecycleManager rcl preshutdown (lifecycle_manager_navigation)
[lifecycle_manager-35] [INFO] [lifecycle_manager_navigation]: [34m[1mTerminating bond timer...[0m[0m
[parameter_bridge-25] [INFO] [rclcpp]: signal_handler(SIGINT/SIGTERM)
[static_transform_publisher-22] [INFO] [rclcpp]: signal_handler(SIGINT/SIGTERM)
[behavior_server-32] [INFO] [rclcpp]: signal_handler(SIGINT/SIGTERM)
[behavior_server-32] [INFO] [behavior_server]: Running Nav2 LifecycleNode rcl preshutdown (behavior_server)
[behavior_server-32] [INFO] [behavior_server]: Deactivating
[behavior_server-32] [INFO] [behavior_server]: Destroying bond (behavior_server) to lifecycle manager.
[behavior_server-32] [INFO] [behavior_server]: Cleaning up
[behavior_server-32] [INFO] [behavior_server]: Destroying bond (behavior_server) to lifecycle manager.
[INFO] [parameter_bridge-20]: process has finished cleanly [pid 57809]
[INFO] [parameter_bridge-2]: process has finished cleanly [pid 57714]
[INFO] [parameter_bridge-21]: process has finished cleanly [pid 57810]
[smoother_server-30] [INFO] [smoother_server]: Destroying bond (smoother_server) to lifecycle manager.
[INFO] [parameter_bridge-17]: process has finished cleanly [pid 57806]
[INFO] [parameter_bridge-23]: process has finished cleanly [pid 57813]
[smoother_server-30] [INFO] [smoother_server]: Destroying
[INFO] [parameter_bridge-16]: process has finished cleanly [pid 57805]
[INFO] [parameter_bridge-25]: process has finished cleanly [pid 57818]
[INFO] [parameter_bridge-18]: process has finished cleanly [pid 57807]
[INFO] [static_transform_publisher-22]: process has finished cleanly [pid 57811]
[planner_server-31] [INFO] [global_costmap.global_costmap]: Cleaning up
[planner_server-31] [INFO] [planner_server]: Cleaning up plugin GridBased of type NavfnPlanner
[INFO] [teleop_node-15]: process has finished cleanly [pid 57802]
[planner_server-31] [INFO] [planner_server]: Destroying plugin GridBased of type NavfnPlanner
[INFO] [static_transform_publisher-26]: process has finished cleanly [pid 57819]
[INFO] [joy_linux_node-14]: process has finished cleanly [pid 57801]
[INFO] [robot_state_publisher-8]: process has finished cleanly [pid 57795]
[controller_server-29] [INFO] [controller_server]: Destroying bond (controller_server) to lifecycle manager.
[INFO] [velocity_smoother-34]: process has finished cleanly [pid 58995]
[INFO] [imu_filter_madgwick_node-19]: process has finished cleanly [pid 57808]
[INFO] [twist_mux-13]: process has finished cleanly [pid 57800]
[controller_server-29] [INFO] [local_costmap.local_costmap]: Destroying
[INFO] [static_transform_publisher-24]: process has finished cleanly [pid 57817]
[planner_server-31] [INFO] [planner_server]: Destroying bond (planner_server) to lifecycle manager.
[behavior_server-32] [INFO] [behavior_server]: Destroying
[INFO] [marker_server-12]: process has finished cleanly [pid 57799]
[INFO] [ekf_node-11]: process has finished cleanly [pid 57798]
[planner_server-31] [INFO] [global_costmap.global_costmap]: Destroying
[lifecycle_manager-35] [INFO] [lifecycle_manager_navigation]: Destroying lifecycle_manager_navigation
[controller_server-29] [INFO] [controller_server]: Destroying
[planner_server-31] [INFO] [planner_server]: Destroying
[bt_navigator-33] [INFO] [bt_navigator]: Completed Cleaning up
[bt_navigator-33] [INFO] [bt_navigator]: Destroying bond (bt_navigator) to lifecycle manager.
[bt_navigator-33] [INFO] [bt_navigator]: Destroying
[INFO] [smoother_server-30]: process has finished cleanly [pid 58991]
[ERROR] [barn_runner.py-28]: process has died [pid 58967, exit code -2, cmd '/home/student24/dissertation/barn_ros2/install/jackal_helper/lib/jackal_helper/barn_runner.py --ros-args --params-file /tmp/launch_params_i2r0x48g --params-file /tmp/launch_params_sew29z9k --params-file /tmp/launch_params_oaqscwlg --params-file /tmp/launch_params_m8452oo6 -r /sensors/lidar2d_0/scan:=/front/scan'].
[INFO] [launch.user]: >>>>>>>>> Shutting down in 5 seconds...
[INFO] [behavior_server-32]: process has finished cleanly [pid 58993]
[INFO] [controller_server-29]: process has finished cleanly [pid 58990]
[INFO] [lifecycle_manager-35]: process has finished cleanly [pid 58996]
[INFO] [laser_scan_fault_injector.py-4]: process has finished cleanly [pid 57717]
[INFO] [planner_server-31]: process has finished cleanly [pid 58992]
[INFO] [bt_navigator-33]: process has finished cleanly [pid 58994]
[ERROR] [ros2-36]: process has died [pid 59135, exit code 2, cmd 'ros2 action send_goal /navigate_to_pose nav2_msgs/action/NavigateToPose {pose: {header: {frame_id: odom}, pose: {orientation: {w: 1.0}, position: {x: 10, y: 0.0, z: 0.0}}}}'].
[gazebo-1] [INFO] [controller_manager.pal_statistics]: Async messages lost 0
[gazebo-1] [INFO] [controller_manager.pal_statistics]: publish_async_failures_ 0
[gazebo-1] [INFO] [controller_manager.pal_statistics]: Async messages lost 0
[gazebo-1] [INFO] [controller_manager.pal_statistics]: publish_async_failures_ 0
[ERROR] [gazebo-1]: process has died [pid 57713, exit code -2, cmd 'ruby /opt/ros/jazzy/opt/gz_tools_vendor/bin/gz sim /home/student24/dissertation/barn_ros2/install/jackal_helper/share/jackal_helper/worlds/BARN/world_250.world -s -r -v 0 --gui-config /home/student24/dissertation/barn_ros2/install/jackal_helper/share/jackal_helper/config/gui.config --force-version 8'].
[INFO] [launch]: process[barn_runner.py-28] was required: shutting down launched system
[paired_fault_study] cleanup stage SIGTERM for pgid=57708, wait=8.0s
[paired_fault_study] cleanup stage SIGKILL for pgid=57708, wait=13.5s
