[INFO] [launch]: All log files can be found below /home/student24/.ros/log/2026-08-14-22-04-01-479510-barn-vm-63904
[INFO] [launch]: Default logging verbosity is set to INFO
[INFO] [launch.user]: >>>>>>>>> LiDAR fault injector enabled: start=15s duration=20s persistent=true mode=mask width=90deg dropout_period=1.0s dropout_duty=0.5
[INFO] [launch.user]: >>>>>>>>> Recovery enabled: mode=nav2_masking_recovery linear_scale=0.35 angular_scale=0.50 rotation_deg=60 active_timeout=1.0s
[INFO] [laser_scan_fault_injector.py-4]: process started with pid [63912]
[INFO] [masking_nav2_recovery_supervisor.py-5]: process started with pid [63913]
[INFO] [gazebo-1]: process started with pid [63908]
[INFO] [parameter_bridge-2]: process started with pid [63909]
[INFO] [generate_description-3]: process started with pid [63910]
[generate_description-3] Generated /home/student24/dissertation/barn_ros2/src/The-Barn-Challenge-Ros2/experiment_setups/tuned_clean/robot.urdf.xacro
[INFO] [generate_description-3]: process has finished cleanly [pid 63910]
[INFO] [generate_semantic_description-6]: process started with pid [63934]
[laser_scan_fault_injector.py-4] [0m[INFO] [laser_scan_fault_injector]: Laser scan fault injector ready: /front/scan -> /front/scan_faulted, start=15.0s, duration=persistent, mode=mask, center=0.0deg, width=90.0deg, replacement=range_max, dropout_period_s=1.00, dropout_duty_cycle=0.50, fault_active_topic=/fault/scan_active[0m
[masking_nav2_recovery_supervisor.py-5] [0m[INFO] [masking_nav2_recovery_supervisor]: Masking Nav2 recovery supervisor ready: fault_active_topic=/fault/scan_active, odom_topic=/platform/odom/filtered, navigate_action=/navigate_to_pose, spin_action=/spin, trigger_policy=immediate, spin_angle_deg=60.0, goal=(10.00, 0.00) in odom[0m
[generate_semantic_description-6] [INFO] [moveit_collision_updater.urdf]: Loaded j100-0000 robot model.
[generate_semantic_description-6] [INFO] [moveit_3529615997.moveit.core.robot_model]: Loading robot model 'j100-0000'...
[generate_semantic_description-6] [INFO] [moveit_3529615997.moveit.core.robot_model]: No root/virtual joint specified in SRDF. Assuming fixed joint
[generate_semantic_description-6] [WARN] [moveit_3529615997.moveit.core.robot_model]: Link lidar2d_0_link has visual geometry but no collision geometry. Collision geometry will be left empty. Fix your URDF file by explicitly specifying collision geometry.
[generate_semantic_description-6] [WARN] [moveit_3529615997.moveit.core.robot_model]: Link lidar3d_0_laser has visual geometry but no collision geometry. Collision geometry will be left empty. Fix your URDF file by explicitly specifying collision geometry.
[generate_semantic_description-6] [WARN] [moveit_3529615997.moveit.core.robot_model]: Link lidar2d_1_link has visual geometry but no collision geometry. Collision geometry will be left empty. Fix your URDF file by explicitly specifying collision geometry.
[generate_semantic_description-6] [WARN] [moveit_3529615997.moveit.core.robot_model]: Link gps_0_link has visual geometry but no collision geometry. Collision geometry will be left empty. Fix your URDF file by explicitly specifying collision geometry.
[generate_semantic_description-6] [WARN] [moveit_3529615997.moveit.core.robot_model]: Link front_fender_link has visual geometry but no collision geometry. Collision geometry will be left empty. Fix your URDF file by explicitly specifying collision geometry.
[generate_semantic_description-6] [WARN] [moveit_3529615997.moveit.core.robot_model]: Link rear_fender_link has visual geometry but no collision geometry. Collision geometry will be left empty. Fix your URDF file by explicitly specifying collision geometry.
[generate_semantic_description-6] [INFO] [moveit_collision_updater.srdf]: Robot semantic model successfully loaded.
[generate_semantic_description-6] [INFO] [moveit_collision_updater.Self-Collisions]: Thread complete 36
[generate_semantic_description-6] Warning: class_loader.ClassLoader: SEVERE WARNING!!! Attempting to unload library while objects created by this loader exist in the heap! You should delete your objects before attempting to unload the library or destroying the ClassLoader. The library will NOT be unloaded.
[generate_semantic_description-6]          at line 127 in ./src/class_loader.cpp
[generate_semantic_description-6] Generated /home/student24/dissertation/barn_ros2/src/The-Barn-Challenge-Ros2/experiment_setups/tuned_clean/robot.srdf.xacro
[INFO] [generate_semantic_description-6]: process has finished cleanly [pid 63934]
[INFO] [generate_launch-7]: process started with pid [64000]
[generate_launch-7] Generated launch file: /home/student24/dissertation/barn_ros2/src/The-Barn-Challenge-Ros2/experiment_setups/tuned_clean/manipulators/launch/manipulators-service.launch.py
[generate_launch-7] Generated launch file: /home/student24/dissertation/barn_ros2/src/The-Barn-Challenge-Ros2/experiment_setups/tuned_clean/sensors/launch/lidar2d_0.launch.py
[generate_launch-7] Generated launch file: /home/student24/dissertation/barn_ros2/src/The-Barn-Challenge-Ros2/experiment_setups/tuned_clean/sensors/launch/lidar2d_1.launch.py
[generate_launch-7] Generated launch file: /home/student24/dissertation/barn_ros2/src/The-Barn-Challenge-Ros2/experiment_setups/tuned_clean/sensors/launch/lidar3d_0.launch.py
[generate_launch-7] Generated launch file: /home/student24/dissertation/barn_ros2/src/The-Barn-Challenge-Ros2/experiment_setups/tuned_clean/sensors/launch/sensors-service.launch.py
[generate_launch-7] Generated launch file: /home/student24/dissertation/barn_ros2/src/The-Barn-Challenge-Ros2/experiment_setups/tuned_clean/platform/launch/platform-service.launch.py
[INFO] [generate_launch-7]: process has finished cleanly [pid 64000]
[INFO] [generate_param-8]: process started with pid [64002]
[generate_param-8] Generated config: /home/student24/dissertation/barn_ros2/src/The-Barn-Challenge-Ros2/experiment_setups/tuned_clean/sensors/config/lidar2d_0.yaml
[generate_param-8] Generated config: /home/student24/dissertation/barn_ros2/src/The-Barn-Challenge-Ros2/experiment_setups/tuned_clean/sensors/config/lidar2d_1.yaml
[generate_param-8] Generated config: /home/student24/dissertation/barn_ros2/src/The-Barn-Challenge-Ros2/experiment_setups/tuned_clean/sensors/config/lidar3d_0.yaml
[generate_param-8] Generated config: /home/student24/dissertation/barn_ros2/src/The-Barn-Challenge-Ros2/experiment_setups/tuned_clean/platform/config/control.yaml
[generate_param-8] Generated config: /home/student24/dissertation/barn_ros2/src/The-Barn-Challenge-Ros2/experiment_setups/tuned_clean/platform/config/diagnostic_aggregator.yaml
[generate_param-8] Generated config: /home/student24/dissertation/barn_ros2/src/The-Barn-Challenge-Ros2/experiment_setups/tuned_clean/platform/config/diagnostic_updater.yaml
[generate_param-8] Generated config: /home/student24/dissertation/barn_ros2/src/The-Barn-Challenge-Ros2/experiment_setups/tuned_clean/platform/config/foxglove_bridge.yaml
[generate_param-8] Generated config: /home/student24/dissertation/barn_ros2/src/The-Barn-Challenge-Ros2/experiment_setups/tuned_clean/platform/config/imu_filter.yaml
[generate_param-8] Generated config: /home/student24/dissertation/barn_ros2/src/The-Barn-Challenge-Ros2/experiment_setups/tuned_clean/platform/config/localization.yaml
[generate_param-8] Generated config: /home/student24/dissertation/barn_ros2/src/The-Barn-Challenge-Ros2/experiment_setups/tuned_clean/platform/config/teleop_interactive_markers.yaml
[generate_param-8] Generated config: /home/student24/dissertation/barn_ros2/src/The-Barn-Challenge-Ros2/experiment_setups/tuned_clean/platform/config/teleop_joy.yaml
[generate_param-8] Generated config: /home/student24/dissertation/barn_ros2/src/The-Barn-Challenge-Ros2/experiment_setups/tuned_clean/platform/config/twist_mux.yaml
[generate_param-8] Generated config: /home/student24/dissertation/barn_ros2/src/The-Barn-Challenge-Ros2/experiment_setups/tuned_clean/sensors/config/imu_0.yaml
[generate_param-8] Generated config: /home/student24/dissertation/barn_ros2/src/The-Barn-Challenge-Ros2/experiment_setups/tuned_clean/sensors/config/gps_0.yaml
[generate_param-8] Generated config: /home/student24/dissertation/barn_ros2/src/The-Barn-Challenge-Ros2/experiment_setups/tuned_clean/manipulators/config/moveit.yaml
[INFO] [generate_param-8]: process has finished cleanly [pid 64002]
[INFO] [robot_state_publisher-9]: process started with pid [64004]
[INFO] [spawner-10]: process started with pid [64005]
[INFO] [spawner-11]: process started with pid [64006]
[INFO] [ekf_node-12]: process started with pid [64007]
[INFO] [marker_server-13]: process started with pid [64008]
[INFO] [twist_mux-14]: process started with pid [64009]
[INFO] [joy_linux_node-15]: process started with pid [64010]
[INFO] [teleop_node-16]: process started with pid [64011]
[INFO] [parameter_bridge-17]: process started with pid [64012]
[INFO] [parameter_bridge-18]: process started with pid [64015]
[INFO] [parameter_bridge-19]: process started with pid [64016]
[INFO] [imu_filter_madgwick_node-20]: process started with pid [64019]
[INFO] [parameter_bridge-21]: process started with pid [64020]
[INFO] [parameter_bridge-22]: process started with pid [64021]
[INFO] [static_transform_publisher-23]: process started with pid [64022]
[INFO] [parameter_bridge-24]: process started with pid [64027]
[INFO] [static_transform_publisher-25]: process started with pid [64028]
[INFO] [parameter_bridge-26]: process started with pid [64031]
[INFO] [static_transform_publisher-27]: process started with pid [64032]
[INFO] [create-28]: process started with pid [64033]
[imu_filter_madgwick_node-20] [INFO] [imu_filter_node]: Starting ImuFilter
[imu_filter_madgwick_node-20] [INFO] [imu_filter_node]: Using dt computed from message headers
[imu_filter_madgwick_node-20] [INFO] [imu_filter_node]: The gravity vector is kept in the IMU message.
[imu_filter_madgwick_node-20] [INFO] [imu_filter_node]: Imu filter gain set to 0.100000
[imu_filter_madgwick_node-20] [INFO] [imu_filter_node]: Gyro drift bias set to 0.000000
[imu_filter_madgwick_node-20] [INFO] [imu_filter_node]: Magnetometer bias values: 0.000000 0.000000 0.000000
[marker_server-13] [INFO] [twist_server_node]: [interactive_marker_twist_server] Initialized.
[static_transform_publisher-27] [INFO] [lidar3d_0_static_tf]: Spinning until stopped - publishing transform
[static_transform_publisher-27] translation: ('0.000000', '0.000000', '0.000000')
[static_transform_publisher-27] rotation: ('0.000000', '0.000000', '0.000000', '1.000000')
[static_transform_publisher-27] from 'lidar3d_0_link' to 'robot/base_link/lidar3d_0'
[parameter_bridge-18] [INFO] [odom_base_tf_bridge]: Creating GZ->ROS Bridge: [/model/robot/tf (gz.msgs.Pose_V) -> /model/robot/tf (tf2_msgs/msg/TFMessage)] (Lazy 0)
[parameter_bridge-17] [INFO] [cmd_vel_bridge]: Creating GZ->ROS Bridge: [/cmd_vel (gz.msgs.Twist) -> /cmd_vel (geometry_msgs/msg/TwistStamped)] (Lazy 0)
[parameter_bridge-17] [INFO] [cmd_vel_bridge]: Creating ROS->GZ Bridge: [/model/robot/cmd_vel (geometry_msgs/msg/TwistStamped) -> /model/robot/cmd_vel (gz.msgs.Twist)] (Lazy 0)
[static_transform_publisher-25] [INFO] [lidar2d_1_static_tf]: Spinning until stopped - publishing transform
[static_transform_publisher-25] translation: ('0.000000', '0.000000', '0.000000')
[static_transform_publisher-25] rotation: ('0.000000', '0.000000', '0.000000', '1.000000')
[static_transform_publisher-25] from 'lidar2d_1_link' to 'robot/base_link/lidar2d_1'
[create-28] [INFO] [ros_gz_sim]: Requesting list of world names.
[twist_mux-14] [INFO] [twist_mux]: Topic handler 'topics.external' subscribed to topic 'cmd_vel': timeout = 0.500000s , priority = 1.
[robot_state_publisher-9] [INFO] [robot_state_publisher]: Robot initialized
[twist_mux-14] [INFO] [twist_mux]: Topic handler 'topics.interactive_marker' subscribed to topic 'twist_marker_server/cmd_vel': timeout = 0.500000s , priority = 8.
[twist_mux-14] [INFO] [twist_mux]: Topic handler 'topics.joy' subscribed to topic 'joy_teleop/cmd_vel': timeout = 0.500000s , priority = 10.
[twist_mux-14] [INFO] [twist_mux]: Topic handler 'topics.rc' subscribed to topic 'rc_teleop/cmd_vel': timeout = 0.500000s , priority = 12.
[teleop_node-16] [INFO] [TeleopTwistJoy]: Teleop enable button 4.
[teleop_node-16] [INFO] [TeleopTwistJoy]: Turbo on button 5.
[teleop_node-16] [INFO] [TeleopTwistJoy]: Linear axis x on 1 at scale 0.400000.
[teleop_node-16] [INFO] [TeleopTwistJoy]: Turbo for linear axis x is scale 2.000000.
[teleop_node-16] [INFO] [TeleopTwistJoy]: Linear axis y on 3 at scale 0.000000.
[teleop_node-16] [INFO] [TeleopTwistJoy]: Turbo for linear axis y is scale 0.000000.
[teleop_node-16] [INFO] [TeleopTwistJoy]: Angular axis yaw on 0 at scale 0.600000.
[teleop_node-16] [INFO] [TeleopTwistJoy]: Turbo for angular axis yaw is scale 1.400000.
[twist_mux-14] [INFO] [twist_mux]: Topic handler 'locks.e_stop' subscribed to topic 'platform/emergency_stop': timeout = None , priority = 255.
[twist_mux-14] [INFO] [twist_mux]: Topic handler 'locks.safety_stop' subscribed to topic 'platform/safety_stop': timeout = None , priority = 254.
[static_transform_publisher-23] [INFO] [lidar2d_0_static_tf]: Spinning until stopped - publishing transform
[static_transform_publisher-23] translation: ('0.000000', '0.000000', '0.000000')
[static_transform_publisher-23] rotation: ('0.000000', '0.000000', '0.000000', '1.000000')
[static_transform_publisher-23] from 'lidar2d_0_link' to 'robot/base_link/lidar2d_0'
[joy_linux_node-15] [ERROR] [joy_node]: Couldn't open joystick /dev/input/ps4. Will retry every second.
[ekf_node-12] [INFO] [ekf_node]: Waiting for clock to start...
[create-28] [INFO] [ros_gz_sim]: Waiting messages on topic [robot_description].
[create-28] [INFO] [ros_gz_sim]: Entity creation successful.
[INFO] [create-28]: process has finished cleanly [pid 64033]
[spawner-10] [INFO] [spawner_joint_state_broadcaster]: waiting for service /controller_manager/list_controllers to become available...
[gazebo-1] [INFO] [gz_ros_control]: Loading controller_manager
[gazebo-1] [INFO] [controller_manager]: Using ROS clock for triggering controller manager cycles.
[gazebo-1] [INFO] [controller_manager]: Subscribing to '/robot_description' topic for robot description.
[gazebo-1] [WARN] [gz_ros_control]: Waiting RM to load and initialize hardware...
[parameter_bridge-19] [INFO] [imu_0_gz_bridge]: Creating GZ->ROS Bridge: [/sensors/imu_0/data (gz.msgs.IMU) -> sensors/imu_0/data (sensor_msgs/msg/Imu)] (Lazy 0)
[parameter_bridge-19] [INFO] [imu_0_gz_bridge]: Creating GZ->ROS Bridge: [/sensors/imu_0/data_raw (gz.msgs.IMU) -> sensors/imu_0/data_raw (sensor_msgs/msg/Imu)] (Lazy 0)
[parameter_bridge-22] [INFO] [sensors.lidar2d_0_gz_bridge]: Creating GZ->ROS Bridge: [/sensors/lidar2d_0/scan (gz.msgs.LaserScan) -> lidar2d_0/scan (sensor_msgs/msg/LaserScan)] (Lazy 0)
[parameter_bridge-21] [INFO] [gps_0_gz_bridge]: Creating GZ->ROS Bridge: [/sensors/gps_0/navsat (gz.msgs.NavSat) -> sensors/gps_0/fix (sensor_msgs/msg/NavSatFix)] (Lazy 0)
[parameter_bridge-24] [INFO] [sensors.lidar2d_1_gz_bridge]: Creating GZ->ROS Bridge: [/sensors/lidar2d_1/scan (gz.msgs.LaserScan) -> lidar2d_1/scan (sensor_msgs/msg/LaserScan)] (Lazy 0)
[parameter_bridge-26] [INFO] [sensors.lidar3d_0_gz_bridge]: Creating GZ->ROS Bridge: [/sensors/lidar3d_0/scan (gz.msgs.LaserScan) -> lidar3d_0/scan (sensor_msgs/msg/LaserScan)] (Lazy 0)
[parameter_bridge-26] [INFO] [sensors.lidar3d_0_gz_bridge]: Creating GZ->ROS Bridge: [/sensors/lidar3d_0/scan/points (gz.msgs.PointCloudPacked) -> lidar3d_0/points (sensor_msgs/msg/PointCloud2)] (Lazy 0)
[gazebo-1] [WARN] [controller_manager]: Waiting for data on 'robot_description' topic to finish initialization
[gazebo-1] [WARN] [controller_manager]: Waiting for data on 'robot_description' topic to finish initialization
[gazebo-1] [WARN] [gz_ros_control]: Waiting RM to load and initialize hardware...
[gazebo-1] [INFO] [controller_manager]: Received robot description from topic.
[gazebo-1] [INFO] [controller_manager]: Enforcing command limits is disabled. Command limits from URDF will be ignored.
[gazebo-1] [INFO] [gz_ros_control]: The position_proportional_gain has been set to: 0.1
[gazebo-1] [INFO] [gz_ros_control]: Loading joint: front_left_wheel_joint
[gazebo-1] [INFO] [gz_ros_control]: 	State:
[gazebo-1] [INFO] [gz_ros_control]: 		 position
[gazebo-1] [INFO] [gz_ros_control]: 		 velocity
[gazebo-1] [INFO] [gz_ros_control]: 	Command:
[gazebo-1] [INFO] [gz_ros_control]: 		 velocity
[gazebo-1] [INFO] [gz_ros_control]: Loading joint: front_right_wheel_joint
[gazebo-1] [INFO] [gz_ros_control]: 	State:
[gazebo-1] [INFO] [gz_ros_control]: 		 position
[gazebo-1] [INFO] [gz_ros_control]: 		 velocity
[gazebo-1] [INFO] [gz_ros_control]: 	Command:
[gazebo-1] [INFO] [gz_ros_control]: 		 velocity
[gazebo-1] [INFO] [gz_ros_control]: Loading joint: rear_left_wheel_joint
[gazebo-1] [INFO] [gz_ros_control]: 	State:
[gazebo-1] [INFO] [gz_ros_control]: 		 position
[gazebo-1] [INFO] [gz_ros_control]: 		 velocity
[gazebo-1] [INFO] [gz_ros_control]: 	Command:
[gazebo-1] [INFO] [gz_ros_control]: 		 velocity
[gazebo-1] [INFO] [gz_ros_control]: Loading joint: rear_right_wheel_joint
[gazebo-1] [INFO] [gz_ros_control]: 	State:
[gazebo-1] [INFO] [gz_ros_control]: 		 position
[gazebo-1] [INFO] [gz_ros_control]: 		 velocity
[gazebo-1] [INFO] [gz_ros_control]: 	Command:
[gazebo-1] [INFO] [gz_ros_control]: 		 velocity
[gazebo-1] [INFO] [gz_ros_control]: Loading sensor: imu_0
[gazebo-1] [INFO] [gz_ros_control]: 	State:
[gazebo-1] [WARN] [gz_ros_control]: IMU sensor 'imu_0' not found in hardware_info, skipping.
[gazebo-1] [INFO] [controller_manager]: Initialize hardware 'j100_hardware' 
[gazebo-1] [WARN] [controller_manager.hardware_component.system.j100_hardware]: Executor is not available during hardware component initialization for 'j100_hardware'. Skipping node creation!
[gazebo-1] [INFO] [controller_manager]: Successful initialization of hardware 'j100_hardware'
[gazebo-1] [INFO] [controller_manager]: Activating component 'j100_hardware'.
[gazebo-1] [INFO] [resource_manager]: 'configure' hardware 'j100_hardware' 
[gazebo-1] [INFO] [gz_ros_control]: System Successfully configured!
[gazebo-1] [INFO] [resource_manager]: Successful 'configure' of hardware 'j100_hardware'
[gazebo-1] [INFO] [resource_manager]: 'activate' hardware 'j100_hardware' 
[gazebo-1] [INFO] [resource_manager]: Successful 'activate' of hardware 'j100_hardware'
[gazebo-1] [WARN] [controller_manager]: Component 'j100_hardware' does not have read or write statistics initialized, skipping registration.
[gazebo-1] [INFO] [controller_manager]: Resource Manager has been successfully initialized. Starting Controller Manager services...
[gazebo-1] [INFO] [controller_manager]: Loading controller : 'joint_state_broadcaster' of type 'joint_state_broadcaster/JointStateBroadcaster'
[gazebo-1] [INFO] [controller_manager]: Loading controller 'joint_state_broadcaster'
[gazebo-1] [WARN] [controller_manager]: The use of remapping arguments to the controller_manager node is deprecated. Please use the '--controller-ros-args' argument of the spawner to pass remapping arguments to the controller node.
[gazebo-1] [INFO] [controller_manager]: Controller 'joint_state_broadcaster' node arguments: --ros-args --params-file /home/student24/dissertation/barn_ros2/src/The-Barn-Challenge-Ros2/experiment_setups/tuned_clean/platform/config/control.yaml --ros-args --remap ~/odom:=platform/odom --remap ~/cmd_vel:=platform/cmd_vel --remap /tf:=tf --remap /tf_static:=tf_static --remap /diagnostics:=diagnostics --remap /dynamic_joint_states:=platform/dynamic_joint_states --remap joint_states:=platform/joint_states --remap ~/reference:=platform/cmd_vel --remap ~/odometry:=platform/odom -p use_sim_time:=true --param use_sim_time:=true 
[spawner-10] [INFO] [spawner_joint_state_broadcaster]: Loaded joint_state_broadcaster
[gazebo-1] [INFO] [controller_manager]: Configuring controller: 'joint_state_broadcaster'
[gazebo-1] [INFO] [joint_state_broadcaster]: 'joints' or 'interfaces' parameter is empty. All available state interfaces will be published
[gazebo-1] [INFO] [controller_manager]: Activating controllers: [ joint_state_broadcaster ]
[imu_filter_madgwick_node-20] [WARN] [imu_filter_node]: The IMU seems to be in free fall, cannot determine gravity direction!
[gazebo-1] [WARN] [gz_ros_control]:  Desired controller update period (0.02 s) is slower than the gazebo simulation period (0.001 s).
[gazebo-1] libEGL warning: egl: failed to create dri2 screen
[gazebo-1] libEGL warning: egl: failed to create dri2 screen
[gazebo-1] libEGL warning: NEEDS EXTENSION: falling back to kms_swrast
[gazebo-1] [INFO] [controller_manager]: Successfully switched controllers!
[imu_filter_madgwick_node-20] [WARN] [imu_filter_node]: The IMU seems to be in free fall, cannot determine gravity direction!
[imu_filter_madgwick_node-20] [WARN] [imu_filter_node]: The IMU seems to be in free fall, cannot determine gravity direction!
[spawner-10] [INFO] [spawner_joint_state_broadcaster]: Configured and activated joint_state_broadcaster
[spawner-11] [INFO] [spawner_platform_velocity_controller]: waiting for service /controller_manager/list_controllers to become available...
[imu_filter_madgwick_node-20] [WARN] [imu_filter_node]: The IMU seems to be in free fall, cannot determine gravity direction!
[INFO] [spawner-10]: process has finished cleanly [pid 64005]
[imu_filter_madgwick_node-20] [WARN] [imu_filter_node]: The IMU seems to be in free fall, cannot determine gravity direction!
[imu_filter_madgwick_node-20] [WARN] [imu_filter_node]: The IMU seems to be in free fall, cannot determine gravity direction!
[imu_filter_madgwick_node-20] [WARN] [imu_filter_node]: The IMU seems to be in free fall, cannot determine gravity direction!
[imu_filter_madgwick_node-20] [WARN] [imu_filter_node]: The IMU seems to be in free fall, cannot determine gravity direction!
[imu_filter_madgwick_node-20] [WARN] [imu_filter_node]: The IMU seems to be in free fall, cannot determine gravity direction!
[imu_filter_madgwick_node-20] [WARN] [imu_filter_node]: The IMU seems to be in free fall, cannot determine gravity direction!
[imu_filter_madgwick_node-20] [WARN] [imu_filter_node]: The IMU seems to be in free fall, cannot determine gravity direction!
[imu_filter_madgwick_node-20] [WARN] [imu_filter_node]: The IMU seems to be in free fall, cannot determine gravity direction!
[imu_filter_madgwick_node-20] [INFO] [imu_filter_node]: First IMU message received.
[gazebo-1] [INFO] [controller_manager]: Loading controller : 'platform_velocity_controller' of type 'diff_drive_controller/DiffDriveController'
[gazebo-1] [INFO] [controller_manager]: Loading controller 'platform_velocity_controller'
[gazebo-1] [WARN] [controller_manager]: The use of remapping arguments to the controller_manager node is deprecated. Please use the '--controller-ros-args' argument of the spawner to pass remapping arguments to the controller node.
[gazebo-1] [INFO] [controller_manager]: Controller 'platform_velocity_controller' node arguments: --ros-args --params-file /home/student24/dissertation/barn_ros2/src/The-Barn-Challenge-Ros2/experiment_setups/tuned_clean/platform/config/control.yaml --ros-args --remap ~/odom:=platform/odom --remap ~/cmd_vel:=platform/cmd_vel --remap /tf:=tf --remap /tf_static:=tf_static --remap /diagnostics:=diagnostics --remap /dynamic_joint_states:=platform/dynamic_joint_states --remap joint_states:=platform/joint_states --remap ~/reference:=platform/cmd_vel --remap ~/odometry:=platform/odom -p use_sim_time:=true --param use_sim_time:=true 
[spawner-11] [INFO] [spawner_platform_velocity_controller]: Loaded platform_velocity_controller
[gazebo-1] [INFO] [controller_manager]: Configuring controller: 'platform_velocity_controller'
[gazebo-1] [INFO] [controller_manager]: Activating controllers: [ platform_velocity_controller ]
[gazebo-1] [INFO] [controller_manager]: Successfully switched controllers!
[spawner-11] [INFO] [spawner_platform_velocity_controller]: Configured and activated platform_velocity_controller
[INFO] [launch.user]: >>>>>>>>> Starting BARN Runner node...
[INFO] [barn_runner.py-29]: process started with pid [64875]
[INFO] [spawner-11]: process has finished cleanly [pid 64006]
[barn_runner.py-29] [0m[INFO] [BARN_Runner]: >>>>>>>>> BARN Runner started.[0m
[barn_runner.py-29] [0m[INFO] [BARN_Runner]: >>>>>>>>> Resetting Jackal...[0m
[barn_runner.py-29] [0m[INFO] [BARN_Runner]: >>>>>>>>> Initial position: (-2.25, 3.00).[0m
[barn_runner.py-29] [0m[INFO] [BARN_Runner]: >>>>>>>>> Goal position: (-2.25, 13.00).[0m
[barn_runner.py-29] [0m[INFO] [BARN_Runner]: >>>>>>>>> Waiting for robot to start moving...[0m
[INFO] [launch.user]: >>>>>>>>> Launching Nav2...
[INFO] [controller_server-30]: process started with pid [64890]
[INFO] [smoother_server-31]: process started with pid [64891]
[INFO] [planner_server-32]: process started with pid [64892]
[INFO] [behavior_server-33]: process started with pid [64893]
[INFO] [bt_navigator-34]: process started with pid [64894]
[INFO] [velocity_smoother-35]: process started with pid [64895]
[INFO] [lifecycle_manager-36]: process started with pid [64896]
[behavior_server-33] [INFO] [behavior_server]: 
[behavior_server-33] 	behavior_server lifecycle node launched. 
[behavior_server-33] 	Waiting on external lifecycle transitions to activate
[behavior_server-33] 	See https://design.ros2.org/articles/node_lifecycle.html for more information.
[smoother_server-31] [INFO] [smoother_server]: 
[smoother_server-31] 	smoother_server lifecycle node launched. 
[smoother_server-31] 	Waiting on external lifecycle transitions to activate
[smoother_server-31] 	See https://design.ros2.org/articles/node_lifecycle.html for more information.
[smoother_server-31] [INFO] [smoother_server]: Creating smoother server
[bt_navigator-34] [INFO] [bt_navigator]: 
[bt_navigator-34] 	bt_navigator lifecycle node launched. 
[bt_navigator-34] 	Waiting on external lifecycle transitions to activate
[bt_navigator-34] 	See https://design.ros2.org/articles/node_lifecycle.html for more information.
[bt_navigator-34] [INFO] [bt_navigator]: Creating
[planner_server-32] [INFO] [planner_server]: 
[planner_server-32] 	planner_server lifecycle node launched. 
[planner_server-32] 	Waiting on external lifecycle transitions to activate
[planner_server-32] 	See https://design.ros2.org/articles/node_lifecycle.html for more information.
[planner_server-32] [INFO] [planner_server]: Creating
[planner_server-32] [INFO] [global_costmap.global_costmap]: 
[planner_server-32] 	global_costmap lifecycle node launched. 
[planner_server-32] 	Waiting on external lifecycle transitions to activate
[planner_server-32] 	See https://design.ros2.org/articles/node_lifecycle.html for more information.
[planner_server-32] [INFO] [global_costmap.global_costmap]: Creating Costmap
[lifecycle_manager-36] [INFO] [lifecycle_manager_navigation]: Creating
[lifecycle_manager-36] [INFO] [lifecycle_manager_navigation]: [34m[1mCreating and initializing lifecycle service clients[0m[0m
[controller_server-30] [INFO] [controller_server]: 
[controller_server-30] 	controller_server lifecycle node launched. 
[controller_server-30] 	Waiting on external lifecycle transitions to activate
[controller_server-30] 	See https://design.ros2.org/articles/node_lifecycle.html for more information.
[velocity_smoother-35] [INFO] [velocity_smoother]: 
[velocity_smoother-35] 	velocity_smoother lifecycle node launched. 
[velocity_smoother-35] 	Waiting on external lifecycle transitions to activate
[velocity_smoother-35] 	See https://design.ros2.org/articles/node_lifecycle.html for more information.
[controller_server-30] [INFO] [controller_server]: Creating controller server
[controller_server-30] [INFO] [local_costmap.local_costmap]: 
[controller_server-30] 	local_costmap lifecycle node launched. 
[controller_server-30] 	Waiting on external lifecycle transitions to activate
[controller_server-30] 	See https://design.ros2.org/articles/node_lifecycle.html for more information.
[controller_server-30] [INFO] [local_costmap.local_costmap]: Creating Costmap
[lifecycle_manager-36] [INFO] [lifecycle_manager_navigation]: [34m[1mStarting managed nodes bringup...[0m[0m
[lifecycle_manager-36] [INFO] [lifecycle_manager_navigation]: [34m[1mConfiguring controller_server[0m[0m
[controller_server-30] [INFO] [controller_server]: Configuring controller interface
[controller_server-30] [INFO] [controller_server]: getting progress checker plugins..
[controller_server-30] [INFO] [controller_server]: getting goal checker plugins..
[controller_server-30] [INFO] [controller_server]: Controller frequency set to 20.0000Hz
[controller_server-30] [INFO] [local_costmap.local_costmap]: Configuring
[controller_server-30] [INFO] [local_costmap.local_costmap]: Using plugin "voxel_layer"
[controller_server-30] [INFO] [local_costmap.local_costmap]: Subscribed to Topics: scan
[controller_server-30] [INFO] [local_costmap.local_costmap]: Initialized plugin "voxel_layer"
[controller_server-30] [INFO] [local_costmap.local_costmap]: Using plugin "inflation_layer"
[controller_server-30] [INFO] [local_costmap.local_costmap]: Initialized plugin "inflation_layer"
[controller_server-30] [INFO] [controller_server]: Created progress_checker : progress_checker of type nav2_controller::SimpleProgressChecker
[controller_server-30] [INFO] [controller_server]: Controller Server has progress_checker  progress checkers available.
[controller_server-30] [INFO] [controller_server]: Created goal checker : general_goal_checker of type nav2_controller::SimpleGoalChecker
[controller_server-30] [INFO] [controller_server]: Controller Server has general_goal_checker  goal checkers available.
[controller_server-30] [INFO] [controller_server]: Created controller : FollowPath of type nav2_mppi_controller::MPPIController
[controller_server-30] [INFO] [controller_server]: Controller period is equal to model dt. Control sequence shifting is ON
[controller_server-30] [INFO] [controller_server]: ConstraintCritic instantiated with 1 power and 4.000000 weight.
[controller_server-30] [INFO] [controller_server]: Critic loaded : mppi::critics::ConstraintCritic
[controller_server-30] [INFO] [controller_server]: InflationCostCritic instantiated with 1 power and 300.000000 / 0.015000 weights. Critic will collision check based on footprint cost.
[controller_server-30] [INFO] [controller_server]: Critic loaded : mppi::critics::CostCritic
[controller_server-30] [INFO] [controller_server]: GoalCritic instantiated with 1 power and 5.000000 weight.
[controller_server-30] [INFO] [controller_server]: Critic loaded : mppi::critics::GoalCritic
[controller_server-30] [INFO] [controller_server]: GoalAngleCritic instantiated with 1 power, 3.000000 weight, 0.500000 angular threshold and symmetric_yaw_tolerance disabled
[controller_server-30] [INFO] [controller_server]: Critic loaded : mppi::critics::GoalAngleCritic
[controller_server-30] [INFO] [controller_server]: ReferenceTrajectoryCritic instantiated with 1 power and 8.000000 weight
[controller_server-30] [INFO] [controller_server]: Critic loaded : mppi::critics::PathAlignCritic
[controller_server-30] [INFO] [controller_server]: Critic loaded : mppi::critics::PathFollowCritic
[controller_server-30] [INFO] [controller_server]: PathAngleCritic instantiated with 1 power and 2.000000 weight. Mode set to: Forward Preference
[controller_server-30] [INFO] [controller_server]: Critic loaded : mppi::critics::PathAngleCritic
[controller_server-30] [INFO] [controller_server]: PreferForwardCritic instantiated with 1 power and 5.000000 weight.
[controller_server-30] [INFO] [controller_server]: Critic loaded : mppi::critics::PreferForwardCritic
[controller_server-30] [INFO] [controller_server]: Optimizer reset
[controller_server-30] [INFO] [MPPIController]: Configured MPPI Controller: FollowPath
[controller_server-30] [INFO] [controller_server]: Controller Server has FollowPath  controllers available.
[lifecycle_manager-36] [INFO] [lifecycle_manager_navigation]: [34m[1mConfiguring smoother_server[0m[0m
[smoother_server-31] [INFO] [smoother_server]: Configuring smoother server
[smoother_server-31] [INFO] [smoother_server]: Created smoother : simple_smoother of type nav2_smoother::SimpleSmoother
[smoother_server-31] [INFO] [smoother_server]: Smoother Server has simple_smoother  smoothers available.
[lifecycle_manager-36] [INFO] [lifecycle_manager_navigation]: [34m[1mConfiguring planner_server[0m[0m
[planner_server-32] [INFO] [planner_server]: Configuring
[planner_server-32] [INFO] [global_costmap.global_costmap]: Configuring
[planner_server-32] [INFO] [global_costmap.global_costmap]: Using plugin "obstacle_layer"
[planner_server-32] [INFO] [global_costmap.global_costmap]: Subscribed to Topics: scan
[planner_server-32] [INFO] [global_costmap.global_costmap]: Initialized plugin "obstacle_layer"
[planner_server-32] [INFO] [global_costmap.global_costmap]: Using plugin "inflation_layer"
[planner_server-32] [INFO] [global_costmap.global_costmap]: Initialized plugin "inflation_layer"
[planner_server-32] [INFO] [planner_server]: Created global planner plugin GridBased of type nav2_navfn_planner::NavfnPlanner
[planner_server-32] [INFO] [planner_server]: Configuring plugin GridBased of type NavfnPlanner
[planner_server-32] [INFO] [planner_server]: Planner Server has GridBased  planners available.
[lifecycle_manager-36] [INFO] [lifecycle_manager_navigation]: [34m[1mConfiguring behavior_server[0m[0m
[behavior_server-33] [INFO] [behavior_server]: Configuring
[behavior_server-33] [INFO] [behavior_server]: Creating behavior plugin spin of type nav2_behaviors::Spin
[behavior_server-33] [INFO] [behavior_server]: Creating behavior plugin backup of type nav2_behaviors::BackUp
[behavior_server-33] [INFO] [behavior_server]: Creating behavior plugin drive_on_heading of type nav2_behaviors::DriveOnHeading
[behavior_server-33] [INFO] [behavior_server]: Creating behavior plugin assisted_teleop of type nav2_behaviors::AssistedTeleop
[behavior_server-33] [INFO] [behavior_server]: Creating behavior plugin wait of type nav2_behaviors::Wait
[behavior_server-33] [INFO] [behavior_server]: Configuring spin
[behavior_server-33] [INFO] [behavior_server]: Configuring backup
[behavior_server-33] [INFO] [behavior_server]: Configuring drive_on_heading
[behavior_server-33] [INFO] [behavior_server]: Configuring assisted_teleop
[behavior_server-33] [INFO] [behavior_server]: Configuring wait
[lifecycle_manager-36] [INFO] [lifecycle_manager_navigation]: [34m[1mConfiguring velocity_smoother[0m[0m
[velocity_smoother-35] [INFO] [velocity_smoother]: Configuring velocity smoother
[lifecycle_manager-36] [INFO] [lifecycle_manager_navigation]: [34m[1mConfiguring bt_navigator[0m[0m
[bt_navigator-34] [INFO] [bt_navigator]: Configuring
[bt_navigator-34] [INFO] [bt_navigator]: Creating navigator id navigate_to_pose of type nav2_bt_navigator::NavigateToPoseNavigator
[bt_navigator-34] [INFO] [bt_navigator]: Creating navigator id navigate_through_poses of type nav2_bt_navigator::NavigateThroughPosesNavigator
[lifecycle_manager-36] [INFO] [lifecycle_manager_navigation]: [34m[1mActivating controller_server[0m[0m
[controller_server-30] [INFO] [controller_server]: Activating
[controller_server-30] [INFO] [local_costmap.local_costmap]: Activating
[controller_server-30] [INFO] [local_costmap.local_costmap]: Checking transform
[controller_server-30] [INFO] [local_costmap.local_costmap]: start
[controller_server-30] [WARN] [controller_server]: Parameter controller_server.verbose not found
[controller_server-30] [INFO] [controller_server]: Optimizer reset
[controller_server-30] [INFO] [MPPIController]: Activated MPPI Controller: FollowPath
[controller_server-30] [INFO] [controller_server]: Creating bond (controller_server) to lifecycle manager.
[lifecycle_manager-36] [INFO] [lifecycle_manager_navigation]: Server controller_server connected with bond.
[lifecycle_manager-36] [INFO] [lifecycle_manager_navigation]: [34m[1mActivating smoother_server[0m[0m
[smoother_server-31] [INFO] [smoother_server]: Activating
[smoother_server-31] [INFO] [smoother_server]: Creating bond (smoother_server) to lifecycle manager.
[lifecycle_manager-36] [INFO] [lifecycle_manager_navigation]: Server smoother_server connected with bond.
[lifecycle_manager-36] [INFO] [lifecycle_manager_navigation]: [34m[1mActivating planner_server[0m[0m
[planner_server-32] [INFO] [planner_server]: Activating
[planner_server-32] [INFO] [global_costmap.global_costmap]: Activating
[planner_server-32] [INFO] [global_costmap.global_costmap]: Checking transform
[planner_server-32] [INFO] [global_costmap.global_costmap]: start
[planner_server-32] [INFO] [planner_server]: Activating plugin GridBased of type NavfnPlanner
[planner_server-32] [INFO] [planner_server]: Creating bond (planner_server) to lifecycle manager.
[lifecycle_manager-36] [INFO] [lifecycle_manager_navigation]: Server planner_server connected with bond.
[lifecycle_manager-36] [INFO] [lifecycle_manager_navigation]: [34m[1mActivating behavior_server[0m[0m
[behavior_server-33] [INFO] [behavior_server]: Activating
[behavior_server-33] [INFO] [behavior_server]: Activating spin
[behavior_server-33] [INFO] [behavior_server]: Activating backup
[behavior_server-33] [INFO] [behavior_server]: Activating drive_on_heading
[behavior_server-33] [INFO] [behavior_server]: Activating assisted_teleop
[behavior_server-33] [INFO] [behavior_server]: Activating wait
[behavior_server-33] [INFO] [behavior_server]: Creating bond (behavior_server) to lifecycle manager.
[lifecycle_manager-36] [INFO] [lifecycle_manager_navigation]: Server behavior_server connected with bond.
[lifecycle_manager-36] [INFO] [lifecycle_manager_navigation]: [34m[1mActivating velocity_smoother[0m[0m
[velocity_smoother-35] [INFO] [velocity_smoother]: Activating
[velocity_smoother-35] [INFO] [velocity_smoother]: Creating bond (velocity_smoother) to lifecycle manager.
[lifecycle_manager-36] [INFO] [lifecycle_manager_navigation]: Server velocity_smoother connected with bond.
[lifecycle_manager-36] [INFO] [lifecycle_manager_navigation]: [34m[1mActivating bt_navigator[0m[0m
[bt_navigator-34] [INFO] [bt_navigator]: Activating
[bt_navigator-34] [INFO] [bt_navigator]: Creating bond (bt_navigator) to lifecycle manager.
[lifecycle_manager-36] [INFO] [lifecycle_manager_navigation]: Server bt_navigator connected with bond.
[lifecycle_manager-36] [INFO] [lifecycle_manager_navigation]: [34m[1mManaged nodes are active[0m[0m
[lifecycle_manager-36] [INFO] [lifecycle_manager_navigation]: [34m[1mCreating bond timer...[0m[0m
[INFO] [launch.user]: >>>>>>>>> Publishing Nav2 goal... 
[INFO] [ros2-37]: process started with pid [65026]
[bt_navigator-34] [INFO] [bt_navigator]: Begin navigating from current location (-0.00, 0.00) to (10.00, 0.00)
[controller_server-30] [INFO] [controller_server]: Received a goal, begin computing control effort.
[controller_server-30] [WARN] [controller_server]: No goal checker was specified in parameter 'current_goal_checker'. Server will use only plugin loaded general_goal_checker . This warning will appear once.
[controller_server-30] [WARN] [controller_server]: No progress checker was specified in parameter 'current_progress_checker'. Server will use only plugin loaded progress_checker . This warning will appear once.
[parameter_bridge-17] [INFO] [cmd_vel_bridge]: Passing message from ROS geometry_msgs/msg/TwistStamped to Gazebo gz.msgs.Twist (showing msg only once per type)
[controller_server-30] [INFO] [controller_server]: Passing new path to controller.
[controller_server-30] [INFO] [controller_server]: Passing new path to controller.
[barn_runner.py-29] [0m[INFO] [BARN_Runner]: >>>>>>>>> Trial running...[0m
[barn_runner.py-29] [0m[INFO] [BARN_Runner]: Time: 0.02 (s), x: -2.26 (m), y: 3.10 (m)[0m
[controller_server-30] [INFO] [controller_server]: Passing new path to controller.
[barn_runner.py-29] [0m[INFO] [BARN_Runner]: Time: 1.04 (s), x: -2.26 (m), y: 3.19 (m)[0m
[controller_server-30] [INFO] [controller_server]: Passing new path to controller.
[barn_runner.py-29] [0m[INFO] [BARN_Runner]: Time: 2.05 (s), x: -2.28 (m), y: 3.30 (m)[0m
[controller_server-30] [INFO] [controller_server]: Passing new path to controller.
[barn_runner.py-29] [0m[INFO] [BARN_Runner]: Time: 3.05 (s), x: -2.30 (m), y: 3.40 (m)[0m
[controller_server-30] [INFO] [controller_server]: Passing new path to controller.
[barn_runner.py-29] [0m[INFO] [BARN_Runner]: Time: 4.07 (s), x: -2.32 (m), y: 3.52 (m)[0m
[controller_server-30] [INFO] [controller_server]: Passing new path to controller.
[barn_runner.py-29] [0m[INFO] [BARN_Runner]: Time: 5.08 (s), x: -2.35 (m), y: 3.63 (m)[0m
[controller_server-30] [INFO] [controller_server]: Passing new path to controller.
[barn_runner.py-29] [0m[INFO] [BARN_Runner]: Time: 6.10 (s), x: -2.37 (m), y: 3.73 (m)[0m
[controller_server-30] [INFO] [controller_server]: Passing new path to controller.
[barn_runner.py-29] [0m[INFO] [BARN_Runner]: Time: 7.10 (s), x: -2.39 (m), y: 3.84 (m)[0m
[controller_server-30] [INFO] [controller_server]: Passing new path to controller.
[barn_runner.py-29] [0m[INFO] [BARN_Runner]: Time: 8.11 (s), x: -2.41 (m), y: 3.94 (m)[0m
[controller_server-30] [INFO] [controller_server]: Passing new path to controller.
[barn_runner.py-29] [0m[INFO] [BARN_Runner]: Time: 9.12 (s), x: -2.44 (m), y: 4.05 (m)[0m
[controller_server-30] [INFO] [controller_server]: Passing new path to controller.
[barn_runner.py-29] [0m[INFO] [BARN_Runner]: Time: 10.12 (s), x: -2.46 (m), y: 4.14 (m)[0m
[controller_server-30] [INFO] [controller_server]: Passing new path to controller.
[barn_runner.py-29] [0m[INFO] [BARN_Runner]: Time: 11.13 (s), x: -2.48 (m), y: 4.23 (m)[0m
[controller_server-30] [INFO] [controller_server]: Passing new path to controller.
[barn_runner.py-29] [0m[INFO] [BARN_Runner]: Time: 12.15 (s), x: -2.50 (m), y: 4.32 (m)[0m
[controller_server-30] [INFO] [controller_server]: Passing new path to controller.
[barn_runner.py-29] [0m[INFO] [BARN_Runner]: Time: 13.17 (s), x: -2.52 (m), y: 4.41 (m)[0m
[controller_server-30] [INFO] [controller_server]: Passing new path to controller.
[barn_runner.py-29] [0m[INFO] [BARN_Runner]: Time: 14.18 (s), x: -2.55 (m), y: 4.51 (m)[0m
[controller_server-30] [INFO] [controller_server]: Passing new path to controller.
[barn_runner.py-29] [0m[INFO] [BARN_Runner]: Time: 15.19 (s), x: -2.56 (m), y: 4.60 (m)[0m
[controller_server-30] [INFO] [controller_server]: Passing new path to controller.
[barn_runner.py-29] [0m[INFO] [BARN_Runner]: Time: 16.20 (s), x: -2.58 (m), y: 4.69 (m)[0m
[controller_server-30] [INFO] [controller_server]: Passing new path to controller.
[barn_runner.py-29] [0m[INFO] [BARN_Runner]: Time: 17.22 (s), x: -2.60 (m), y: 4.79 (m)[0m
[controller_server-30] [INFO] [controller_server]: Passing new path to controller.
[barn_runner.py-29] [0m[INFO] [BARN_Runner]: Time: 18.23 (s), x: -2.62 (m), y: 4.90 (m)[0m
[controller_server-30] [INFO] [controller_server]: Passing new path to controller.
[barn_runner.py-29] [0m[INFO] [BARN_Runner]: Time: 19.24 (s), x: -2.63 (m), y: 4.99 (m)[0m
[controller_server-30] [INFO] [controller_server]: Passing new path to controller.
[barn_runner.py-29] [0m[INFO] [BARN_Runner]: Time: 20.24 (s), x: -2.65 (m), y: 5.09 (m)[0m
[controller_server-30] [INFO] [controller_server]: Passing new path to controller.
[barn_runner.py-29] [0m[INFO] [BARN_Runner]: Time: 21.26 (s), x: -2.67 (m), y: 5.21 (m)[0m
[controller_server-30] [INFO] [controller_server]: Passing new path to controller.
[barn_runner.py-29] [0m[INFO] [BARN_Runner]: Time: 22.28 (s), x: -2.69 (m), y: 5.30 (m)[0m
[controller_server-30] [INFO] [controller_server]: Passing new path to controller.
[barn_runner.py-29] [0m[INFO] [BARN_Runner]: Time: 23.29 (s), x: -2.70 (m), y: 5.39 (m)[0m
[controller_server-30] [INFO] [controller_server]: Passing new path to controller.
[barn_runner.py-29] [0m[INFO] [BARN_Runner]: Time: 24.29 (s), x: -2.72 (m), y: 5.52 (m)[0m
[controller_server-30] [INFO] [controller_server]: Passing new path to controller.
[barn_runner.py-29] [0m[INFO] [BARN_Runner]: Time: 25.30 (s), x: -2.73 (m), y: 5.61 (m)[0m
[controller_server-30] [INFO] [controller_server]: Passing new path to controller.
[barn_runner.py-29] [0m[INFO] [BARN_Runner]: Time: 26.30 (s), x: -2.74 (m), y: 5.73 (m)[0m
[controller_server-30] [INFO] [controller_server]: Passing new path to controller.
[barn_runner.py-29] [0m[INFO] [BARN_Runner]: Time: 27.31 (s), x: -2.74 (m), y: 5.83 (m)[0m
[controller_server-30] [INFO] [controller_server]: Passing new path to controller.
[barn_runner.py-29] [0m[INFO] [BARN_Runner]: Time: 28.31 (s), x: -2.74 (m), y: 5.94 (m)[0m
[controller_server-30] [INFO] [controller_server]: Passing new path to controller.
[barn_runner.py-29] [0m[INFO] [BARN_Runner]: Time: 29.32 (s), x: -2.74 (m), y: 6.02 (m)[0m
[controller_server-30] [INFO] [controller_server]: Passing new path to controller.
[barn_runner.py-29] [0m[INFO] [BARN_Runner]: Time: 30.32 (s), x: -2.73 (m), y: 6.12 (m)[0m
[controller_server-30] [INFO] [controller_server]: Passing new path to controller.
[barn_runner.py-29] [0m[INFO] [BARN_Runner]: Time: 31.32 (s), x: -2.72 (m), y: 6.22 (m)[0m
[controller_server-30] [INFO] [controller_server]: Passing new path to controller.
[barn_runner.py-29] [0m[INFO] [BARN_Runner]: Time: 32.33 (s), x: -2.71 (m), y: 6.33 (m)[0m
[controller_server-30] [INFO] [controller_server]: Passing new path to controller.
[barn_runner.py-29] [0m[INFO] [BARN_Runner]: Time: 33.34 (s), x: -2.70 (m), y: 6.42 (m)[0m
[controller_server-30] [INFO] [controller_server]: Passing new path to controller.
[barn_runner.py-29] [0m[INFO] [BARN_Runner]: Time: 34.35 (s), x: -2.69 (m), y: 6.50 (m)[0m
[controller_server-30] [INFO] [controller_server]: Passing new path to controller.
[barn_runner.py-29] [0m[INFO] [BARN_Runner]: Time: 35.36 (s), x: -2.68 (m), y: 6.59 (m)[0m
[controller_server-30] [INFO] [controller_server]: Passing new path to controller.
[barn_runner.py-29] [0m[INFO] [BARN_Runner]: Time: 36.36 (s), x: -2.68 (m), y: 6.68 (m)[0m
[controller_server-30] [INFO] [controller_server]: Passing new path to controller.
[barn_runner.py-29] [0m[INFO] [BARN_Runner]: Time: 37.37 (s), x: -2.67 (m), y: 6.78 (m)[0m
[controller_server-30] [INFO] [controller_server]: Passing new path to controller.
[barn_runner.py-29] [0m[INFO] [BARN_Runner]: Time: 38.38 (s), x: -2.66 (m), y: 6.89 (m)[0m
[controller_server-30] [INFO] [controller_server]: Passing new path to controller.
[barn_runner.py-29] [0m[INFO] [BARN_Runner]: Time: 39.38 (s), x: -2.66 (m), y: 7.00 (m)[0m
[controller_server-30] [INFO] [controller_server]: Passing new path to controller.
[barn_runner.py-29] [0m[INFO] [BARN_Runner]: Time: 40.39 (s), x: -2.66 (m), y: 7.10 (m)[0m
[controller_server-30] [INFO] [controller_server]: Passing new path to controller.
[barn_runner.py-29] [0m[INFO] [BARN_Runner]: Time: 41.41 (s), x: -2.65 (m), y: 7.21 (m)[0m
[controller_server-30] [INFO] [controller_server]: Passing new path to controller.
[barn_runner.py-29] [0m[INFO] [BARN_Runner]: Time: 42.42 (s), x: -2.65 (m), y: 7.31 (m)[0m
[controller_server-30] [INFO] [controller_server]: Passing new path to controller.
[barn_runner.py-29] [0m[INFO] [BARN_Runner]: Time: 43.42 (s), x: -2.64 (m), y: 7.43 (m)[0m
[controller_server-30] [INFO] [controller_server]: Passing new path to controller.
[barn_runner.py-29] [0m[INFO] [BARN_Runner]: Time: 44.43 (s), x: -2.63 (m), y: 7.51 (m)[0m
[barn_runner.py-29] [0m[INFO] [BARN_Runner]: Time: 45.44 (s), x: -2.62 (m), y: 7.60 (m)[0m
[controller_server-30] [INFO] [controller_server]: Passing new path to controller.
[controller_server-30] [INFO] [controller_server]: Passing new path to controller.
[barn_runner.py-29] [0m[INFO] [BARN_Runner]: Time: 46.46 (s), x: -2.60 (m), y: 7.70 (m)[0m
[barn_runner.py-29] [0m[INFO] [BARN_Runner]: Time: 47.46 (s), x: -2.58 (m), y: 7.79 (m)[0m
[controller_server-30] [INFO] [controller_server]: Passing new path to controller.
[barn_runner.py-29] [0m[INFO] [BARN_Runner]: Time: 48.48 (s), x: -2.56 (m), y: 7.87 (m)[0m
[controller_server-30] [INFO] [controller_server]: Passing new path to controller.
[barn_runner.py-29] [0m[INFO] [BARN_Runner]: Time: 49.50 (s), x: -2.53 (m), y: 7.95 (m)[0m
[controller_server-30] [INFO] [controller_server]: Passing new path to controller.
[barn_runner.py-29] [0m[INFO] [BARN_Runner]: Time: 50.50 (s), x: -2.50 (m), y: 8.03 (m)[0m
[controller_server-30] [INFO] [controller_server]: Passing new path to controller.
[barn_runner.py-29] [0m[INFO] [BARN_Runner]: Time: 51.50 (s), x: -2.47 (m), y: 8.12 (m)[0m
[controller_server-30] [INFO] [controller_server]: Passing new path to controller.
[barn_runner.py-29] [0m[INFO] [BARN_Runner]: Time: 52.50 (s), x: -2.43 (m), y: 8.21 (m)[0m
[controller_server-30] [INFO] [controller_server]: Passing new path to controller.
[barn_runner.py-29] [0m[INFO] [BARN_Runner]: Time: 53.50 (s), x: -2.38 (m), y: 8.30 (m)[0m
[controller_server-30] [INFO] [controller_server]: Passing new path to controller.
[barn_runner.py-29] [0m[INFO] [BARN_Runner]: Time: 54.51 (s), x: -2.33 (m), y: 8.39 (m)[0m
[controller_server-30] [INFO] [controller_server]: Passing new path to controller.
[barn_runner.py-29] [0m[INFO] [BARN_Runner]: Time: 55.53 (s), x: -2.28 (m), y: 8.48 (m)[0m
[controller_server-30] [INFO] [controller_server]: Passing new path to controller.
[barn_runner.py-29] [0m[INFO] [BARN_Runner]: Time: 56.55 (s), x: -2.21 (m), y: 8.58 (m)[0m
[controller_server-30] [INFO] [controller_server]: Passing new path to controller.
[barn_runner.py-29] [0m[INFO] [BARN_Runner]: Time: 57.56 (s), x: -2.14 (m), y: 8.69 (m)[0m
[controller_server-30] [INFO] [controller_server]: Passing new path to controller.
[barn_runner.py-29] [0m[INFO] [BARN_Runner]: Time: 58.57 (s), x: -2.08 (m), y: 8.79 (m)[0m
[controller_server-30] [INFO] [controller_server]: Passing new path to controller.
[barn_runner.py-29] [0m[INFO] [BARN_Runner]: Time: 59.58 (s), x: -2.02 (m), y: 8.89 (m)[0m
[controller_server-30] [INFO] [controller_server]: Passing new path to controller.
[barn_runner.py-29] [0m[INFO] [BARN_Runner]: Time: 60.59 (s), x: -1.98 (m), y: 8.98 (m)[0m
[controller_server-30] [INFO] [controller_server]: Passing new path to controller.
[barn_runner.py-29] [0m[INFO] [BARN_Runner]: Time: 61.60 (s), x: -1.94 (m), y: 9.08 (m)[0m
[controller_server-30] [INFO] [controller_server]: Passing new path to controller.
[barn_runner.py-29] [0m[INFO] [BARN_Runner]: Time: 62.60 (s), x: -1.90 (m), y: 9.20 (m)[0m
[controller_server-30] [INFO] [controller_server]: Passing new path to controller.
[barn_runner.py-29] [0m[INFO] [BARN_Runner]: Time: 63.62 (s), x: -1.88 (m), y: 9.29 (m)[0m
[controller_server-30] [INFO] [controller_server]: Passing new path to controller.
[barn_runner.py-29] [0m[INFO] [BARN_Runner]: Time: 64.62 (s), x: -1.86 (m), y: 9.39 (m)[0m
[controller_server-30] [INFO] [controller_server]: Passing new path to controller.
[barn_runner.py-29] [0m[INFO] [BARN_Runner]: Time: 65.64 (s), x: -1.85 (m), y: 9.49 (m)[0m
[controller_server-30] [INFO] [controller_server]: Passing new path to controller.
[barn_runner.py-29] [0m[INFO] [BARN_Runner]: Time: 66.66 (s), x: -1.84 (m), y: 9.61 (m)[0m
[controller_server-30] [INFO] [controller_server]: Passing new path to controller.
[barn_runner.py-29] [0m[INFO] [BARN_Runner]: Time: 67.68 (s), x: -1.83 (m), y: 9.72 (m)[0m
[controller_server-30] [INFO] [controller_server]: Passing new path to controller.
[barn_runner.py-29] [0m[INFO] [BARN_Runner]: Time: 68.68 (s), x: -1.82 (m), y: 9.82 (m)[0m
[controller_server-30] [INFO] [controller_server]: Passing new path to controller.
[barn_runner.py-29] [0m[INFO] [BARN_Runner]: Time: 69.69 (s), x: -1.82 (m), y: 9.92 (m)[0m
[controller_server-30] [INFO] [controller_server]: Passing new path to controller.
[barn_runner.py-29] [0m[INFO] [BARN_Runner]: Time: 70.71 (s), x: -1.81 (m), y: 10.03 (m)[0m
[controller_server-30] [INFO] [controller_server]: Passing new path to controller.
[barn_runner.py-29] [0m[INFO] [BARN_Runner]: Time: 71.73 (s), x: -1.81 (m), y: 10.13 (m)[0m
[controller_server-30] [INFO] [controller_server]: Passing new path to controller.
[barn_runner.py-29] [0m[INFO] [BARN_Runner]: Time: 72.73 (s), x: -1.80 (m), y: 10.25 (m)[0m
[controller_server-30] [INFO] [controller_server]: Passing new path to controller.
[barn_runner.py-29] [0m[INFO] [BARN_Runner]: Time: 73.75 (s), x: -1.80 (m), y: 10.35 (m)[0m
[controller_server-30] [INFO] [controller_server]: Passing new path to controller.
[barn_runner.py-29] [0m[INFO] [BARN_Runner]: Time: 74.77 (s), x: -1.80 (m), y: 10.46 (m)[0m
[controller_server-30] [INFO] [controller_server]: Passing new path to controller.
[barn_runner.py-29] [0m[INFO] [BARN_Runner]: Time: 75.79 (s), x: -1.80 (m), y: 10.56 (m)[0m
[controller_server-30] [INFO] [controller_server]: Passing new path to controller.
[barn_runner.py-29] [0m[INFO] [BARN_Runner]: Time: 76.80 (s), x: -1.79 (m), y: 10.66 (m)[0m
[controller_server-30] [INFO] [controller_server]: Passing new path to controller.
[barn_runner.py-29] [0m[INFO] [BARN_Runner]: Time: 77.81 (s), x: -1.79 (m), y: 10.76 (m)[0m
[controller_server-30] [INFO] [controller_server]: Passing new path to controller.
[barn_runner.py-29] [0m[INFO] [BARN_Runner]: Time: 78.83 (s), x: -1.79 (m), y: 10.86 (m)[0m
[controller_server-30] [INFO] [controller_server]: Passing new path to controller.
[barn_runner.py-29] [0m[INFO] [BARN_Runner]: Time: 79.84 (s), x: -1.79 (m), y: 10.95 (m)[0m
[laser_scan_fault_injector.py-4] [33m[WARN] [laser_scan_fault_injector]: Fault active at t=15.00s (persistent): replacing frontal sector scan ranges continuously.[0m
[masking_nav2_recovery_supervisor.py-5] [33m[WARN] [masking_nav2_recovery_supervisor]: Nav2 masking recovery monitoring started: fault active, trigger_policy=immediate.[0m
[controller_server-30] [INFO] [controller_server]: Passing new path to controller.
[barn_runner.py-29] [0m[INFO] [BARN_Runner]: Time: 80.85 (s), x: -1.79 (m), y: 11.04 (m)[0m
[controller_server-30] [INFO] [controller_server]: Passing new path to controller.
[masking_nav2_recovery_supervisor.py-5] [33m[WARN] [masking_nav2_recovery_supervisor]: Nav2 masking recovery started: reason=immediate_fault_trigger, recovery_count=1.[0m
[masking_nav2_recovery_supervisor.py-5] [33m[WARN] [masking_nav2_recovery_supervisor]: old_nav_cancel_requested: canceling current NavigateToPose goals.[0m
[controller_server-30] [INFO] [controller_server]: Cancellation was successful. Stopping the robot.
[controller_server-30] [INFO] [controller_server]: [follow_path] [ActionServer] Client requested to cancel the goal. Cancelling.
[bt_navigator-34] [INFO] [bt_navigator]: [navigate_to_pose] [ActionServer] Client requested to cancel the goal. Cancelling.
[bt_navigator-34] [INFO] [bt_navigator]: Goal canceled
[controller_server-30] [INFO] [controller_server]: Optimizer reset
[INFO] [ros2-37]: process has finished cleanly [pid 65026]
[barn_runner.py-29] [0m[INFO] [BARN_Runner]: Time: 81.85 (s), x: -1.79 (m), y: 11.13 (m)[0m
[masking_nav2_recovery_supervisor.py-5] [33m[WARN] [masking_nav2_recovery_supervisor]: old_nav_cancel_confirmed: service/action request completed, result=action_msgs.srv.CancelGoal_Response(return_code=0, goals_canceling=[action_msgs.msg.GoalInfo(goal_id=unique_identifier_msgs.msg.UUID(uuid=array([126,   4,  78, 245, 211, 114,  64, 160, 190, 157,  53,  50, 123,
[masking_nav2_recovery_supervisor.py-5]        232,  21, 110], dtype=uint8)), stamp=builtin_interfaces.msg.Time(sec=3, nanosec=355000000))]).[0m
[masking_nav2_recovery_supervisor.py-5] [33m[WARN] [masking_nav2_recovery_supervisor]: local_costmap_clear_start: requesting local costmap clear.[0m
[controller_server-30] [INFO] [local_costmap.local_costmap]: Received request to clear entirely the local_costmap
[barn_runner.py-29] [0m[INFO] [BARN_Runner]: Time: 82.85 (s), x: -1.79 (m), y: 11.21 (m)[0m
[masking_nav2_recovery_supervisor.py-5] [33m[WARN] [masking_nav2_recovery_supervisor]: local_costmap_clear_end: service/action request completed, result=nav2_msgs.srv.ClearEntireCostmap_Response(response=std_msgs.msg.Empty()).[0m
[masking_nav2_recovery_supervisor.py-5] [33m[WARN] [masking_nav2_recovery_supervisor]: spin_goal_sent: requesting Nav2 Spin action, target_yaw_deg=60.0.[0m
[behavior_server-33] [INFO] [behavior_server]: Running spin
[behavior_server-33] [INFO] [behavior_server]: Turning 1.05 for spin behavior.
[masking_nav2_recovery_supervisor.py-5] [33m[WARN] [masking_nav2_recovery_supervisor]: spin_goal_accepted: goal accepted.[0m
[barn_runner.py-29] [0m[INFO] [BARN_Runner]: Time: 83.86 (s), x: -1.79 (m), y: 11.22 (m)[0m
[barn_runner.py-29] [0m[INFO] [BARN_Runner]: Time: 84.87 (s), x: -1.79 (m), y: 11.22 (m)[0m
[barn_runner.py-29] [0m[INFO] [BARN_Runner]: Time: 85.88 (s), x: -1.79 (m), y: 11.22 (m)[0m
[barn_runner.py-29] [0m[INFO] [BARN_Runner]: Time: 86.89 (s), x: -1.79 (m), y: 11.22 (m)[0m
[barn_runner.py-29] [0m[INFO] [BARN_Runner]: Time: 87.91 (s), x: -1.79 (m), y: 11.22 (m)[0m
[barn_runner.py-29] [0m[INFO] [BARN_Runner]: Time: 88.91 (s), x: -1.79 (m), y: 11.22 (m)[0m
[barn_runner.py-29] [0m[INFO] [BARN_Runner]: Time: 89.92 (s), x: -1.79 (m), y: 11.22 (m)[0m
[barn_runner.py-29] [0m[INFO] [BARN_Runner]: Time: 90.93 (s), x: -1.79 (m), y: 11.22 (m)[0m
[barn_runner.py-29] [0m[INFO] [BARN_Runner]: Time: 91.95 (s), x: -1.79 (m), y: 11.22 (m)[0m
[barn_runner.py-29] [0m[INFO] [BARN_Runner]: Time: 92.96 (s), x: -1.79 (m), y: 11.22 (m)[0m
[barn_runner.py-29] [0m[INFO] [BARN_Runner]: Time: 93.98 (s), x: -1.79 (m), y: 11.22 (m)[0m
[barn_runner.py-29] [0m[INFO] [BARN_Runner]: Time: 94.99 (s), x: -1.79 (m), y: 11.22 (m)[0m
[barn_runner.py-29] [0m[INFO] [BARN_Runner]: Time: 96.00 (s), x: -1.79 (m), y: 11.22 (m)[0m
[behavior_server-33] [INFO] [behavior_server]: spin completed successfully
[masking_nav2_recovery_supervisor.py-5] [33m[WARN] [masking_nav2_recovery_supervisor]: spin_result: result_code=4, result=nav2_msgs.action.Spin_Result(total_elapsed_time=builtin_interfaces.msg.Duration(sec=1, nanosec=950000000), error_code=0, error_msg='').[0m
[masking_nav2_recovery_supervisor.py-5] [33m[WARN] [masking_nav2_recovery_supervisor]: settle_start: waiting 1.00s for fresh scans/costmap updates.[0m
[barn_runner.py-29] [0m[INFO] [BARN_Runner]: Time: 97.02 (s), x: -1.79 (m), y: 11.22 (m)[0m
[barn_runner.py-29] [0m[INFO] [BARN_Runner]: Time: 98.03 (s), x: -1.79 (m), y: 11.22 (m)[0m
[masking_nav2_recovery_supervisor.py-5] [33m[WARN] [masking_nav2_recovery_supervisor]: settle_end: resending navigation goal.[0m
[masking_nav2_recovery_supervisor.py-5] [33m[WARN] [masking_nav2_recovery_supervisor]: navigation_goal_resent: sending same NavigateToPose goal, goal=(10.00, 0.00) frame=odom.[0m
[bt_navigator-34] [INFO] [bt_navigator]: Begin navigating from current location (8.27, -0.21) to (10.00, 0.00)
[controller_server-30] [INFO] [controller_server]: Received a goal, begin computing control effort.
[barn_runner.py-29] [0m[INFO] [BARN_Runner]: Time: 99.05 (s), x: -1.79 (m), y: 11.22 (m)[0m
[masking_nav2_recovery_supervisor.py-5] [33m[WARN] [masking_nav2_recovery_supervisor]: navigation_goal_accepted: goal accepted.[0m
[controller_server-30] [INFO] [controller_server]: Passing new path to controller.
[barn_runner.py-29] [0m[INFO] [BARN_Runner]: Time: 100.06 (s), x: -1.79 (m), y: 11.22 (m)[0m
[controller_server-30] [INFO] [controller_server]: Passing new path to controller.
[barn_runner.py-29] [0m[INFO] [BARN_Runner]: Time: 101.06 (s), x: -1.81 (m), y: 11.23 (m)[0m
[controller_server-30] [INFO] [controller_server]: Passing new path to controller.
[barn_runner.py-29] [0m[INFO] [BARN_Runner]: Time: 102.08 (s), x: -1.85 (m), y: 11.25 (m)[0m
[controller_server-30] [INFO] [controller_server]: Passing new path to controller.
[barn_runner.py-29] [0m[INFO] [BARN_Runner]: Time: 103.09 (s), x: -1.89 (m), y: 11.29 (m)[0m
[controller_server-30] [INFO] [controller_server]: Passing new path to controller.
[barn_runner.py-29] [0m[INFO] [BARN_Runner]: Time: 104.10 (s), x: -1.94 (m), y: 11.35 (m)[0m
[controller_server-30] [INFO] [controller_server]: Passing new path to controller.
[barn_runner.py-29] [0m[INFO] [BARN_Runner]: Time: 105.10 (s), x: -1.97 (m), y: 11.41 (m)[0m
[controller_server-30] [INFO] [controller_server]: Passing new path to controller.
[barn_runner.py-29] [0m[INFO] [BARN_Runner]: Time: 106.10 (s), x: -2.01 (m), y: 11.49 (m)[0m
[controller_server-30] [INFO] [controller_server]: Passing new path to controller.
[barn_runner.py-29] [0m[INFO] [BARN_Runner]: Time: 107.11 (s), x: -2.03 (m), y: 11.55 (m)[0m
[controller_server-30] [INFO] [controller_server]: Passing new path to controller.
[barn_runner.py-29] [0m[INFO] [BARN_Runner]: Time: 108.11 (s), x: -2.05 (m), y: 11.61 (m)[0m
[controller_server-30] [INFO] [controller_server]: Passing new path to controller.
[barn_runner.py-29] [0m[INFO] [BARN_Runner]: Time: 109.12 (s), x: -2.07 (m), y: 11.68 (m)[0m
[controller_server-30] [INFO] [controller_server]: Passing new path to controller.
[barn_runner.py-29] [0m[INFO] [BARN_Runner]: Time: 110.12 (s), x: -2.08 (m), y: 11.74 (m)[0m
[controller_server-30] [INFO] [controller_server]: Passing new path to controller.
[barn_runner.py-29] [0m[INFO] [BARN_Runner]: Time: 111.13 (s), x: -2.08 (m), y: 11.80 (m)[0m
[controller_server-30] [INFO] [controller_server]: Passing new path to controller.
[barn_runner.py-29] [0m[INFO] [BARN_Runner]: Time: 112.14 (s), x: -2.09 (m), y: 11.85 (m)[0m
[controller_server-30] [INFO] [controller_server]: Passing new path to controller.
[barn_runner.py-29] [0m[INFO] [BARN_Runner]: Time: 113.14 (s), x: -2.10 (m), y: 11.90 (m)[0m
[controller_server-30] [INFO] [controller_server]: Passing new path to controller.
[barn_runner.py-29] [0m[INFO] [BARN_Runner]: Time: 114.17 (s), x: -2.11 (m), y: 11.97 (m)[0m
[controller_server-30] [INFO] [controller_server]: Passing new path to controller.
[barn_runner.py-29] [0m[INFO] [BARN_Runner]: >>>>>>>>>>>>>>>>>> Test finished! <<<<<<<<<<<<<<<<<<[0m
[barn_runner.py-29] [0m[INFO] [BARN_Runner]: Navigation succeeded with time 114.9567 (s)[0m
[barn_runner.py-29] [0m[INFO] [BARN_Runner]: Navigation metric: 0.1250[0m
[barn_runner.py-29] [0m[INFO] [BARN_Runner]: ----------------------------------------------------[0m
[INFO] [barn_runner.py-29]: process has finished cleanly [pid 64875]
[INFO] [launch.user]: >>>>>>>>> Shutting down in 5 seconds...
[controller_server-30] [INFO] [controller_server]: Passing new path to controller.
[INFO] [launch]: process[barn_runner.py-29] was required: shutting down launched system
[INFO] [lifecycle_manager-36]: sending signal 'SIGINT' to process[lifecycle_manager-36]
[INFO] [velocity_smoother-35]: sending signal 'SIGINT' to process[velocity_smoother-35]
[INFO] [pkill-38]: process started with pid [65155]
[INFO] [bt_navigator-34]: sending signal 'SIGINT' to process[bt_navigator-34]
[ERROR] [gazebo-1]: process has died [pid 63908, exit code -9, cmd 'ruby /opt/ros/jazzy/opt/gz_tools_vendor/bin/gz sim /home/student24/dissertation/barn_ros2/install/jackal_helper/share/jackal_helper/worlds/BARN/world_240.world -s -r -v 0 --gui-config /home/student24/dissertation/barn_ros2/install/jackal_helper/share/jackal_helper/config/gui.config --force-version 8'].
[INFO] [behavior_server-33]: sending signal 'SIGINT' to process[behavior_server-33]
[ERROR] [pkill-38]: process has died [pid 65155, exit code -9, cmd 'pkill -9 -f 'gz sim''].
[INFO] [planner_server-32]: sending signal 'SIGINT' to process[planner_server-32]
[INFO] [smoother_server-31]: sending signal 'SIGINT' to process[smoother_server-31]
[INFO] [controller_server-30]: sending signal 'SIGINT' to process[controller_server-30]
[INFO] [static_transform_publisher-27]: sending signal 'SIGINT' to process[static_transform_publisher-27]
[INFO] [parameter_bridge-26]: sending signal 'SIGINT' to process[parameter_bridge-26]
[INFO] [static_transform_publisher-25]: sending signal 'SIGINT' to process[static_transform_publisher-25]
[INFO] [parameter_bridge-24]: sending signal 'SIGINT' to process[parameter_bridge-24]
[INFO] [static_transform_publisher-23]: sending signal 'SIGINT' to process[static_transform_publisher-23]
[INFO] [parameter_bridge-22]: sending signal 'SIGINT' to process[parameter_bridge-22]
[INFO] [parameter_bridge-21]: sending signal 'SIGINT' to process[parameter_bridge-21]
[INFO] [velocity_smoother-35]: process has finished cleanly [pid 64895]
[INFO] [imu_filter_madgwick_node-20]: sending signal 'SIGINT' to process[imu_filter_madgwick_node-20]
[INFO] [parameter_bridge-19]: sending signal 'SIGINT' to process[parameter_bridge-19]
[INFO] [parameter_bridge-18]: sending signal 'SIGINT' to process[parameter_bridge-18]
[INFO] [parameter_bridge-17]: sending signal 'SIGINT' to process[parameter_bridge-17]
[INFO] [smoother_server-31]: process has finished cleanly [pid 64891]
[INFO] [teleop_node-16]: sending signal 'SIGINT' to process[teleop_node-16]
[INFO] [static_transform_publisher-27]: process has finished cleanly [pid 64032]
[INFO] [joy_linux_node-15]: sending signal 'SIGINT' to process[joy_linux_node-15]
[INFO] [twist_mux-14]: sending signal 'SIGINT' to process[twist_mux-14]
[INFO] [static_transform_publisher-23]: process has finished cleanly [pid 64022]
[INFO] [parameter_bridge-26]: process has finished cleanly [pid 64031]
[INFO] [marker_server-13]: sending signal 'SIGINT' to process[marker_server-13]
[INFO] [behavior_server-33]: process has finished cleanly [pid 64893]
[INFO] [parameter_bridge-24]: process has finished cleanly [pid 64027]
[INFO] [ekf_node-12]: sending signal 'SIGINT' to process[ekf_node-12]
[INFO] [robot_state_publisher-9]: sending signal 'SIGINT' to process[robot_state_publisher-9]
[INFO] [parameter_bridge-21]: process has finished cleanly [pid 64020]
[INFO] [masking_nav2_recovery_supervisor.py-5]: sending signal 'SIGINT' to process[masking_nav2_recovery_supervisor.py-5]
[INFO] [parameter_bridge-22]: process has finished cleanly [pid 64021]
[INFO] [laser_scan_fault_injector.py-4]: sending signal 'SIGINT' to process[laser_scan_fault_injector.py-4]
[INFO] [parameter_bridge-19]: process has finished cleanly [pid 64016]
[INFO] [lifecycle_manager-36]: process has finished cleanly [pid 64896]
[INFO] [parameter_bridge-2]: sending signal 'SIGINT' to process[parameter_bridge-2]
[INFO] [parameter_bridge-17]: process has finished cleanly [pid 64012]
[INFO] [parameter_bridge-18]: process has finished cleanly [pid 64015]
[lifecycle_manager-36] [INFO] [rclcpp]: signal_handler(SIGINT/SIGTERM)
[lifecycle_manager-36] [INFO] [lifecycle_manager_navigation]: Running Nav2 LifecycleManager rcl preshutdown (lifecycle_manager_navigation)
[lifecycle_manager-36] [INFO] [lifecycle_manager_navigation]: [34m[1mTerminating bond timer...[0m[0m
[INFO] [teleop_node-16]: process has finished cleanly [pid 64011]
[velocity_smoother-35] [INFO] [rclcpp]: signal_handler(SIGINT/SIGTERM)
[velocity_smoother-35] [INFO] [velocity_smoother]: Running Nav2 LifecycleNode rcl preshutdown (velocity_smoother)
[velocity_smoother-35] [INFO] [velocity_smoother]: Deactivating
[velocity_smoother-35] [INFO] [velocity_smoother]: Destroying bond (velocity_smoother) to lifecycle manager.
[velocity_smoother-35] [INFO] [velocity_smoother]: Cleaning up
[velocity_smoother-35] [INFO] [velocity_smoother]: Destroying bond (velocity_smoother) to lifecycle manager.
[INFO] [imu_filter_madgwick_node-20]: process has finished cleanly [pid 64019]
[bt_navigator-34] [INFO] [rclcpp]: signal_handler(SIGINT/SIGTERM)
[bt_navigator-34] [INFO] [bt_navigator]: Running Nav2 LifecycleNode rcl preshutdown (bt_navigator)
[bt_navigator-34] [INFO] [bt_navigator]: Deactivating
[bt_navigator-34] [WARN] [bt_navigator]: [navigate_to_pose] [ActionServer] Requested to deactivate server but goal is still executing. Should check if action server is running before deactivating.
[controller_server-30] [INFO] [controller_server]: Cancellation was successful. Stopping the robot.
[controller_server-30] [INFO] [controller_server]: [follow_path] [ActionServer] Client requested to cancel the goal. Cancelling.
[controller_server-30] [INFO] [controller_server]: Optimizer reset
[bt_navigator-34] [WARN] [bt_navigator]: [navigate_to_pose] [ActionServer] Aborting handle.
[bt_navigator-34] [INFO] [bt_navigator]: Goal canceled
[bt_navigator-34] [WARN] [bt_navigator]: [navigate_to_pose] [ActionServer] Stopping the thread per request.
[bt_navigator-34] [INFO] [bt_navigator]: Destroying bond (bt_navigator) to lifecycle manager.
[behavior_server-33] [INFO] [rclcpp]: signal_handler(SIGINT/SIGTERM)
[behavior_server-33] [INFO] [behavior_server]: Running Nav2 LifecycleNode rcl preshutdown (behavior_server)
[behavior_server-33] [INFO] [behavior_server]: Deactivating
[behavior_server-33] [INFO] [behavior_server]: Destroying bond (behavior_server) to lifecycle manager.
[velocity_smoother-35] [INFO] [velocity_smoother]: Destroying
[bt_navigator-34] [INFO] [bt_navigator]: Cleaning up
[INFO] [static_transform_publisher-25]: process has finished cleanly [pid 64028]
[behavior_server-33] [INFO] [behavior_server]: Cleaning up
[behavior_server-33] [INFO] [behavior_server]: Destroying bond (behavior_server) to lifecycle manager.
[planner_server-32] [INFO] [rclcpp]: signal_handler(SIGINT/SIGTERM)
[planner_server-32] [INFO] [planner_server]: Running Nav2 LifecycleNode rcl preshutdown (planner_server)
[planner_server-32] [INFO] [planner_server]: Deactivating
[planner_server-32] [INFO] [global_costmap.global_costmap]: Deactivating
[smoother_server-31] [INFO] [rclcpp]: signal_handler(SIGINT/SIGTERM)
[smoother_server-31] [INFO] [smoother_server]: Running Nav2 LifecycleNode rcl preshutdown (smoother_server)
[smoother_server-31] [INFO] [smoother_server]: Deactivating
[smoother_server-31] [INFO] [smoother_server]: Destroying bond (smoother_server) to lifecycle manager.
[smoother_server-31] [INFO] [smoother_server]: Cleaning up
[controller_server-30] [INFO] [rclcpp]: signal_handler(SIGINT/SIGTERM)
[controller_server-30] [INFO] [controller_server]: Running Nav2 LifecycleNode rcl preshutdown (controller_server)
[controller_server-30] [INFO] [controller_server]: Deactivating
[controller_server-30] [INFO] [MPPIController]: Deactivated MPPI Controller: FollowPath
[controller_server-30] [INFO] [local_costmap.local_costmap]: Deactivating
[smoother_server-31] [INFO] [smoother_server]: Destroying bond (smoother_server) to lifecycle manager.
[smoother_server-31] [INFO] [smoother_server]: Destroying
[static_transform_publisher-27] [INFO] [rclcpp]: signal_handler(SIGINT/SIGTERM)
[behavior_server-33] [INFO] [behavior_server]: Destroying
[lifecycle_manager-36] [INFO] [lifecycle_manager_navigation]: Destroying lifecycle_manager_navigation
[controller_server-30] [INFO] [controller_server]: Destroying bond (controller_server) to lifecycle manager.
[controller_server-30] [INFO] [controller_server]: Cleaning up
[controller_server-30] [INFO] [MPPIController]: Cleaned up MPPI Controller: FollowPath
[controller_server-30] [INFO] [local_costmap.local_costmap]: Cleaning up
[parameter_bridge-26] [INFO] [rclcpp]: signal_handler(SIGINT/SIGTERM)
[static_transform_publisher-25] [INFO] [rclcpp]: signal_handler(SIGINT/SIGTERM)
[parameter_bridge-24] [INFO] [rclcpp]: signal_handler(SIGINT/SIGTERM)
[static_transform_publisher-23] [INFO] [rclcpp]: signal_handler(SIGINT/SIGTERM)
[parameter_bridge-22] [INFO] [rclcpp]: signal_handler(SIGINT/SIGTERM)
[parameter_bridge-21] [INFO] [rclcpp]: signal_handler(SIGINT/SIGTERM)
[imu_filter_madgwick_node-20] [INFO] [rclcpp]: signal_handler(SIGINT/SIGTERM)
[parameter_bridge-19] [INFO] [rclcpp]: signal_handler(SIGINT/SIGTERM)
[parameter_bridge-18] [INFO] [rclcpp]: signal_handler(SIGINT/SIGTERM)
[parameter_bridge-17] [INFO] [rclcpp]: signal_handler(SIGINT/SIGTERM)
[planner_server-32] [INFO] [planner_server]: Deactivating plugin GridBased of type NavfnPlanner
[planner_server-32] [INFO] [planner_server]: Destroying bond (planner_server) to lifecycle manager.
[planner_server-32] [INFO] [planner_server]: Cleaning up
[teleop_node-16] [INFO] [rclcpp]: signal_handler(SIGINT/SIGTERM)
[joy_linux_node-15] [INFO] [rclcpp]: signal_handler(SIGINT/SIGTERM)
[joy_linux_node-15] [INFO] [joy_node]: joy_node shut down.
[twist_mux-14] [INFO] [rclcpp]: signal_handler(SIGINT/SIGTERM)
[marker_server-13] [INFO] [rclcpp]: signal_handler(SIGINT/SIGTERM)
[ekf_node-12] [INFO] [rclcpp]: signal_handler(SIGINT/SIGTERM)
[controller_server-30] [INFO] [controller_server]: Destroying bond (controller_server) to lifecycle manager.
[robot_state_publisher-9] [INFO] [rclcpp]: signal_handler(SIGINT/SIGTERM)
[planner_server-32] [INFO] [global_costmap.global_costmap]: Cleaning up
[planner_server-32] [INFO] [planner_server]: Cleaning up plugin GridBased of type NavfnPlanner
[planner_server-32] [INFO] [planner_server]: Destroying plugin GridBased of type NavfnPlanner
[controller_server-30] [INFO] [local_costmap.local_costmap]: Destroying
[INFO] [twist_mux-14]: process has finished cleanly [pid 64009]
[planner_server-32] [INFO] [planner_server]: Destroying bond (planner_server) to lifecycle manager.
[controller_server-30] [INFO] [controller_server]: Destroying
[planner_server-32] [INFO] [global_costmap.global_costmap]: Destroying
[planner_server-32] [INFO] [planner_server]: Destroying
[bt_navigator-34] [INFO] [bt_navigator]: Completed Cleaning up
[bt_navigator-34] [INFO] [bt_navigator]: Destroying bond (bt_navigator) to lifecycle manager.
[INFO] [marker_server-13]: process has finished cleanly [pid 64008]
[INFO] [joy_linux_node-15]: process has finished cleanly [pid 64010]
[bt_navigator-34] [INFO] [bt_navigator]: Destroying
[INFO] [robot_state_publisher-9]: process has finished cleanly [pid 64004]
[INFO] [ekf_node-12]: process has finished cleanly [pid 64007]
[INFO] [parameter_bridge-2]: process has finished cleanly [pid 63909]
[INFO] [controller_server-30]: process has finished cleanly [pid 64890]
[INFO] [planner_server-32]: process has finished cleanly [pid 64892]
[INFO] [bt_navigator-34]: process has finished cleanly [pid 64894]
[INFO] [laser_scan_fault_injector.py-4]: process has finished cleanly [pid 63912]
[INFO] [masking_nav2_recovery_supervisor.py-5]: process has finished cleanly [pid 63913]
