COMMAND: ros2 launch jackal_helper BARN_runner.launch.py world_idx:=240 gui:=false rviz:=false timeout:=300 throttle_duration:=5 out_file:=fault_campaign_world240_baseline_r005.txt setup_path:=/home/student24/dissertation/barn_ros2/src/The-Barn-Challenge-Ros2/experiment_setups/tuned_clean nav2_log_level:=INFO
STARTED_AT: 2026-08-04T02:37:49.793676

[INFO] [launch]: All log files can be found below /home/student24/.ros/log/2026-08-04-02-37-50-138411-barn-vm-653555
[INFO] [launch]: Default logging verbosity is set to INFO
[INFO] [gazebo-1]: process started with pid [653560]
[INFO] [parameter_bridge-2]: process started with pid [653561]
[INFO] [generate_description-3]: process started with pid [653563]
[generate_description-3] Generated /home/student24/dissertation/barn_ros2/src/The-Barn-Challenge-Ros2/experiment_setups/tuned_clean/robot.urdf.xacro
[INFO] [generate_description-3]: process has finished cleanly [pid 653563]
[INFO] [generate_semantic_description-4]: process started with pid [653584]
[generate_semantic_description-4] [INFO] [moveit_collision_updater.urdf]: Loaded j100-0000 robot model.
[generate_semantic_description-4] [INFO] [moveit_4043822992.moveit.core.robot_model]: Loading robot model 'j100-0000'...
[generate_semantic_description-4] [INFO] [moveit_4043822992.moveit.core.robot_model]: No root/virtual joint specified in SRDF. Assuming fixed joint
[generate_semantic_description-4] [WARN] [moveit_4043822992.moveit.core.robot_model]: Link lidar2d_0_link has visual geometry but no collision geometry. Collision geometry will be left empty. Fix your URDF file by explicitly specifying collision geometry.
[generate_semantic_description-4] [WARN] [moveit_4043822992.moveit.core.robot_model]: Link lidar3d_0_laser has visual geometry but no collision geometry. Collision geometry will be left empty. Fix your URDF file by explicitly specifying collision geometry.
[generate_semantic_description-4] [WARN] [moveit_4043822992.moveit.core.robot_model]: Link lidar2d_1_link has visual geometry but no collision geometry. Collision geometry will be left empty. Fix your URDF file by explicitly specifying collision geometry.
[generate_semantic_description-4] [WARN] [moveit_4043822992.moveit.core.robot_model]: Link gps_0_link has visual geometry but no collision geometry. Collision geometry will be left empty. Fix your URDF file by explicitly specifying collision geometry.
[generate_semantic_description-4] [WARN] [moveit_4043822992.moveit.core.robot_model]: Link front_fender_link has visual geometry but no collision geometry. Collision geometry will be left empty. Fix your URDF file by explicitly specifying collision geometry.
[generate_semantic_description-4] [WARN] [moveit_4043822992.moveit.core.robot_model]: Link rear_fender_link has visual geometry but no collision geometry. Collision geometry will be left empty. Fix your URDF file by explicitly specifying collision geometry.
[generate_semantic_description-4] [INFO] [moveit_collision_updater.srdf]: Robot semantic model successfully loaded.
[generate_semantic_description-4] [INFO] [moveit_collision_updater.Self-Collisions]: Thread complete 36
[generate_semantic_description-4] Warning: class_loader.ClassLoader: SEVERE WARNING!!! Attempting to unload library while objects created by this loader exist in the heap! You should delete your objects before attempting to unload the library or destroying the ClassLoader. The library will NOT be unloaded.
[generate_semantic_description-4]          at line 127 in ./src/class_loader.cpp
[generate_semantic_description-4] Generated /home/student24/dissertation/barn_ros2/src/The-Barn-Challenge-Ros2/experiment_setups/tuned_clean/robot.srdf.xacro
[INFO] [generate_semantic_description-4]: process has finished cleanly [pid 653584]
[INFO] [generate_launch-5]: process started with pid [653623]
[generate_launch-5] Generated launch file: /home/student24/dissertation/barn_ros2/src/The-Barn-Challenge-Ros2/experiment_setups/tuned_clean/manipulators/launch/manipulators-service.launch.py
[generate_launch-5] Generated launch file: /home/student24/dissertation/barn_ros2/src/The-Barn-Challenge-Ros2/experiment_setups/tuned_clean/sensors/launch/lidar2d_0.launch.py
[generate_launch-5] Generated launch file: /home/student24/dissertation/barn_ros2/src/The-Barn-Challenge-Ros2/experiment_setups/tuned_clean/sensors/launch/lidar2d_1.launch.py
[generate_launch-5] Generated launch file: /home/student24/dissertation/barn_ros2/src/The-Barn-Challenge-Ros2/experiment_setups/tuned_clean/sensors/launch/lidar3d_0.launch.py
[generate_launch-5] Generated launch file: /home/student24/dissertation/barn_ros2/src/The-Barn-Challenge-Ros2/experiment_setups/tuned_clean/sensors/launch/sensors-service.launch.py
[generate_launch-5] Generated launch file: /home/student24/dissertation/barn_ros2/src/The-Barn-Challenge-Ros2/experiment_setups/tuned_clean/platform/launch/platform-service.launch.py
[INFO] [generate_launch-5]: process has finished cleanly [pid 653623]
[INFO] [generate_param-6]: process started with pid [653625]
[generate_param-6] Generated config: /home/student24/dissertation/barn_ros2/src/The-Barn-Challenge-Ros2/experiment_setups/tuned_clean/sensors/config/lidar2d_0.yaml
[generate_param-6] Generated config: /home/student24/dissertation/barn_ros2/src/The-Barn-Challenge-Ros2/experiment_setups/tuned_clean/sensors/config/lidar2d_1.yaml
[generate_param-6] Generated config: /home/student24/dissertation/barn_ros2/src/The-Barn-Challenge-Ros2/experiment_setups/tuned_clean/sensors/config/lidar3d_0.yaml
[generate_param-6] Generated config: /home/student24/dissertation/barn_ros2/src/The-Barn-Challenge-Ros2/experiment_setups/tuned_clean/platform/config/control.yaml
[generate_param-6] Generated config: /home/student24/dissertation/barn_ros2/src/The-Barn-Challenge-Ros2/experiment_setups/tuned_clean/platform/config/diagnostic_aggregator.yaml
[generate_param-6] Generated config: /home/student24/dissertation/barn_ros2/src/The-Barn-Challenge-Ros2/experiment_setups/tuned_clean/platform/config/diagnostic_updater.yaml
[generate_param-6] Generated config: /home/student24/dissertation/barn_ros2/src/The-Barn-Challenge-Ros2/experiment_setups/tuned_clean/platform/config/foxglove_bridge.yaml
[generate_param-6] Generated config: /home/student24/dissertation/barn_ros2/src/The-Barn-Challenge-Ros2/experiment_setups/tuned_clean/platform/config/imu_filter.yaml
[generate_param-6] Generated config: /home/student24/dissertation/barn_ros2/src/The-Barn-Challenge-Ros2/experiment_setups/tuned_clean/platform/config/localization.yaml
[generate_param-6] Generated config: /home/student24/dissertation/barn_ros2/src/The-Barn-Challenge-Ros2/experiment_setups/tuned_clean/platform/config/teleop_interactive_markers.yaml
[generate_param-6] Generated config: /home/student24/dissertation/barn_ros2/src/The-Barn-Challenge-Ros2/experiment_setups/tuned_clean/platform/config/teleop_joy.yaml
[generate_param-6] Generated config: /home/student24/dissertation/barn_ros2/src/The-Barn-Challenge-Ros2/experiment_setups/tuned_clean/platform/config/twist_mux.yaml
[generate_param-6] Generated config: /home/student24/dissertation/barn_ros2/src/The-Barn-Challenge-Ros2/experiment_setups/tuned_clean/sensors/config/imu_0.yaml
[generate_param-6] Generated config: /home/student24/dissertation/barn_ros2/src/The-Barn-Challenge-Ros2/experiment_setups/tuned_clean/sensors/config/gps_0.yaml
[generate_param-6] Generated config: /home/student24/dissertation/barn_ros2/src/The-Barn-Challenge-Ros2/experiment_setups/tuned_clean/manipulators/config/moveit.yaml
[INFO] [generate_param-6]: process has finished cleanly [pid 653625]
[INFO] [robot_state_publisher-7]: process started with pid [653850]
[INFO] [spawner-8]: process started with pid [653851]
[INFO] [spawner-9]: process started with pid [653852]
[INFO] [ekf_node-10]: process started with pid [653853]
[INFO] [marker_server-11]: process started with pid [653854]
[INFO] [twist_mux-12]: process started with pid [653855]
[INFO] [joy_linux_node-13]: process started with pid [653856]
[INFO] [teleop_node-14]: process started with pid [653857]
[INFO] [parameter_bridge-15]: process started with pid [653858]
[INFO] [parameter_bridge-16]: process started with pid [653859]
[INFO] [parameter_bridge-17]: process started with pid [653860]
[INFO] [imu_filter_madgwick_node-18]: process started with pid [653863]
[INFO] [parameter_bridge-19]: process started with pid [653867]
[INFO] [parameter_bridge-20]: process started with pid [653870]
[INFO] [static_transform_publisher-21]: process started with pid [653871]
[INFO] [parameter_bridge-22]: process started with pid [653872]
[INFO] [static_transform_publisher-23]: process started with pid [653874]
[INFO] [parameter_bridge-24]: process started with pid [653879]
[INFO] [static_transform_publisher-25]: process started with pid [653889]
[INFO] [create-26]: process started with pid [653890]
[ekf_node-10] [INFO] [ekf_node]: Waiting for clock to start...
[teleop_node-14] [INFO] [TeleopTwistJoy]: Teleop enable button 4.
[teleop_node-14] [INFO] [TeleopTwistJoy]: Turbo on button 5.
[teleop_node-14] [INFO] [TeleopTwistJoy]: Linear axis x on 1 at scale 0.400000.
[teleop_node-14] [INFO] [TeleopTwistJoy]: Turbo for linear axis x is scale 2.000000.
[teleop_node-14] [INFO] [TeleopTwistJoy]: Linear axis y on 3 at scale 0.000000.
[teleop_node-14] [INFO] [TeleopTwistJoy]: Turbo for linear axis y is scale 0.000000.
[teleop_node-14] [INFO] [TeleopTwistJoy]: Angular axis yaw on 0 at scale 0.600000.
[teleop_node-14] [INFO] [TeleopTwistJoy]: Turbo for angular axis yaw is scale 1.400000.
[static_transform_publisher-23] [INFO] [lidar2d_1_static_tf]: Spinning until stopped - publishing transform
[static_transform_publisher-23] translation: ('0.000000', '0.000000', '0.000000')
[static_transform_publisher-23] rotation: ('0.000000', '0.000000', '0.000000', '1.000000')
[static_transform_publisher-23] from 'lidar2d_1_link' to 'robot/base_link/lidar2d_1'
[joy_linux_node-13] [ERROR] [joy_node]: Couldn't open joystick /dev/input/ps4. Will retry every second.
[twist_mux-12] [INFO] [twist_mux]: Topic handler 'topics.external' subscribed to topic 'cmd_vel': timeout = 0.500000s , priority = 1.
[twist_mux-12] [INFO] [twist_mux]: Topic handler 'topics.interactive_marker' subscribed to topic 'twist_marker_server/cmd_vel': timeout = 0.500000s , priority = 8.
[twist_mux-12] [INFO] [twist_mux]: Topic handler 'topics.joy' subscribed to topic 'joy_teleop/cmd_vel': timeout = 0.500000s , priority = 10.
[static_transform_publisher-21] [INFO] [lidar2d_0_static_tf]: Spinning until stopped - publishing transform
[static_transform_publisher-21] translation: ('0.000000', '0.000000', '0.000000')
[static_transform_publisher-21] rotation: ('0.000000', '0.000000', '0.000000', '1.000000')
[static_transform_publisher-21] from 'lidar2d_0_link' to 'robot/base_link/lidar2d_0'
[twist_mux-12] [INFO] [twist_mux]: Topic handler 'topics.rc' subscribed to topic 'rc_teleop/cmd_vel': timeout = 0.500000s , priority = 12.
[twist_mux-12] [INFO] [twist_mux]: Topic handler 'locks.e_stop' subscribed to topic 'platform/emergency_stop': timeout = None , priority = 255.
[twist_mux-12] [INFO] [twist_mux]: Topic handler 'locks.safety_stop' subscribed to topic 'platform/safety_stop': timeout = None , priority = 254.
[create-26] [INFO] [ros_gz_sim]: Requesting list of world names.
[marker_server-11] [INFO] [twist_server_node]: [interactive_marker_twist_server] Initialized.
[static_transform_publisher-25] [INFO] [lidar3d_0_static_tf]: Spinning until stopped - publishing transform
[static_transform_publisher-25] translation: ('0.000000', '0.000000', '0.000000')
[static_transform_publisher-25] rotation: ('0.000000', '0.000000', '0.000000', '1.000000')
[static_transform_publisher-25] from 'lidar3d_0_link' to 'robot/base_link/lidar3d_0'
[imu_filter_madgwick_node-18] [INFO] [imu_filter_node]: Starting ImuFilter
[imu_filter_madgwick_node-18] [INFO] [imu_filter_node]: Using dt computed from message headers
[imu_filter_madgwick_node-18] [INFO] [imu_filter_node]: The gravity vector is kept in the IMU message.
[imu_filter_madgwick_node-18] [INFO] [imu_filter_node]: Imu filter gain set to 0.100000
[imu_filter_madgwick_node-18] [INFO] [imu_filter_node]: Gyro drift bias set to 0.000000
[imu_filter_madgwick_node-18] [INFO] [imu_filter_node]: Magnetometer bias values: 0.000000 0.000000 0.000000
[create-26] [INFO] [ros_gz_sim]: Waiting messages on topic [robot_description].
[robot_state_publisher-7] [INFO] [robot_state_publisher]: Robot initialized
[parameter_bridge-16] [INFO] [odom_base_tf_bridge]: Creating GZ->ROS Bridge: [/model/robot/tf (gz.msgs.Pose_V) -> /model/robot/tf (tf2_msgs/msg/TFMessage)] (Lazy 0)
[parameter_bridge-15] [INFO] [cmd_vel_bridge]: Creating GZ->ROS Bridge: [/cmd_vel (gz.msgs.Twist) -> /cmd_vel (geometry_msgs/msg/TwistStamped)] (Lazy 0)
[parameter_bridge-17] [INFO] [imu_0_gz_bridge]: Creating GZ->ROS Bridge: [/sensors/imu_0/data (gz.msgs.IMU) -> sensors/imu_0/data (sensor_msgs/msg/Imu)] (Lazy 0)
[parameter_bridge-15] [INFO] [cmd_vel_bridge]: Creating ROS->GZ Bridge: [/model/robot/cmd_vel (geometry_msgs/msg/TwistStamped) -> /model/robot/cmd_vel (gz.msgs.Twist)] (Lazy 0)
[parameter_bridge-17] [INFO] [imu_0_gz_bridge]: Creating GZ->ROS Bridge: [/sensors/imu_0/data_raw (gz.msgs.IMU) -> sensors/imu_0/data_raw (sensor_msgs/msg/Imu)] (Lazy 0)
[create-26] [INFO] [ros_gz_sim]: Entity creation successful.
[INFO] [create-26]: process has finished cleanly [pid 653890]
[gazebo-1] [INFO] [gz_ros_control]: Loading controller_manager
[gazebo-1] [INFO] [controller_manager]: Using ROS clock for triggering controller manager cycles.
[gazebo-1] [INFO] [controller_manager]: Subscribing to '/robot_description' topic for robot description.
[gazebo-1] [WARN] [gz_ros_control]: Waiting RM to load and initialize hardware...
[parameter_bridge-24] [INFO] [sensors.lidar3d_0_gz_bridge]: Creating GZ->ROS Bridge: [/sensors/lidar3d_0/scan (gz.msgs.LaserScan) -> lidar3d_0/scan (sensor_msgs/msg/LaserScan)] (Lazy 0)
[parameter_bridge-24] [INFO] [sensors.lidar3d_0_gz_bridge]: Creating GZ->ROS Bridge: [/sensors/lidar3d_0/scan/points (gz.msgs.PointCloudPacked) -> lidar3d_0/points (sensor_msgs/msg/PointCloud2)] (Lazy 0)
[parameter_bridge-20] [INFO] [sensors.lidar2d_0_gz_bridge]: Creating GZ->ROS Bridge: [/sensors/lidar2d_0/scan (gz.msgs.LaserScan) -> lidar2d_0/scan (sensor_msgs/msg/LaserScan)] (Lazy 0)
[parameter_bridge-22] [INFO] [sensors.lidar2d_1_gz_bridge]: Creating GZ->ROS Bridge: [/sensors/lidar2d_1/scan (gz.msgs.LaserScan) -> lidar2d_1/scan (sensor_msgs/msg/LaserScan)] (Lazy 0)
[parameter_bridge-19] [INFO] [gps_0_gz_bridge]: Creating GZ->ROS Bridge: [/sensors/gps_0/navsat (gz.msgs.NavSat) -> sensors/gps_0/fix (sensor_msgs/msg/NavSatFix)] (Lazy 0)
[gazebo-1] [INFO] [controller_manager]: Received robot description from topic.
[gazebo-1] [INFO] [controller_manager]: Enforcing command limits is disabled. Command limits from URDF will be ignored.
[gazebo-1] [INFO] [gz_ros_control]: The position_proportional_gain has been set to: 0.1
[gazebo-1] [INFO] [gz_ros_control]: Loading joint: front_left_wheel_joint
[gazebo-1] [INFO] [gz_ros_control]: 	State:
[gazebo-1] [INFO] [gz_ros_control]: 		 position
[gazebo-1] [INFO] [gz_ros_control]: 		 velocity
[gazebo-1] [INFO] [gz_ros_control]: 	Command:
[gazebo-1] [INFO] [gz_ros_control]: 		 velocity
[gazebo-1] [INFO] [gz_ros_control]: Loading joint: front_right_wheel_joint
[gazebo-1] [INFO] [gz_ros_control]: 	State:
[gazebo-1] [INFO] [gz_ros_control]: 		 position
[gazebo-1] [INFO] [gz_ros_control]: 		 velocity
[gazebo-1] [INFO] [gz_ros_control]: 	Command:
[gazebo-1] [INFO] [gz_ros_control]: 		 velocity
[gazebo-1] [INFO] [gz_ros_control]: Loading joint: rear_left_wheel_joint
[gazebo-1] [INFO] [gz_ros_control]: 	State:
[gazebo-1] [INFO] [gz_ros_control]: 		 position
[gazebo-1] [INFO] [gz_ros_control]: 		 velocity
[gazebo-1] [INFO] [gz_ros_control]: 	Command:
[gazebo-1] [INFO] [gz_ros_control]: 		 velocity
[gazebo-1] [INFO] [gz_ros_control]: Loading joint: rear_right_wheel_joint
[gazebo-1] [INFO] [gz_ros_control]: 	State:
[gazebo-1] [INFO] [gz_ros_control]: 		 position
[gazebo-1] [INFO] [gz_ros_control]: 		 velocity
[gazebo-1] [INFO] [gz_ros_control]: 	Command:
[gazebo-1] [INFO] [gz_ros_control]: 		 velocity
[gazebo-1] [INFO] [gz_ros_control]: Loading sensor: imu_0
[gazebo-1] [INFO] [gz_ros_control]: 	State:
[gazebo-1] [WARN] [gz_ros_control]: IMU sensor 'imu_0' not found in hardware_info, skipping.
[gazebo-1] [INFO] [controller_manager]: Initialize hardware 'j100_hardware' 
[gazebo-1] [WARN] [controller_manager.hardware_component.system.j100_hardware]: Executor is not available during hardware component initialization for 'j100_hardware'. Skipping node creation!
[gazebo-1] [INFO] [controller_manager]: Successful initialization of hardware 'j100_hardware'
[gazebo-1] [INFO] [controller_manager]: Activating component 'j100_hardware'.
[gazebo-1] [INFO] [resource_manager]: 'configure' hardware 'j100_hardware' 
[gazebo-1] [INFO] [gz_ros_control]: System Successfully configured!
[gazebo-1] [INFO] [resource_manager]: Successful 'configure' of hardware 'j100_hardware'
[gazebo-1] [INFO] [resource_manager]: 'activate' hardware 'j100_hardware' 
[gazebo-1] [INFO] [resource_manager]: Successful 'activate' of hardware 'j100_hardware'
[gazebo-1] [WARN] [controller_manager]: Component 'j100_hardware' does not have read or write statistics initialized, skipping registration.
[gazebo-1] [INFO] [controller_manager]: Resource Manager has been successfully initialized. Starting Controller Manager services...
[spawner-8] [INFO] [spawner_joint_state_broadcaster]: waiting for service /controller_manager/list_controllers to become available...
[gazebo-1] [INFO] [controller_manager]: Loading controller : 'joint_state_broadcaster' of type 'joint_state_broadcaster/JointStateBroadcaster'
[gazebo-1] [INFO] [controller_manager]: Loading controller 'joint_state_broadcaster'
[gazebo-1] [WARN] [controller_manager]: The use of remapping arguments to the controller_manager node is deprecated. Please use the '--controller-ros-args' argument of the spawner to pass remapping arguments to the controller node.
[gazebo-1] [INFO] [controller_manager]: Controller 'joint_state_broadcaster' node arguments: --ros-args --params-file /home/student24/dissertation/barn_ros2/src/The-Barn-Challenge-Ros2/experiment_setups/tuned_clean/platform/config/control.yaml --ros-args --remap ~/odom:=platform/odom --remap ~/cmd_vel:=platform/cmd_vel --remap /tf:=tf --remap /tf_static:=tf_static --remap /diagnostics:=diagnostics --remap /dynamic_joint_states:=platform/dynamic_joint_states --remap joint_states:=platform/joint_states --remap ~/reference:=platform/cmd_vel --remap ~/odometry:=platform/odom -p use_sim_time:=true --param use_sim_time:=true 
[spawner-8] [INFO] [spawner_joint_state_broadcaster]: Loaded joint_state_broadcaster
[gazebo-1] [INFO] [controller_manager]: Configuring controller: 'joint_state_broadcaster'
[gazebo-1] [INFO] [joint_state_broadcaster]: 'joints' or 'interfaces' parameter is empty. All available state interfaces will be published
[gazebo-1] [INFO] [controller_manager]: Activating controllers: [ joint_state_broadcaster ]
[gazebo-1] [WARN] [gz_ros_control]:  Desired controller update period (0.02 s) is slower than the gazebo simulation period (0.001 s).
[gazebo-1] [INFO] [controller_manager]: Successfully switched controllers!
[gazebo-1] libEGL warning: egl: failed to create dri2 screen
[imu_filter_madgwick_node-18] [WARN] [imu_filter_node]: The IMU seems to be in free fall, cannot determine gravity direction!
[gazebo-1] libEGL warning: egl: failed to create dri2 screen
[gazebo-1] libEGL warning: NEEDS EXTENSION: falling back to kms_swrast
[imu_filter_madgwick_node-18] [WARN] [imu_filter_node]: The IMU seems to be in free fall, cannot determine gravity direction!
[spawner-8] [INFO] [spawner_joint_state_broadcaster]: Configured and activated joint_state_broadcaster
[imu_filter_madgwick_node-18] [WARN] [imu_filter_node]: The IMU seems to be in free fall, cannot determine gravity direction!
[INFO] [spawner-8]: process has finished cleanly [pid 653851]
[spawner-9] [INFO] [spawner_platform_velocity_controller]: waiting for service /controller_manager/list_controllers to become available...
[imu_filter_madgwick_node-18] [WARN] [imu_filter_node]: The IMU seems to be in free fall, cannot determine gravity direction!
[imu_filter_madgwick_node-18] [WARN] [imu_filter_node]: The IMU seems to be in free fall, cannot determine gravity direction!
[gazebo-1] [INFO] [controller_manager]: Loading controller : 'platform_velocity_controller' of type 'diff_drive_controller/DiffDriveController'
[gazebo-1] [INFO] [controller_manager]: Loading controller 'platform_velocity_controller'
[gazebo-1] [WARN] [controller_manager]: The use of remapping arguments to the controller_manager node is deprecated. Please use the '--controller-ros-args' argument of the spawner to pass remapping arguments to the controller node.
[gazebo-1] [INFO] [controller_manager]: Controller 'platform_velocity_controller' node arguments: --ros-args --params-file /home/student24/dissertation/barn_ros2/src/The-Barn-Challenge-Ros2/experiment_setups/tuned_clean/platform/config/control.yaml --ros-args --remap ~/odom:=platform/odom --remap ~/cmd_vel:=platform/cmd_vel --remap /tf:=tf --remap /tf_static:=tf_static --remap /diagnostics:=diagnostics --remap /dynamic_joint_states:=platform/dynamic_joint_states --remap joint_states:=platform/joint_states --remap ~/reference:=platform/cmd_vel --remap ~/odometry:=platform/odom -p use_sim_time:=true --param use_sim_time:=true 
[spawner-9] [INFO] [spawner_platform_velocity_controller]: Loaded platform_velocity_controller
[gazebo-1] [INFO] [controller_manager]: Configuring controller: 'platform_velocity_controller'
[imu_filter_madgwick_node-18] [WARN] [imu_filter_node]: The IMU seems to be in free fall, cannot determine gravity direction!
[gazebo-1] [INFO] [controller_manager]: Activating controllers: [ platform_velocity_controller ]
[imu_filter_madgwick_node-18] [WARN] [imu_filter_node]: The IMU seems to be in free fall, cannot determine gravity direction!
[gazebo-1] [INFO] [controller_manager]: Successfully switched controllers!
[imu_filter_madgwick_node-18] [WARN] [imu_filter_node]: The IMU seems to be in free fall, cannot determine gravity direction!
[spawner-9] [INFO] [spawner_platform_velocity_controller]: Configured and activated platform_velocity_controller
[imu_filter_madgwick_node-18] [WARN] [imu_filter_node]: The IMU seems to be in free fall, cannot determine gravity direction!
[INFO] [spawner-9]: process has finished cleanly [pid 653852]
[imu_filter_madgwick_node-18] [WARN] [imu_filter_node]: The IMU seems to be in free fall, cannot determine gravity direction!
[imu_filter_madgwick_node-18] [WARN] [imu_filter_node]: The IMU seems to be in free fall, cannot determine gravity direction!
[imu_filter_madgwick_node-18] [WARN] [imu_filter_node]: The IMU seems to be in free fall, cannot determine gravity direction!
[INFO] [launch.user]: >>>>>>>>> Starting BARN Runner node...
[INFO] [barn_runner.py-27]: process started with pid [654506]
[imu_filter_madgwick_node-18] [INFO] [imu_filter_node]: First IMU message received.
[barn_runner.py-27] [0m[INFO] [BARN_Runner]: >>>>>>>>> BARN Runner started.[0m
[barn_runner.py-27] [0m[INFO] [BARN_Runner]: >>>>>>>>> Resetting Jackal...[0m
[INFO] [launch.user]: >>>>>>>>> Launching Nav2...
[INFO] [controller_server-28]: process started with pid [654526]
[INFO] [smoother_server-29]: process started with pid [654527]
[INFO] [planner_server-30]: process started with pid [654528]
[INFO] [behavior_server-31]: process started with pid [654529]
[INFO] [bt_navigator-32]: process started with pid [654530]
[INFO] [velocity_smoother-33]: process started with pid [654531]
[INFO] [lifecycle_manager-34]: process started with pid [654532]
[smoother_server-29] [INFO] [smoother_server]: 
[smoother_server-29] 	smoother_server lifecycle node launched. 
[smoother_server-29] 	Waiting on external lifecycle transitions to activate
[smoother_server-29] 	See https://design.ros2.org/articles/node_lifecycle.html for more information.
[smoother_server-29] [INFO] [smoother_server]: Creating smoother server
[bt_navigator-32] [INFO] [bt_navigator]: 
[bt_navigator-32] 	bt_navigator lifecycle node launched. 
[bt_navigator-32] 	Waiting on external lifecycle transitions to activate
[bt_navigator-32] 	See https://design.ros2.org/articles/node_lifecycle.html for more information.
[bt_navigator-32] [INFO] [bt_navigator]: Creating
[velocity_smoother-33] [INFO] [velocity_smoother]: 
[velocity_smoother-33] 	velocity_smoother lifecycle node launched. 
[velocity_smoother-33] 	Waiting on external lifecycle transitions to activate
[velocity_smoother-33] 	See https://design.ros2.org/articles/node_lifecycle.html for more information.
[controller_server-28] [INFO] [controller_server]: 
[controller_server-28] 	controller_server lifecycle node launched. 
[controller_server-28] 	Waiting on external lifecycle transitions to activate
[controller_server-28] 	See https://design.ros2.org/articles/node_lifecycle.html for more information.
[controller_server-28] [INFO] [controller_server]: Creating controller server
[controller_server-28] [INFO] [local_costmap.local_costmap]: 
[controller_server-28] 	local_costmap lifecycle node launched. 
[controller_server-28] 	Waiting on external lifecycle transitions to activate
[controller_server-28] 	See https://design.ros2.org/articles/node_lifecycle.html for more information.
[controller_server-28] [INFO] [local_costmap.local_costmap]: Creating Costmap
[lifecycle_manager-34] [INFO] [lifecycle_manager_navigation]: Creating
[planner_server-30] [INFO] [planner_server]: 
[planner_server-30] 	planner_server lifecycle node launched. 
[planner_server-30] 	Waiting on external lifecycle transitions to activate
[planner_server-30] 	See https://design.ros2.org/articles/node_lifecycle.html for more information.
[planner_server-30] [INFO] [planner_server]: Creating
[lifecycle_manager-34] [INFO] [lifecycle_manager_navigation]: [34m[1mCreating and initializing lifecycle service clients[0m[0m
[behavior_server-31] [INFO] [behavior_server]: 
[behavior_server-31] 	behavior_server lifecycle node launched. 
[behavior_server-31] 	Waiting on external lifecycle transitions to activate
[behavior_server-31] 	See https://design.ros2.org/articles/node_lifecycle.html for more information.
[barn_runner.py-27] [0m[INFO] [BARN_Runner]: >>>>>>>>> Initial position: (-2.25, 3.00).[0m
[barn_runner.py-27] [0m[INFO] [BARN_Runner]: >>>>>>>>> Goal position: (-2.25, 13.00).[0m
[barn_runner.py-27] [0m[INFO] [BARN_Runner]: >>>>>>>>> Waiting for robot to start moving...[0m
[planner_server-30] [INFO] [global_costmap.global_costmap]: 
[planner_server-30] 	global_costmap lifecycle node launched. 
[planner_server-30] 	Waiting on external lifecycle transitions to activate
[planner_server-30] 	See https://design.ros2.org/articles/node_lifecycle.html for more information.
[planner_server-30] [INFO] [global_costmap.global_costmap]: Creating Costmap
[lifecycle_manager-34] [INFO] [lifecycle_manager_navigation]: [34m[1mStarting managed nodes bringup...[0m[0m
[lifecycle_manager-34] [INFO] [lifecycle_manager_navigation]: [34m[1mConfiguring controller_server[0m[0m
[controller_server-28] [INFO] [controller_server]: Configuring controller interface
[controller_server-28] [INFO] [controller_server]: getting progress checker plugins..
[controller_server-28] [INFO] [controller_server]: getting goal checker plugins..
[controller_server-28] [INFO] [controller_server]: Controller frequency set to 20.0000Hz
[controller_server-28] [INFO] [local_costmap.local_costmap]: Configuring
[controller_server-28] [INFO] [local_costmap.local_costmap]: Using plugin "voxel_layer"
[controller_server-28] [INFO] [local_costmap.local_costmap]: Subscribed to Topics: scan
[controller_server-28] [INFO] [local_costmap.local_costmap]: Initialized plugin "voxel_layer"
[controller_server-28] [INFO] [local_costmap.local_costmap]: Using plugin "inflation_layer"
[controller_server-28] [INFO] [local_costmap.local_costmap]: Initialized plugin "inflation_layer"
[controller_server-28] [INFO] [controller_server]: Created progress_checker : progress_checker of type nav2_controller::SimpleProgressChecker
[controller_server-28] [INFO] [controller_server]: Controller Server has progress_checker  progress checkers available.
[controller_server-28] [INFO] [controller_server]: Created goal checker : general_goal_checker of type nav2_controller::SimpleGoalChecker
[controller_server-28] [INFO] [controller_server]: Controller Server has general_goal_checker  goal checkers available.
[controller_server-28] [INFO] [controller_server]: Created controller : FollowPath of type nav2_mppi_controller::MPPIController
[controller_server-28] [INFO] [controller_server]: Controller period is equal to model dt. Control sequence shifting is ON
[controller_server-28] [INFO] [controller_server]: ConstraintCritic instantiated with 1 power and 4.000000 weight.
[controller_server-28] [INFO] [controller_server]: Critic loaded : mppi::critics::ConstraintCritic
[controller_server-28] [INFO] [controller_server]: InflationCostCritic instantiated with 1 power and 300.000000 / 0.015000 weights. Critic will collision check based on footprint cost.
[controller_server-28] [INFO] [controller_server]: Critic loaded : mppi::critics::CostCritic
[controller_server-28] [INFO] [controller_server]: GoalCritic instantiated with 1 power and 5.000000 weight.
[controller_server-28] [INFO] [controller_server]: Critic loaded : mppi::critics::GoalCritic
[controller_server-28] [INFO] [controller_server]: GoalAngleCritic instantiated with 1 power, 3.000000 weight, 0.500000 angular threshold and symmetric_yaw_tolerance disabled
[controller_server-28] [INFO] [controller_server]: Critic loaded : mppi::critics::GoalAngleCritic
[controller_server-28] [INFO] [controller_server]: ReferenceTrajectoryCritic instantiated with 1 power and 8.000000 weight
[controller_server-28] [INFO] [controller_server]: Critic loaded : mppi::critics::PathAlignCritic
[controller_server-28] [INFO] [controller_server]: Critic loaded : mppi::critics::PathFollowCritic
[controller_server-28] [INFO] [controller_server]: PathAngleCritic instantiated with 1 power and 2.000000 weight. Mode set to: Forward Preference
[controller_server-28] [INFO] [controller_server]: Critic loaded : mppi::critics::PathAngleCritic
[controller_server-28] [INFO] [controller_server]: PreferForwardCritic instantiated with 1 power and 5.000000 weight.
[controller_server-28] [INFO] [controller_server]: Critic loaded : mppi::critics::PreferForwardCritic
[controller_server-28] [INFO] [controller_server]: Optimizer reset
[controller_server-28] [INFO] [MPPIController]: Configured MPPI Controller: FollowPath
[controller_server-28] [INFO] [controller_server]: Controller Server has FollowPath  controllers available.
[lifecycle_manager-34] [INFO] [lifecycle_manager_navigation]: [34m[1mConfiguring smoother_server[0m[0m
[smoother_server-29] [INFO] [smoother_server]: Configuring smoother server
[smoother_server-29] [INFO] [smoother_server]: Created smoother : simple_smoother of type nav2_smoother::SimpleSmoother
[smoother_server-29] [INFO] [smoother_server]: Smoother Server has simple_smoother  smoothers available.
[lifecycle_manager-34] [INFO] [lifecycle_manager_navigation]: [34m[1mConfiguring planner_server[0m[0m
[planner_server-30] [INFO] [planner_server]: Configuring
[planner_server-30] [INFO] [global_costmap.global_costmap]: Configuring
[planner_server-30] [INFO] [global_costmap.global_costmap]: Using plugin "obstacle_layer"
[planner_server-30] [INFO] [global_costmap.global_costmap]: Subscribed to Topics: scan
[planner_server-30] [INFO] [global_costmap.global_costmap]: Initialized plugin "obstacle_layer"
[planner_server-30] [INFO] [global_costmap.global_costmap]: Using plugin "inflation_layer"
[planner_server-30] [INFO] [global_costmap.global_costmap]: Initialized plugin "inflation_layer"
[planner_server-30] [INFO] [planner_server]: Created global planner plugin GridBased of type nav2_navfn_planner::NavfnPlanner
[planner_server-30] [INFO] [planner_server]: Configuring plugin GridBased of type NavfnPlanner
[planner_server-30] [INFO] [planner_server]: Planner Server has GridBased  planners available.
[lifecycle_manager-34] [INFO] [lifecycle_manager_navigation]: [34m[1mConfiguring behavior_server[0m[0m
[behavior_server-31] [INFO] [behavior_server]: Configuring
[behavior_server-31] [INFO] [behavior_server]: Creating behavior plugin spin of type nav2_behaviors::Spin
[behavior_server-31] [INFO] [behavior_server]: Creating behavior plugin backup of type nav2_behaviors::BackUp
[behavior_server-31] [INFO] [behavior_server]: Creating behavior plugin drive_on_heading of type nav2_behaviors::DriveOnHeading
[behavior_server-31] [INFO] [behavior_server]: Creating behavior plugin assisted_teleop of type nav2_behaviors::AssistedTeleop
[behavior_server-31] [INFO] [behavior_server]: Creating behavior plugin wait of type nav2_behaviors::Wait
[behavior_server-31] [INFO] [behavior_server]: Configuring spin
[behavior_server-31] [INFO] [behavior_server]: Configuring backup
[behavior_server-31] [INFO] [behavior_server]: Configuring drive_on_heading
[behavior_server-31] [INFO] [behavior_server]: Configuring assisted_teleop
[behavior_server-31] [INFO] [behavior_server]: Configuring wait
[lifecycle_manager-34] [INFO] [lifecycle_manager_navigation]: [34m[1mConfiguring velocity_smoother[0m[0m
[velocity_smoother-33] [INFO] [velocity_smoother]: Configuring velocity smoother
[lifecycle_manager-34] [INFO] [lifecycle_manager_navigation]: [34m[1mConfiguring bt_navigator[0m[0m
[bt_navigator-32] [INFO] [bt_navigator]: Configuring
[bt_navigator-32] [INFO] [bt_navigator]: Creating navigator id navigate_to_pose of type nav2_bt_navigator::NavigateToPoseNavigator
[bt_navigator-32] [INFO] [bt_navigator]: Creating navigator id navigate_through_poses of type nav2_bt_navigator::NavigateThroughPosesNavigator
[lifecycle_manager-34] [INFO] [lifecycle_manager_navigation]: [34m[1mActivating controller_server[0m[0m
[controller_server-28] [INFO] [controller_server]: Activating
[controller_server-28] [INFO] [local_costmap.local_costmap]: Activating
[controller_server-28] [INFO] [local_costmap.local_costmap]: Checking transform
[controller_server-28] [INFO] [local_costmap.local_costmap]: start
[controller_server-28] [WARN] [controller_server]: Parameter controller_server.verbose not found
[controller_server-28] [INFO] [controller_server]: Optimizer reset
[controller_server-28] [INFO] [MPPIController]: Activated MPPI Controller: FollowPath
[controller_server-28] [INFO] [controller_server]: Creating bond (controller_server) to lifecycle manager.
[lifecycle_manager-34] [INFO] [lifecycle_manager_navigation]: Server controller_server connected with bond.
[lifecycle_manager-34] [INFO] [lifecycle_manager_navigation]: [34m[1mActivating smoother_server[0m[0m
[smoother_server-29] [INFO] [smoother_server]: Activating
[smoother_server-29] [INFO] [smoother_server]: Creating bond (smoother_server) to lifecycle manager.
[lifecycle_manager-34] [INFO] [lifecycle_manager_navigation]: Server smoother_server connected with bond.
[lifecycle_manager-34] [INFO] [lifecycle_manager_navigation]: [34m[1mActivating planner_server[0m[0m
[planner_server-30] [INFO] [planner_server]: Activating
[planner_server-30] [INFO] [global_costmap.global_costmap]: Activating
[planner_server-30] [INFO] [global_costmap.global_costmap]: Checking transform
[planner_server-30] [INFO] [global_costmap.global_costmap]: start
[planner_server-30] [INFO] [planner_server]: Activating plugin GridBased of type NavfnPlanner
[planner_server-30] [INFO] [planner_server]: Creating bond (planner_server) to lifecycle manager.
[lifecycle_manager-34] [INFO] [lifecycle_manager_navigation]: Server planner_server connected with bond.
[lifecycle_manager-34] [INFO] [lifecycle_manager_navigation]: [34m[1mActivating behavior_server[0m[0m
[behavior_server-31] [INFO] [behavior_server]: Activating
[behavior_server-31] [INFO] [behavior_server]: Activating spin
[behavior_server-31] [INFO] [behavior_server]: Activating backup
[behavior_server-31] [INFO] [behavior_server]: Activating drive_on_heading
[behavior_server-31] [INFO] [behavior_server]: Activating assisted_teleop
[behavior_server-31] [INFO] [behavior_server]: Activating wait
[behavior_server-31] [INFO] [behavior_server]: Creating bond (behavior_server) to lifecycle manager.
[lifecycle_manager-34] [INFO] [lifecycle_manager_navigation]: Server behavior_server connected with bond.
[lifecycle_manager-34] [INFO] [lifecycle_manager_navigation]: [34m[1mActivating velocity_smoother[0m[0m
[velocity_smoother-33] [INFO] [velocity_smoother]: Activating
[velocity_smoother-33] [INFO] [velocity_smoother]: Creating bond (velocity_smoother) to lifecycle manager.
[lifecycle_manager-34] [INFO] [lifecycle_manager_navigation]: Server velocity_smoother connected with bond.
[lifecycle_manager-34] [INFO] [lifecycle_manager_navigation]: [34m[1mActivating bt_navigator[0m[0m
[bt_navigator-32] [INFO] [bt_navigator]: Activating
[bt_navigator-32] [INFO] [bt_navigator]: Creating bond (bt_navigator) to lifecycle manager.
[lifecycle_manager-34] [INFO] [lifecycle_manager_navigation]: Server bt_navigator connected with bond.
[lifecycle_manager-34] [INFO] [lifecycle_manager_navigation]: [34m[1mManaged nodes are active[0m[0m
[lifecycle_manager-34] [INFO] [lifecycle_manager_navigation]: [34m[1mCreating bond timer...[0m[0m
[INFO] [launch.user]: >>>>>>>>> Publishing Nav2 goal... 
[INFO] [ros2-35]: process started with pid [654671]
[bt_navigator-32] [INFO] [bt_navigator]: Begin navigating from current location (-0.00, 0.00) to (10.00, 0.00)
[controller_server-28] [INFO] [controller_server]: Received a goal, begin computing control effort.
[controller_server-28] [WARN] [controller_server]: No goal checker was specified in parameter 'current_goal_checker'. Server will use only plugin loaded general_goal_checker . This warning will appear once.
[controller_server-28] [WARN] [controller_server]: No progress checker was specified in parameter 'current_progress_checker'. Server will use only plugin loaded progress_checker . This warning will appear once.
[parameter_bridge-15] [INFO] [cmd_vel_bridge]: Passing message from ROS geometry_msgs/msg/TwistStamped to Gazebo gz.msgs.Twist (showing msg only once per type)
[controller_server-28] [WARN] [controller_server]: Control loop missed its desired rate of 20.0000 Hz. Current loop rate is 333.3333 Hz.
[controller_server-28] [INFO] [controller_server]: Passing new path to controller.
[controller_server-28] [INFO] [controller_server]: Passing new path to controller.
[controller_server-28] [WARN] [controller_server]: Control loop missed its desired rate of 20.0000 Hz. Current loop rate is 500.0000 Hz.
[controller_server-28] [INFO] [controller_server]: Passing new path to controller.
[controller_server-28] [INFO] [controller_server]: Passing new path to controller.
[controller_server-28] [INFO] [controller_server]: Passing new path to controller.
[controller_server-28] [INFO] [controller_server]: Passing new path to controller.
[barn_runner.py-27] [0m[INFO] [BARN_Runner]: >>>>>>>>> Trial running...[0m
[barn_runner.py-27] [0m[INFO] [BARN_Runner]: Time: 0.03 (s), x: -2.26 (m), y: 3.10 (m)[0m
[controller_server-28] [INFO] [controller_server]: Passing new path to controller.
[controller_server-28] [WARN] [controller_server]: Control loop missed its desired rate of 20.0000 Hz. Current loop rate is 500.0000 Hz.
[controller_server-28] [INFO] [controller_server]: Passing new path to controller.
[controller_server-28] [INFO] [controller_server]: Passing new path to controller.
[controller_server-28] [WARN] [controller_server]: Control loop missed its desired rate of 20.0000 Hz. Current loop rate is 333.3333 Hz.
[controller_server-28] [INFO] [controller_server]: Passing new path to controller.
[barn_runner.py-27] [0m[INFO] [BARN_Runner]: Time: 5.03 (s), x: -2.28 (m), y: 3.32 (m)[0m
[controller_server-28] [INFO] [controller_server]: Passing new path to controller.
[controller_server-28] [WARN] [controller_server]: Control loop missed its desired rate of 20.0000 Hz. Current loop rate is 333.3333 Hz.
[controller_server-28] [INFO] [controller_server]: Passing new path to controller.
[controller_server-28] [WARN] [controller_server]: Control loop missed its desired rate of 20.0000 Hz. Current loop rate is 333.3333 Hz.
[controller_server-28] [INFO] [controller_server]: Passing new path to controller.
[controller_server-28] [INFO] [controller_server]: Passing new path to controller.
[controller_server-28] [INFO] [controller_server]: Passing new path to controller.
[barn_runner.py-27] [0m[INFO] [BARN_Runner]: Time: 10.04 (s), x: -2.33 (m), y: 3.55 (m)[0m
[controller_server-28] [INFO] [controller_server]: Passing new path to controller.
[controller_server-28] [INFO] [controller_server]: Passing new path to controller.
[controller_server-28] [INFO] [controller_server]: Passing new path to controller.
[controller_server-28] [INFO] [controller_server]: Passing new path to controller.
[controller_server-28] [WARN] [controller_server]: Control loop missed its desired rate of 20.0000 Hz. Current loop rate is 500.0000 Hz.
[controller_server-28] [INFO] [controller_server]: Passing new path to controller.
[barn_runner.py-27] [0m[INFO] [BARN_Runner]: Time: 15.05 (s), x: -2.38 (m), y: 3.79 (m)[0m
[controller_server-28] [INFO] [controller_server]: Passing new path to controller.
[controller_server-28] [INFO] [controller_server]: Passing new path to controller.
[controller_server-28] [WARN] [controller_server]: Control loop missed its desired rate of 20.0000 Hz. Current loop rate is 500.0000 Hz.
[controller_server-28] [INFO] [controller_server]: Passing new path to controller.
[controller_server-28] [INFO] [controller_server]: Passing new path to controller.
[controller_server-28] [WARN] [controller_server]: Control loop missed its desired rate of 20.0000 Hz. Current loop rate is 250.0000 Hz.
[controller_server-28] [INFO] [controller_server]: Passing new path to controller.
[barn_runner.py-27] [0m[INFO] [BARN_Runner]: Time: 20.05 (s), x: -2.43 (m), y: 3.99 (m)[0m
[controller_server-28] [INFO] [controller_server]: Passing new path to controller.
[controller_server-28] [WARN] [controller_server]: Control loop missed its desired rate of 20.0000 Hz. Current loop rate is 333.3333 Hz.
[controller_server-28] [INFO] [controller_server]: Passing new path to controller.
[controller_server-28] [INFO] [controller_server]: Passing new path to controller.
[controller_server-28] [INFO] [controller_server]: Passing new path to controller.
[controller_server-28] [INFO] [controller_server]: Passing new path to controller.
[barn_runner.py-27] [0m[INFO] [BARN_Runner]: Time: 25.06 (s), x: -2.48 (m), y: 4.20 (m)[0m
[controller_server-28] [WARN] [controller_server]: Control loop missed its desired rate of 20.0000 Hz. Current loop rate is 333.3333 Hz.
[controller_server-28] [INFO] [controller_server]: Passing new path to controller.
[controller_server-28] [INFO] [controller_server]: Passing new path to controller.
[controller_server-28] [WARN] [controller_server]: Control loop missed its desired rate of 20.0000 Hz. Current loop rate is 500.0000 Hz.
[controller_server-28] [INFO] [controller_server]: Passing new path to controller.
[controller_server-28] [INFO] [controller_server]: Passing new path to controller.
[controller_server-28] [WARN] [controller_server]: Control loop missed its desired rate of 20.0000 Hz. Current loop rate is inf Hz.
[controller_server-28] [INFO] [controller_server]: Passing new path to controller.
[barn_runner.py-27] [0m[INFO] [BARN_Runner]: Time: 30.07 (s), x: -2.52 (m), y: 4.42 (m)[0m
[controller_server-28] [WARN] [controller_server]: Control loop missed its desired rate of 20.0000 Hz. Current loop rate is inf Hz.
[controller_server-28] [INFO] [controller_server]: Passing new path to controller.
[controller_server-28] [WARN] [controller_server]: Control loop missed its desired rate of 20.0000 Hz. Current loop rate is 500.0000 Hz.
[controller_server-28] [WARN] [controller_server]: Control loop missed its desired rate of 20.0000 Hz. Current loop rate is 333.3333 Hz.
[controller_server-28] [INFO] [controller_server]: Passing new path to controller.
[controller_server-28] [WARN] [controller_server]: Control loop missed its desired rate of 20.0000 Hz. Current loop rate is 500.0000 Hz.
[controller_server-28] [WARN] [controller_server]: Control loop missed its desired rate of 20.0000 Hz. Current loop rate is 333.3333 Hz.
[controller_server-28] [INFO] [controller_server]: Passing new path to controller.
[controller_server-28] [INFO] [controller_server]: Passing new path to controller.
[controller_server-28] [WARN] [controller_server]: Control loop missed its desired rate of 20.0000 Hz. Current loop rate is 333.3333 Hz.
[controller_server-28] [INFO] [controller_server]: Passing new path to controller.
[barn_runner.py-27] [0m[INFO] [BARN_Runner]: Time: 35.09 (s), x: -2.57 (m), y: 4.63 (m)[0m
[controller_server-28] [INFO] [controller_server]: Passing new path to controller.
[controller_server-28] [INFO] [controller_server]: Passing new path to controller.
[controller_server-28] [WARN] [controller_server]: Control loop missed its desired rate of 20.0000 Hz. Current loop rate is 333.3333 Hz.
[controller_server-28] [WARN] [controller_server]: Control loop missed its desired rate of 20.0000 Hz. Current loop rate is 250.0000 Hz.
[controller_server-28] [INFO] [controller_server]: Passing new path to controller.
[controller_server-28] [WARN] [controller_server]: Control loop missed its desired rate of 20.0000 Hz. Current loop rate is 200.0000 Hz.
[controller_server-28] [INFO] [controller_server]: Passing new path to controller.
[controller_server-28] [WARN] [controller_server]: Control loop missed its desired rate of 20.0000 Hz. Current loop rate is 500.0000 Hz.
[barn_runner.py-27] [0m[INFO] [BARN_Runner]: Time: 40.10 (s), x: -2.61 (m), y: 4.84 (m)[0m
[controller_server-28] [WARN] [controller_server]: Control loop missed its desired rate of 20.0000 Hz. Current loop rate is 333.3333 Hz.
[controller_server-28] [INFO] [controller_server]: Passing new path to controller.
[controller_server-28] [INFO] [controller_server]: Passing new path to controller.
[controller_server-28] [INFO] [controller_server]: Passing new path to controller.
[controller_server-28] [INFO] [controller_server]: Passing new path to controller.
[controller_server-28] [INFO] [controller_server]: Passing new path to controller.
[barn_runner.py-27] [0m[INFO] [BARN_Runner]: Time: 45.13 (s), x: -2.65 (m), y: 5.07 (m)[0m
[controller_server-28] [WARN] [controller_server]: Control loop missed its desired rate of 20.0000 Hz. Current loop rate is 500.0000 Hz.
[controller_server-28] [INFO] [controller_server]: Passing new path to controller.
[controller_server-28] [INFO] [controller_server]: Passing new path to controller.
[controller_server-28] [WARN] [controller_server]: Control loop missed its desired rate of 20.0000 Hz. Current loop rate is 500.0000 Hz.
[controller_server-28] [INFO] [controller_server]: Passing new path to controller.
[controller_server-28] [INFO] [controller_server]: Passing new path to controller.
[controller_server-28] [INFO] [controller_server]: Passing new path to controller.
[barn_runner.py-27] [0m[INFO] [BARN_Runner]: Time: 50.15 (s), x: -2.69 (m), y: 5.30 (m)[0m
[controller_server-28] [INFO] [controller_server]: Passing new path to controller.
[controller_server-28] [INFO] [controller_server]: Passing new path to controller.
[controller_server-28] [WARN] [controller_server]: Control loop missed its desired rate of 20.0000 Hz. Current loop rate is 333.3333 Hz.
[controller_server-28] [INFO] [controller_server]: Passing new path to controller.
[controller_server-28] [INFO] [controller_server]: Passing new path to controller.
[controller_server-28] [INFO] [controller_server]: Passing new path to controller.
[barn_runner.py-27] [0m[INFO] [BARN_Runner]: Time: 55.16 (s), x: -2.72 (m), y: 5.53 (m)[0m
[controller_server-28] [INFO] [controller_server]: Passing new path to controller.
[controller_server-28] [INFO] [controller_server]: Passing new path to controller.
[controller_server-28] [INFO] [controller_server]: Passing new path to controller.
[controller_server-28] [INFO] [controller_server]: Passing new path to controller.
[controller_server-28] [WARN] [controller_server]: Control loop missed its desired rate of 20.0000 Hz. Current loop rate is 500.0000 Hz.
[controller_server-28] [INFO] [controller_server]: Passing new path to controller.
[barn_runner.py-27] [0m[INFO] [BARN_Runner]: Time: 60.18 (s), x: -2.74 (m), y: 5.77 (m)[0m
[controller_server-28] [INFO] [controller_server]: Passing new path to controller.
[controller_server-28] [INFO] [controller_server]: Passing new path to controller.
[controller_server-28] [INFO] [controller_server]: Passing new path to controller.
[controller_server-28] [INFO] [controller_server]: Passing new path to controller.
[controller_server-28] [INFO] [controller_server]: Passing new path to controller.
[barn_runner.py-27] [0m[INFO] [BARN_Runner]: Time: 65.19 (s), x: -2.74 (m), y: 6.00 (m)[0m
[controller_server-28] [INFO] [controller_server]: Passing new path to controller.
[controller_server-28] [INFO] [controller_server]: Passing new path to controller.
[controller_server-28] [INFO] [controller_server]: Passing new path to controller.
[controller_server-28] [INFO] [controller_server]: Passing new path to controller.
[controller_server-28] [WARN] [controller_server]: Control loop missed its desired rate of 20.0000 Hz. Current loop rate is 1000.0000 Hz.
[barn_runner.py-27] [0m[INFO] [BARN_Runner]: Time: 70.20 (s), x: -2.72 (m), y: 6.21 (m)[0m
[controller_server-28] [INFO] [controller_server]: Passing new path to controller.
[controller_server-28] [INFO] [controller_server]: Passing new path to controller.
[controller_server-28] [INFO] [controller_server]: Passing new path to controller.
[controller_server-28] [WARN] [controller_server]: Control loop missed its desired rate of 20.0000 Hz. Current loop rate is 200.0000 Hz.
[controller_server-28] [INFO] [controller_server]: Passing new path to controller.
[controller_server-28] [INFO] [controller_server]: Passing new path to controller.
[barn_runner.py-27] [0m[INFO] [BARN_Runner]: Time: 75.20 (s), x: -2.70 (m), y: 6.43 (m)[0m
[controller_server-28] [INFO] [controller_server]: Passing new path to controller.
[controller_server-28] [WARN] [controller_server]: Control loop missed its desired rate of 20.0000 Hz. Current loop rate is 333.3333 Hz.
[controller_server-28] [INFO] [controller_server]: Passing new path to controller.
[controller_server-28] [INFO] [controller_server]: Passing new path to controller.
[controller_server-28] [INFO] [controller_server]: Passing new path to controller.
[controller_server-28] [INFO] [controller_server]: Passing new path to controller.
[barn_runner.py-27] [0m[INFO] [BARN_Runner]: Time: 80.22 (s), x: -2.68 (m), y: 6.63 (m)[0m
[controller_server-28] [INFO] [controller_server]: Passing new path to controller.
[controller_server-28] [INFO] [controller_server]: Passing new path to controller.
[controller_server-28] [WARN] [controller_server]: Control loop missed its desired rate of 20.0000 Hz. Current loop rate is 333.3333 Hz.
[controller_server-28] [INFO] [controller_server]: Passing new path to controller.
[controller_server-28] [INFO] [controller_server]: Passing new path to controller.
[controller_server-28] [WARN] [controller_server]: Control loop missed its desired rate of 20.0000 Hz. Current loop rate is 1000.0000 Hz.
[controller_server-28] [WARN] [controller_server]: Control loop missed its desired rate of 20.0000 Hz. Current loop rate is 333.3333 Hz.
[controller_server-28] [WARN] [controller_server]: Control loop missed its desired rate of 20.0000 Hz. Current loop rate is 500.0000 Hz.
[controller_server-28] [INFO] [controller_server]: Passing new path to controller.
[controller_server-28] [WARN] [controller_server]: Control loop missed its desired rate of 20.0000 Hz. Current loop rate is 1000.0000 Hz.
[barn_runner.py-27] [0m[INFO] [BARN_Runner]: Time: 85.24 (s), x: -2.66 (m), y: 6.84 (m)[0m
[controller_server-28] [INFO] [controller_server]: Passing new path to controller.
[controller_server-28] [INFO] [controller_server]: Passing new path to controller.
[controller_server-28] [WARN] [controller_server]: Control loop missed its desired rate of 20.0000 Hz. Current loop rate is 333.3333 Hz.
[controller_server-28] [INFO] [controller_server]: Passing new path to controller.
[controller_server-28] [INFO] [controller_server]: Passing new path to controller.
[controller_server-28] [WARN] [controller_server]: Control loop missed its desired rate of 20.0000 Hz. Current loop rate is 500.0000 Hz.
[controller_server-28] [INFO] [controller_server]: Passing new path to controller.
[controller_server-28] [WARN] [controller_server]: Control loop missed its desired rate of 20.0000 Hz. Current loop rate is 500.0000 Hz.
[barn_runner.py-27] [0m[INFO] [BARN_Runner]: Time: 90.25 (s), x: -2.66 (m), y: 7.08 (m)[0m
[controller_server-28] [INFO] [controller_server]: Passing new path to controller.
[controller_server-28] [INFO] [controller_server]: Passing new path to controller.
[controller_server-28] [WARN] [controller_server]: Control loop missed its desired rate of 20.0000 Hz. Current loop rate is inf Hz.
[controller_server-28] [WARN] [controller_server]: Control loop missed its desired rate of 20.0000 Hz. Current loop rate is 333.3333 Hz.
[controller_server-28] [INFO] [controller_server]: Passing new path to controller.
[controller_server-28] [WARN] [controller_server]: Control loop missed its desired rate of 20.0000 Hz. Current loop rate is 333.3333 Hz.
[controller_server-28] [INFO] [controller_server]: Passing new path to controller.
[controller_server-28] [WARN] [controller_server]: Control loop missed its desired rate of 20.0000 Hz. Current loop rate is 250.0000 Hz.
[controller_server-28] [WARN] [controller_server]: Control loop missed its desired rate of 20.0000 Hz. Current loop rate is 333.3333 Hz.
[controller_server-28] [INFO] [controller_server]: Passing new path to controller.
[barn_runner.py-27] [0m[INFO] [BARN_Runner]: Time: 95.26 (s), x: -2.65 (m), y: 7.33 (m)[0m
[controller_server-28] [INFO] [controller_server]: Passing new path to controller.
[controller_server-28] [WARN] [controller_server]: Control loop missed its desired rate of 20.0000 Hz. Current loop rate is 250.0000 Hz.
[controller_server-28] [INFO] [controller_server]: Passing new path to controller.
[controller_server-28] [WARN] [controller_server]: Control loop missed its desired rate of 20.0000 Hz. Current loop rate is 333.3333 Hz.
[controller_server-28] [INFO] [controller_server]: Passing new path to controller.
[controller_server-28] [WARN] [controller_server]: Control loop missed its desired rate of 20.0000 Hz. Current loop rate is 250.0000 Hz.
[controller_server-28] [WARN] [controller_server]: Control loop missed its desired rate of 20.0000 Hz. Current loop rate is 333.3333 Hz.
[controller_server-28] [INFO] [controller_server]: Passing new path to controller.
[controller_server-28] [INFO] [controller_server]: Passing new path to controller.
[barn_runner.py-27] [0m[INFO] [BARN_Runner]: Time: 100.27 (s), x: -2.63 (m), y: 7.55 (m)[0m
[controller_server-28] [WARN] [controller_server]: Control loop missed its desired rate of 20.0000 Hz. Current loop rate is 166.6667 Hz.
[controller_server-28] [WARN] [controller_server]: Control loop missed its desired rate of 20.0000 Hz. Current loop rate is 250.0000 Hz.
[controller_server-28] [INFO] [controller_server]: Passing new path to controller.
[controller_server-28] [INFO] [controller_server]: Passing new path to controller.
[controller_server-28] [INFO] [controller_server]: Passing new path to controller.
[controller_server-28] [INFO] [controller_server]: Passing new path to controller.
[controller_server-28] [INFO] [controller_server]: Passing new path to controller.
[barn_runner.py-27] [0m[INFO] [BARN_Runner]: Time: 105.28 (s), x: -2.59 (m), y: 7.76 (m)[0m
[controller_server-28] [WARN] [controller_server]: Control loop missed its desired rate of 20.0000 Hz. Current loop rate is 1000.0000 Hz.
[controller_server-28] [INFO] [controller_server]: Passing new path to controller.
[controller_server-28] [WARN] [controller_server]: Control loop missed its desired rate of 20.0000 Hz. Current loop rate is 333.3333 Hz.
[controller_server-28] [INFO] [controller_server]: Passing new path to controller.
[controller_server-28] [WARN] [controller_server]: Control loop missed its desired rate of 20.0000 Hz. Current loop rate is 200.0000 Hz.
[controller_server-28] [INFO] [controller_server]: Passing new path to controller.
[controller_server-28] [WARN] [controller_server]: Control loop missed its desired rate of 20.0000 Hz. Current loop rate is 500.0000 Hz.
[controller_server-28] [WARN] [controller_server]: Control loop missed its desired rate of 20.0000 Hz. Current loop rate is 1000.0000 Hz.
[controller_server-28] [INFO] [controller_server]: Passing new path to controller.
[controller_server-28] [WARN] [controller_server]: Control loop missed its desired rate of 20.0000 Hz. Current loop rate is 500.0000 Hz.
[controller_server-28] [WARN] [controller_server]: Control loop missed its desired rate of 20.0000 Hz. Current loop rate is 166.6667 Hz.
[controller_server-28] [WARN] [controller_server]: Control loop missed its desired rate of 20.0000 Hz. Current loop rate is inf Hz.
[barn_runner.py-27] [0m[INFO] [BARN_Runner]: Time: 110.27 (s), x: -2.53 (m), y: 7.95 (m)[0m
[controller_server-28] [INFO] [controller_server]: Passing new path to controller.
[controller_server-28] [WARN] [controller_server]: Control loop missed its desired rate of 20.0000 Hz. Current loop rate is 1000.0000 Hz.
[controller_server-28] [INFO] [controller_server]: Passing new path to controller.
[controller_server-28] [WARN] [controller_server]: Control loop missed its desired rate of 20.0000 Hz. Current loop rate is 500.0000 Hz.
[controller_server-28] [INFO] [controller_server]: Passing new path to controller.
[controller_server-28] [WARN] [controller_server]: Control loop missed its desired rate of 20.0000 Hz. Current loop rate is 250.0000 Hz.
[controller_server-28] [WARN] [controller_server]: Control loop missed its desired rate of 20.0000 Hz. Current loop rate is 500.0000 Hz.
[controller_server-28] [INFO] [controller_server]: Passing new path to controller.
[controller_server-28] [INFO] [controller_server]: Passing new path to controller.
[barn_runner.py-27] [0m[INFO] [BARN_Runner]: Time: 115.30 (s), x: -2.46 (m), y: 8.14 (m)[0m
[controller_server-28] [INFO] [controller_server]: Passing new path to controller.
[controller_server-28] [INFO] [controller_server]: Passing new path to controller.
[controller_server-28] [WARN] [controller_server]: Control loop missed its desired rate of 20.0000 Hz. Current loop rate is 250.0000 Hz.
[controller_server-28] [WARN] [controller_server]: Control loop missed its desired rate of 20.0000 Hz. Current loop rate is inf Hz.
[controller_server-28] [INFO] [controller_server]: Passing new path to controller.
[controller_server-28] [WARN] [controller_server]: Control loop missed its desired rate of 20.0000 Hz. Current loop rate is 500.0000 Hz.
[controller_server-28] [INFO] [controller_server]: Passing new path to controller.
[controller_server-28] [WARN] [controller_server]: Control loop missed its desired rate of 20.0000 Hz. Current loop rate is 500.0000 Hz.
[controller_server-28] [INFO] [controller_server]: Passing new path to controller.
[barn_runner.py-27] [0m[INFO] [BARN_Runner]: Time: 120.31 (s), x: -2.36 (m), y: 8.33 (m)[0m
[controller_server-28] [WARN] [controller_server]: Control loop missed its desired rate of 20.0000 Hz. Current loop rate is 1000.0000 Hz.
[controller_server-28] [INFO] [controller_server]: Passing new path to controller.
[controller_server-28] [WARN] [controller_server]: Control loop missed its desired rate of 20.0000 Hz. Current loop rate is 500.0000 Hz.
[controller_server-28] [WARN] [controller_server]: Control loop missed its desired rate of 20.0000 Hz. Current loop rate is inf Hz.
[controller_server-28] [INFO] [controller_server]: Passing new path to controller.
[controller_server-28] [WARN] [controller_server]: Control loop missed its desired rate of 20.0000 Hz. Current loop rate is 1000.0000 Hz.
[controller_server-28] [WARN] [controller_server]: Control loop missed its desired rate of 20.0000 Hz. Current loop rate is 500.0000 Hz.
[controller_server-28] [WARN] [controller_server]: Control loop missed its desired rate of 20.0000 Hz. Current loop rate is 500.0000 Hz.
[controller_server-28] [INFO] [controller_server]: Passing new path to controller.
[controller_server-28] [WARN] [controller_server]: Control loop missed its desired rate of 20.0000 Hz. Current loop rate is 1000.0000 Hz.
[controller_server-28] [WARN] [controller_server]: Control loop missed its desired rate of 20.0000 Hz. Current loop rate is 500.0000 Hz.
[controller_server-28] [WARN] [controller_server]: Control loop missed its desired rate of 20.0000 Hz. Current loop rate is 1000.0000 Hz.
[controller_server-28] [WARN] [controller_server]: Control loop missed its desired rate of 20.0000 Hz. Current loop rate is 333.3333 Hz.
[controller_server-28] [WARN] [controller_server]: Control loop missed its desired rate of 20.0000 Hz. Current loop rate is 500.0000 Hz.
[controller_server-28] [INFO] [controller_server]: Passing new path to controller.
[controller_server-28] [WARN] [controller_server]: Control loop missed its desired rate of 20.0000 Hz. Current loop rate is 1000.0000 Hz.
[controller_server-28] [INFO] [controller_server]: Passing new path to controller.
[barn_runner.py-27] [0m[INFO] [BARN_Runner]: Time: 125.33 (s), x: -2.26 (m), y: 8.50 (m)[0m
[controller_server-28] [INFO] [controller_server]: Passing new path to controller.
[controller_server-28] [WARN] [controller_server]: Control loop missed its desired rate of 20.0000 Hz. Current loop rate is 333.3333 Hz.
[controller_server-28] [INFO] [controller_server]: Passing new path to controller.
[controller_server-28] [WARN] [controller_server]: Control loop missed its desired rate of 20.0000 Hz. Current loop rate is 1000.0000 Hz.
[controller_server-28] [WARN] [controller_server]: Control loop missed its desired rate of 20.0000 Hz. Current loop rate is 500.0000 Hz.
[controller_server-28] [INFO] [controller_server]: Passing new path to controller.
[controller_server-28] [WARN] [controller_server]: Control loop missed its desired rate of 20.0000 Hz. Current loop rate is 333.3333 Hz.
[controller_server-28] [INFO] [controller_server]: Passing new path to controller.
[controller_server-28] [WARN] [controller_server]: Control loop missed its desired rate of 20.0000 Hz. Current loop rate is inf Hz.
[controller_server-28] [WARN] [controller_server]: Control loop missed its desired rate of 20.0000 Hz. Current loop rate is 1000.0000 Hz.
[controller_server-28] [INFO] [controller_server]: Passing new path to controller.
[barn_runner.py-27] [0m[INFO] [BARN_Runner]: Time: 130.34 (s), x: -2.12 (m), y: 8.72 (m)[0m
[controller_server-28] [WARN] [controller_server]: Control loop missed its desired rate of 20.0000 Hz. Current loop rate is 250.0000 Hz.
[controller_server-28] [WARN] [controller_server]: Control loop missed its desired rate of 20.0000 Hz. Current loop rate is 250.0000 Hz.
[controller_server-28] [WARN] [controller_server]: Control loop missed its desired rate of 20.0000 Hz. Current loop rate is 250.0000 Hz.
[controller_server-28] [INFO] [controller_server]: Passing new path to controller.
[controller_server-28] [INFO] [controller_server]: Passing new path to controller.
[controller_server-28] [INFO] [controller_server]: Passing new path to controller.
[controller_server-28] [INFO] [controller_server]: Passing new path to controller.
[controller_server-28] [INFO] [controller_server]: Passing new path to controller.
[barn_runner.py-27] [0m[INFO] [BARN_Runner]: Time: 135.35 (s), x: -2.01 (m), y: 8.93 (m)[0m
[controller_server-28] [WARN] [controller_server]: Control loop missed its desired rate of 20.0000 Hz. Current loop rate is 333.3333 Hz.
[controller_server-28] [INFO] [controller_server]: Passing new path to controller.
[controller_server-28] [WARN] [controller_server]: Control loop missed its desired rate of 20.0000 Hz. Current loop rate is 250.0000 Hz.
[controller_server-28] [INFO] [controller_server]: Passing new path to controller.
[controller_server-28] [WARN] [controller_server]: Control loop missed its desired rate of 20.0000 Hz. Current loop rate is 500.0000 Hz.
[controller_server-28] [WARN] [controller_server]: Control loop missed its desired rate of 20.0000 Hz. Current loop rate is 500.0000 Hz.
[controller_server-28] [INFO] [controller_server]: Passing new path to controller.
[controller_server-28] [WARN] [controller_server]: Control loop missed its desired rate of 20.0000 Hz. Current loop rate is 1000.0000 Hz.
[controller_server-28] [INFO] [controller_server]: Passing new path to controller.
[controller_server-28] [WARN] [controller_server]: Control loop missed its desired rate of 20.0000 Hz. Current loop rate is 333.3333 Hz.
[controller_server-28] [INFO] [controller_server]: Passing new path to controller.
[barn_runner.py-27] [0m[INFO] [BARN_Runner]: Time: 140.35 (s), x: -1.91 (m), y: 9.18 (m)[0m
[controller_server-28] [INFO] [controller_server]: Passing new path to controller.
[controller_server-28] [INFO] [controller_server]: Passing new path to controller.
[controller_server-28] [INFO] [controller_server]: Passing new path to controller.
[controller_server-28] [INFO] [controller_server]: Passing new path to controller.
[controller_server-28] [INFO] [controller_server]: Passing new path to controller.
[barn_runner.py-27] [0m[INFO] [BARN_Runner]: Time: 145.36 (s), x: -1.86 (m), y: 9.42 (m)[0m
[controller_server-28] [INFO] [controller_server]: Passing new path to controller.
[controller_server-28] [INFO] [controller_server]: Passing new path to controller.
[controller_server-28] [INFO] [controller_server]: Passing new path to controller.
[controller_server-28] [INFO] [controller_server]: Passing new path to controller.
[barn_runner.py-27] [0m[INFO] [BARN_Runner]: Time: 150.38 (s), x: -1.83 (m), y: 9.65 (m)[0m
[controller_server-28] [INFO] [controller_server]: Passing new path to controller.
[controller_server-28] [WARN] [controller_server]: Control loop missed its desired rate of 20.0000 Hz. Current loop rate is 1000.0000 Hz.
[controller_server-28] [WARN] [controller_server]: Control loop missed its desired rate of 20.0000 Hz. Current loop rate is 333.3333 Hz.
[controller_server-28] [INFO] [controller_server]: Passing new path to controller.
[controller_server-28] [INFO] [controller_server]: Passing new path to controller.
[controller_server-28] [INFO] [controller_server]: Passing new path to controller.
[controller_server-28] [INFO] [controller_server]: Passing new path to controller.
[barn_runner.py-27] [0m[INFO] [BARN_Runner]: Time: 155.39 (s), x: -1.82 (m), y: 9.89 (m)[0m
[controller_server-28] [INFO] [controller_server]: Passing new path to controller.
[controller_server-28] [INFO] [controller_server]: Passing new path to controller.
[controller_server-28] [WARN] [controller_server]: Control loop missed its desired rate of 20.0000 Hz. Current loop rate is 250.0000 Hz.
[controller_server-28] [INFO] [controller_server]: Passing new path to controller.
[controller_server-28] [INFO] [controller_server]: Passing new path to controller.
[controller_server-28] [INFO] [controller_server]: Passing new path to controller.
[barn_runner.py-27] [0m[INFO] [BARN_Runner]: Time: 160.41 (s), x: -1.81 (m), y: 10.13 (m)[0m
[controller_server-28] [INFO] [controller_server]: Passing new path to controller.
[controller_server-28] [INFO] [controller_server]: Passing new path to controller.
[controller_server-28] [INFO] [controller_server]: Passing new path to controller.
[controller_server-28] [INFO] [controller_server]: Passing new path to controller.
[controller_server-28] [INFO] [controller_server]: Passing new path to controller.
[barn_runner.py-27] [0m[INFO] [BARN_Runner]: Time: 165.42 (s), x: -1.80 (m), y: 10.35 (m)[0m
[controller_server-28] [INFO] [controller_server]: Passing new path to controller.
[controller_server-28] [INFO] [controller_server]: Passing new path to controller.
[controller_server-28] [INFO] [controller_server]: Passing new path to controller.
[controller_server-28] [INFO] [controller_server]: Passing new path to controller.
[controller_server-28] [WARN] [controller_server]: Control loop missed its desired rate of 20.0000 Hz. Current loop rate is 1000.0000 Hz.
[controller_server-28] [INFO] [controller_server]: Passing new path to controller.
[barn_runner.py-27] [0m[INFO] [BARN_Runner]: Time: 170.44 (s), x: -1.80 (m), y: 10.59 (m)[0m
[controller_server-28] [INFO] [controller_server]: Passing new path to controller.
[controller_server-28] [INFO] [controller_server]: Passing new path to controller.
[controller_server-28] [INFO] [controller_server]: Passing new path to controller.
[controller_server-28] [INFO] [controller_server]: Passing new path to controller.
[controller_server-28] [INFO] [controller_server]: Passing new path to controller.
[barn_runner.py-27] [0m[INFO] [BARN_Runner]: Time: 175.44 (s), x: -1.80 (m), y: 10.82 (m)[0m
[controller_server-28] [INFO] [controller_server]: Passing new path to controller.
[controller_server-28] [INFO] [controller_server]: Passing new path to controller.
[controller_server-28] [INFO] [controller_server]: Passing new path to controller.
[controller_server-28] [INFO] [controller_server]: Passing new path to controller.
[controller_server-28] [INFO] [controller_server]: Passing new path to controller.
[barn_runner.py-27] [0m[INFO] [BARN_Runner]: Time: 180.47 (s), x: -1.81 (m), y: 11.07 (m)[0m
[controller_server-28] [INFO] [controller_server]: Passing new path to controller.
[controller_server-28] [WARN] [controller_server]: Control loop missed its desired rate of 20.0000 Hz. Current loop rate is 250.0000 Hz.
[controller_server-28] [INFO] [controller_server]: Passing new path to controller.
[controller_server-28] [INFO] [controller_server]: Passing new path to controller.
[controller_server-28] [INFO] [controller_server]: Passing new path to controller.
[controller_server-28] [INFO] [controller_server]: Passing new path to controller.
[barn_runner.py-27] [0m[INFO] [BARN_Runner]: Time: 185.49 (s), x: -1.81 (m), y: 11.30 (m)[0m
[controller_server-28] [INFO] [controller_server]: Passing new path to controller.
[controller_server-28] [WARN] [controller_server]: Control loop missed its desired rate of 20.0000 Hz. Current loop rate is 1000.0000 Hz.
[controller_server-28] [INFO] [controller_server]: Passing new path to controller.
[controller_server-28] [INFO] [controller_server]: Passing new path to controller.
[controller_server-28] [INFO] [controller_server]: Passing new path to controller.
[controller_server-28] [INFO] [controller_server]: Passing new path to controller.
[barn_runner.py-27] [0m[INFO] [BARN_Runner]: Time: 190.50 (s), x: -1.82 (m), y: 11.51 (m)[0m
[controller_server-28] [INFO] [controller_server]: Passing new path to controller.
[controller_server-28] [WARN] [controller_server]: Control loop missed its desired rate of 20.0000 Hz. Current loop rate is 1000.0000 Hz.
[controller_server-28] [WARN] [controller_server]: Control loop missed its desired rate of 20.0000 Hz. Current loop rate is inf Hz.
[controller_server-28] [INFO] [controller_server]: Passing new path to controller.
[controller_server-28] [INFO] [controller_server]: Passing new path to controller.
[controller_server-28] [WARN] [controller_server]: Control loop missed its desired rate of 20.0000 Hz. Current loop rate is 1000.0000 Hz.
[controller_server-28] [WARN] [controller_server]: Control loop missed its desired rate of 20.0000 Hz. Current loop rate is 500.0000 Hz.
[controller_server-28] [INFO] [controller_server]: Passing new path to controller.
[controller_server-28] [WARN] [controller_server]: Control loop missed its desired rate of 20.0000 Hz. Current loop rate is 500.0000 Hz.
[controller_server-28] [WARN] [controller_server]: Control loop missed its desired rate of 20.0000 Hz. Current loop rate is 1000.0000 Hz.
[barn_runner.py-27] [0m[INFO] [BARN_Runner]: Time: 195.52 (s), x: -1.82 (m), y: 11.68 (m)[0m
[controller_server-28] [INFO] [controller_server]: Passing new path to controller.
[controller_server-28] [WARN] [controller_server]: Control loop missed its desired rate of 20.0000 Hz. Current loop rate is 1000.0000 Hz.
[controller_server-28] [WARN] [controller_server]: Control loop missed its desired rate of 20.0000 Hz. Current loop rate is 500.0000 Hz.
[controller_server-28] [INFO] [controller_server]: Passing new path to controller.
[controller_server-28] [INFO] [controller_server]: Passing new path to controller.
[controller_server-28] [WARN] [controller_server]: Control loop missed its desired rate of 20.0000 Hz. Current loop rate is 1000.0000 Hz.
[controller_server-28] [WARN] [controller_server]: Control loop missed its desired rate of 20.0000 Hz. Current loop rate is 250.0000 Hz.
[controller_server-28] [INFO] [controller_server]: Passing new path to controller.
[controller_server-28] [INFO] [controller_server]: Passing new path to controller.
[barn_runner.py-27] [0m[INFO] [BARN_Runner]: Time: 200.54 (s), x: -1.82 (m), y: 11.83 (m)[0m
[controller_server-28] [INFO] [controller_server]: Passing new path to controller.
[controller_server-28] [INFO] [controller_server]: Passing new path to controller.
[controller_server-28] [INFO] [controller_server]: Passing new path to controller.
[controller_server-28] [WARN] [controller_server]: Control loop missed its desired rate of 20.0000 Hz. Current loop rate is 333.3333 Hz.
[controller_server-28] [WARN] [controller_server]: Control loop missed its desired rate of 20.0000 Hz. Current loop rate is 1000.0000 Hz.
[controller_server-28] [INFO] [controller_server]: Passing new path to controller.
[controller_server-28] [WARN] [controller_server]: Control loop missed its desired rate of 20.0000 Hz. Current loop rate is 1000.0000 Hz.
[controller_server-28] [INFO] [controller_server]: Passing new path to controller.
[barn_runner.py-27] [0m[INFO] [BARN_Runner]: Time: 205.54 (s), x: -1.83 (m), y: 11.98 (m)[0m
[controller_server-28] [INFO] [controller_server]: Passing new path to controller.
[controller_server-28] [INFO] [controller_server]: Passing new path to controller.
[controller_server-28] [INFO] [controller_server]: Passing new path to controller.
[controller_server-28] [INFO] [controller_server]: Passing new path to controller.
[barn_runner.py-27] [0m[INFO] [BARN_Runner]: >>>>>>>>>>>>>>>>>> Test finished! <<<<<<<<<<<<<<<<<<[0m
[barn_runner.py-27] [0m[INFO] [BARN_Runner]: Navigation succeeded with time 209.1941 (s)[0m
[barn_runner.py-27] [0m[INFO] [BARN_Runner]: Navigation metric: 0.1250[0m
[barn_runner.py-27] [0m[INFO] [BARN_Runner]: ----------------------------------------------------[0m
[controller_server-28] [WARN] [controller_server]: Control loop missed its desired rate of 20.0000 Hz. Current loop rate is inf Hz.
[controller_server-28] [WARN] [controller_server]: Control loop missed its desired rate of 20.0000 Hz. Current loop rate is inf Hz.
[INFO] [barn_runner.py-27]: process has finished cleanly [pid 654506]
[INFO] [launch.user]: >>>>>>>>> Shutting down in 5 seconds...
[controller_server-28] [INFO] [controller_server]: Passing new path to controller.
[controller_server-28] [WARN] [controller_server]: Control loop missed its desired rate of 20.0000 Hz. Current loop rate is inf Hz.
[INFO] [launch]: process[barn_runner.py-27] was required: shutting down launched system
[INFO] [ros2-35]: sending signal 'SIGINT' to process[ros2-35]
[ERROR] [gazebo-1]: process has died [pid 653560, exit code -9, cmd 'ruby /opt/ros/jazzy/opt/gz_tools_vendor/bin/gz sim /home/student24/dissertation/barn_ros2/install/jackal_helper/share/jackal_helper/worlds/BARN/world_240.world -s -r -v 0 --gui-config /home/student24/dissertation/barn_ros2/install/jackal_helper/share/jackal_helper/config/gui.config --force-version 8'].
[INFO] [lifecycle_manager-34]: sending signal 'SIGINT' to process[lifecycle_manager-34]
[INFO] [pkill-36]: process started with pid [655129]
[ERROR] [pkill-36]: process has died [pid 655129, exit code -9, cmd 'pkill -9 -f 'gz sim''].
[INFO] [velocity_smoother-33]: sending signal 'SIGINT' to process[velocity_smoother-33]
[INFO] [bt_navigator-32]: sending signal 'SIGINT' to process[bt_navigator-32]
[INFO] [behavior_server-31]: sending signal 'SIGINT' to process[behavior_server-31]
[INFO] [planner_server-30]: sending signal 'SIGINT' to process[planner_server-30]
[INFO] [smoother_server-29]: sending signal 'SIGINT' to process[smoother_server-29]
[INFO] [controller_server-28]: sending signal 'SIGINT' to process[controller_server-28]
[INFO] [static_transform_publisher-25]: sending signal 'SIGINT' to process[static_transform_publisher-25]
[INFO] [parameter_bridge-24]: sending signal 'SIGINT' to process[parameter_bridge-24]
[INFO] [static_transform_publisher-23]: sending signal 'SIGINT' to process[static_transform_publisher-23]
[INFO] [parameter_bridge-22]: sending signal 'SIGINT' to process[parameter_bridge-22]
[INFO] [velocity_smoother-33]: process has finished cleanly [pid 654531]
[INFO] [static_transform_publisher-21]: sending signal 'SIGINT' to process[static_transform_publisher-21]
[INFO] [parameter_bridge-20]: sending signal 'SIGINT' to process[parameter_bridge-20]
[INFO] [parameter_bridge-19]: sending signal 'SIGINT' to process[parameter_bridge-19]
[INFO] [imu_filter_madgwick_node-18]: sending signal 'SIGINT' to process[imu_filter_madgwick_node-18]
[INFO] [parameter_bridge-17]: sending signal 'SIGINT' to process[parameter_bridge-17]
[INFO] [parameter_bridge-16]: sending signal 'SIGINT' to process[parameter_bridge-16]
[INFO] [parameter_bridge-15]: sending signal 'SIGINT' to process[parameter_bridge-15]
[INFO] [parameter_bridge-24]: process has finished cleanly [pid 653879]
[INFO] [teleop_node-14]: sending signal 'SIGINT' to process[teleop_node-14]
[INFO] [joy_linux_node-13]: sending signal 'SIGINT' to process[joy_linux_node-13]
[INFO] [static_transform_publisher-23]: process has finished cleanly [pid 653874]
[INFO] [smoother_server-29]: process has finished cleanly [pid 654527]
[INFO] [parameter_bridge-22]: process has finished cleanly [pid 653872]
[INFO] [twist_mux-12]: sending signal 'SIGINT' to process[twist_mux-12]
[INFO] [static_transform_publisher-21]: process has finished cleanly [pid 653871]
[INFO] [static_transform_publisher-25]: process has finished cleanly [pid 653889]
[INFO] [marker_server-11]: sending signal 'SIGINT' to process[marker_server-11]
[INFO] [ekf_node-10]: sending signal 'SIGINT' to process[ekf_node-10]
[INFO] [parameter_bridge-19]: process has finished cleanly [pid 653867]
[INFO] [lifecycle_manager-34]: process has finished cleanly [pid 654532]
[INFO] [robot_state_publisher-7]: sending signal 'SIGINT' to process[robot_state_publisher-7]
[INFO] [parameter_bridge-20]: process has finished cleanly [pid 653870]
[INFO] [parameter_bridge-2]: sending signal 'SIGINT' to process[parameter_bridge-2]
[ERROR] [ros2-35]: process has died [pid 654671, exit code 1, cmd 'ros2 action send_goal /navigate_to_pose nav2_msgs/action/NavigateToPose {pose: {header: {frame_id: odom}, pose: {orientation: {w: 1.0}, position: {x: 10, y: 0.0, z: 0.0}}}}'].
[INFO] [parameter_bridge-17]: process has finished cleanly [pid 653860]
[INFO] [parameter_bridge-16]: process has finished cleanly [pid 653859]
[INFO] [parameter_bridge-15]: process has finished cleanly [pid 653858]
[INFO] [teleop_node-14]: process has finished cleanly [pid 653857]
[controller_server-28] [INFO] [controller_server]: Cancellation was successful. Stopping the robot.
[controller_server-28] [INFO] [controller_server]: [follow_path] [ActionServer] Client requested to cancel the goal. Cancelling.
[bt_navigator-32] [INFO] [bt_navigator]: [navigate_to_pose] [ActionServer] Client requested to cancel the goal. Cancelling.
[bt_navigator-32] [INFO] [bt_navigator]: Goal canceled
[controller_server-28] [INFO] [controller_server]: Optimizer reset
[lifecycle_manager-34] [INFO] [rclcpp]: signal_handler(SIGINT/SIGTERM)
[lifecycle_manager-34] [INFO] [lifecycle_manager_navigation]: Running Nav2 LifecycleManager rcl preshutdown (lifecycle_manager_navigation)
[lifecycle_manager-34] [INFO] [lifecycle_manager_navigation]: [34m[1mTerminating bond timer...[0m[0m
[velocity_smoother-33] [INFO] [rclcpp]: signal_handler(SIGINT/SIGTERM)
[velocity_smoother-33] [INFO] [velocity_smoother]: Running Nav2 LifecycleNode rcl preshutdown (velocity_smoother)
[velocity_smoother-33] [INFO] [velocity_smoother]: Deactivating
[velocity_smoother-33] [INFO] [velocity_smoother]: Destroying bond (velocity_smoother) to lifecycle manager.
[velocity_smoother-33] [INFO] [velocity_smoother]: Cleaning up
[velocity_smoother-33] [INFO] [velocity_smoother]: Destroying bond (velocity_smoother) to lifecycle manager.
[ros2-35] Executor is already spinning
[velocity_smoother-33] [INFO] [velocity_smoother]: Destroying
[bt_navigator-32] [INFO] [rclcpp]: signal_handler(SIGINT/SIGTERM)
[bt_navigator-32] [INFO] [bt_navigator]: Running Nav2 LifecycleNode rcl preshutdown (bt_navigator)
[bt_navigator-32] [INFO] [bt_navigator]: Deactivating
[bt_navigator-32] [INFO] [bt_navigator]: Destroying bond (bt_navigator) to lifecycle manager.
[bt_navigator-32] [INFO] [bt_navigator]: Cleaning up
[behavior_server-31] [INFO] [rclcpp]: signal_handler(SIGINT/SIGTERM)
[behavior_server-31] [INFO] [behavior_server]: Running Nav2 LifecycleNode rcl preshutdown (behavior_server)
[behavior_server-31] [INFO] [behavior_server]: Deactivating
[behavior_server-31] [INFO] [behavior_server]: Destroying bond (behavior_server) to lifecycle manager.
[behavior_server-31] [INFO] [behavior_server]: Cleaning up
[planner_server-30] [INFO] [rclcpp]: signal_handler(SIGINT/SIGTERM)
[planner_server-30] [INFO] [planner_server]: Running Nav2 LifecycleNode rcl preshutdown (planner_server)
[planner_server-30] [INFO] [planner_server]: Deactivating
[planner_server-30] [INFO] [global_costmap.global_costmap]: Deactivating
[behavior_server-31] [INFO] [behavior_server]: Destroying bond (behavior_server) to lifecycle manager.
[smoother_server-29] [INFO] [rclcpp]: signal_handler(SIGINT/SIGTERM)
[smoother_server-29] [INFO] [smoother_server]: Running Nav2 LifecycleNode rcl preshutdown (smoother_server)
[smoother_server-29] [INFO] [smoother_server]: Deactivating
[smoother_server-29] [INFO] [smoother_server]: Destroying bond (smoother_server) to lifecycle manager.
[smoother_server-29] [INFO] [smoother_server]: Cleaning up
[controller_server-28] [INFO] [rclcpp]: signal_handler(SIGINT/SIGTERM)
[controller_server-28] [INFO] [controller_server]: Running Nav2 LifecycleNode rcl preshutdown (controller_server)
[controller_server-28] [INFO] [controller_server]: Deactivating
[controller_server-28] [INFO] [MPPIController]: Deactivated MPPI Controller: FollowPath
[controller_server-28] [INFO] [local_costmap.local_costmap]: Deactivating
[planner_server-30] [INFO] [planner_server]: Deactivating plugin GridBased of type NavfnPlanner
[planner_server-30] [INFO] [planner_server]: Destroying bond (planner_server) to lifecycle manager.
[planner_server-30] [INFO] [planner_server]: Cleaning up
[static_transform_publisher-25] [INFO] [rclcpp]: signal_handler(SIGINT/SIGTERM)
[smoother_server-29] [INFO] [smoother_server]: Destroying bond (smoother_server) to lifecycle manager.
[smoother_server-29] [INFO] [smoother_server]: Destroying
[parameter_bridge-24] [INFO] [rclcpp]: signal_handler(SIGINT/SIGTERM)
[lifecycle_manager-34] [INFO] [lifecycle_manager_navigation]: Destroying lifecycle_manager_navigation
[controller_server-28] [INFO] [controller_server]: Destroying bond (controller_server) to lifecycle manager.
[controller_server-28] [INFO] [controller_server]: Cleaning up
[static_transform_publisher-23] [INFO] [rclcpp]: signal_handler(SIGINT/SIGTERM)
[controller_server-28] [INFO] [MPPIController]: Cleaned up MPPI Controller: FollowPath
[controller_server-28] [INFO] [local_costmap.local_costmap]: Cleaning up
[parameter_bridge-22] [INFO] [rclcpp]: signal_handler(SIGINT/SIGTERM)
[static_transform_publisher-21] [INFO] [rclcpp]: signal_handler(SIGINT/SIGTERM)
[planner_server-30] [INFO] [global_costmap.global_costmap]: Cleaning up
[parameter_bridge-20] [INFO] [rclcpp]: signal_handler(SIGINT/SIGTERM)
[parameter_bridge-19] [INFO] [rclcpp]: signal_handler(SIGINT/SIGTERM)
[imu_filter_madgwick_node-18] [INFO] [rclcpp]: signal_handler(SIGINT/SIGTERM)
[parameter_bridge-17] [INFO] [rclcpp]: signal_handler(SIGINT/SIGTERM)
[planner_server-30] [INFO] [planner_server]: Cleaning up plugin GridBased of type NavfnPlanner
[planner_server-30] [INFO] [planner_server]: Destroying plugin GridBased of type NavfnPlanner
[behavior_server-31] [INFO] [behavior_server]: Destroying
[parameter_bridge-16] [INFO] [rclcpp]: signal_handler(SIGINT/SIGTERM)
[parameter_bridge-15] [INFO] [rclcpp]: signal_handler(SIGINT/SIGTERM)
[teleop_node-14] [INFO] [rclcpp]: signal_handler(SIGINT/SIGTERM)
[planner_server-30] [INFO] [planner_server]: Destroying bond (planner_server) to lifecycle manager.
[joy_linux_node-13] [INFO] [rclcpp]: signal_handler(SIGINT/SIGTERM)
[joy_linux_node-13] [INFO] [joy_node]: joy_node shut down.
[INFO] [imu_filter_madgwick_node-18]: process has finished cleanly [pid 653863]
[planner_server-30] [INFO] [global_costmap.global_costmap]: Destroying
[twist_mux-12] [INFO] [rclcpp]: signal_handler(SIGINT/SIGTERM)
[marker_server-11] [INFO] [rclcpp]: signal_handler(SIGINT/SIGTERM)
[controller_server-28] [INFO] [controller_server]: Destroying bond (controller_server) to lifecycle manager.
[ekf_node-10] [INFO] [rclcpp]: signal_handler(SIGINT/SIGTERM)
[INFO] [joy_linux_node-13]: process has finished cleanly [pid 653856]
[controller_server-28] [INFO] [local_costmap.local_costmap]: Destroying
[planner_server-30] [INFO] [planner_server]: Destroying
[robot_state_publisher-7] [INFO] [rclcpp]: signal_handler(SIGINT/SIGTERM)
[INFO] [behavior_server-31]: process has finished cleanly [pid 654529]
[controller_server-28] [INFO] [controller_server]: Destroying
[bt_navigator-32] [INFO] [bt_navigator]: Completed Cleaning up
[bt_navigator-32] [INFO] [bt_navigator]: Destroying bond (bt_navigator) to lifecycle manager.
[bt_navigator-32] [INFO] [bt_navigator]: Destroying
[INFO] [twist_mux-12]: process has finished cleanly [pid 653855]
[INFO] [marker_server-11]: process has finished cleanly [pid 653854]
[INFO] [robot_state_publisher-7]: process has finished cleanly [pid 653850]
[INFO] [ekf_node-10]: process has finished cleanly [pid 653853]
[INFO] [parameter_bridge-2]: process has finished cleanly [pid 653561]
[INFO] [planner_server-30]: process has finished cleanly [pid 654528]
[INFO] [controller_server-28]: process has finished cleanly [pid 654526]
[INFO] [bt_navigator-32]: process has finished cleanly [pid 654530]
